Component: ARM Compiler 5.06 update 5 (build 528) Tool: armlink [4d35e2]

==============================================================================

Section Cross References

    startup_stm32f103xb.o(RESET) refers to startup_stm32f103xb.o(STACK) for __initial_sp
    startup_stm32f103xb.o(RESET) refers to startup_stm32f103xb.o(.text) for Reset_Handler
    startup_stm32f103xb.o(RESET) refers to stm32f1xx_it.o(i.NMI_Handler) for NMI_Handler
    startup_stm32f103xb.o(RESET) refers to stm32f1xx_it.o(i.HardFault_Handler) for HardFault_Handler
    startup_stm32f103xb.o(RESET) refers to stm32f1xx_it.o(i.MemManage_Handler) for MemManage_Handler
    startup_stm32f103xb.o(RESET) refers to stm32f1xx_it.o(i.BusFault_Handler) for BusFault_Handler
    startup_stm32f103xb.o(RESET) refers to stm32f1xx_it.o(i.UsageFault_Handler) for UsageFault_Handler
    startup_stm32f103xb.o(RESET) refers to port.o(.emb_text) for SVC_Handler
    startup_stm32f103xb.o(RESET) refers to stm32f1xx_it.o(i.DebugMon_Handler) for DebugMon_Handler
    startup_stm32f103xb.o(RESET) refers to port.o(i.SysTick_Handler) for SysTick_Handler
    startup_stm32f103xb.o(RESET) refers to stm32f1xx_it.o(i.TIM4_IRQHandler) for TIM4_IRQHandler
    startup_stm32f103xb.o(RESET) refers to stm32f1xx_it.o(i.USART2_IRQHandler) for USART2_IRQHandler
    startup_stm32f103xb.o(RESET) refers to stm32f1xx_it.o(i.EXTI15_10_IRQHandler) for EXTI15_10_IRQHandler
    startup_stm32f103xb.o(.text) refers to system_stm32f1xx.o(i.SystemInit) for SystemInit
    startup_stm32f103xb.o(.text) refers to entry.o(.ARM.Collect$$$$00000000) for __main
    main.o(i.HAL_TIM_PeriodElapsedCallback) refers to stm32f1xx_hal.o(i.HAL_IncTick) for HAL_IncTick
    main.o(i.MX_ADC1_Init) refers to stm32f1xx_hal_adc.o(i.HAL_ADC_Init) for HAL_ADC_Init
    main.o(i.MX_ADC1_Init) refers to main.o(i.Error_Handler) for Error_Handler
    main.o(i.MX_ADC1_Init) refers to stm32f1xx_hal_adc.o(i.HAL_ADC_ConfigChannel) for HAL_ADC_ConfigChannel
    main.o(i.MX_ADC1_Init) refers to main.o(.bss) for hadc1
    main.o(i.MX_GPIO_Init) refers to stm32f1xx_hal_gpio.o(i.HAL_GPIO_WritePin) for HAL_GPIO_WritePin
    main.o(i.MX_GPIO_Init) refers to stm32f1xx_hal_gpio.o(i.HAL_GPIO_Init) for HAL_GPIO_Init
    main.o(i.MX_GPIO_Init) refers to stm32f1xx_hal_cortex.o(i.HAL_NVIC_SetPriority) for HAL_NVIC_SetPriority
    main.o(i.MX_GPIO_Init) refers to stm32f1xx_hal_cortex.o(i.HAL_NVIC_EnableIRQ) for HAL_NVIC_EnableIRQ
    main.o(i.MX_SPI2_Init) refers to stm32f1xx_hal_spi.o(i.HAL_SPI_Init) for HAL_SPI_Init
    main.o(i.MX_SPI2_Init) refers to main.o(i.Error_Handler) for Error_Handler
    main.o(i.MX_SPI2_Init) refers to main.o(.bss) for hspi2
    main.o(i.MX_TIM1_Init) refers to stm32f1xx_hal_tim.o(i.HAL_TIM_Base_Init) for HAL_TIM_Base_Init
    main.o(i.MX_TIM1_Init) refers to main.o(i.Error_Handler) for Error_Handler
    main.o(i.MX_TIM1_Init) refers to stm32f1xx_hal_tim.o(i.HAL_TIM_ConfigClockSource) for HAL_TIM_ConfigClockSource
    main.o(i.MX_TIM1_Init) refers to stm32f1xx_hal_tim_ex.o(i.HAL_TIMEx_MasterConfigSynchronization) for HAL_TIMEx_MasterConfigSynchronization
    main.o(i.MX_TIM1_Init) refers to main.o(.bss) for htim1
    main.o(i.MX_TIM2_Init) refers to memseta.o(.text) for __aeabi_memclr4
    main.o(i.MX_TIM2_Init) refers to stm32f1xx_hal_tim.o(i.HAL_TIM_Base_Init) for HAL_TIM_Base_Init
    main.o(i.MX_TIM2_Init) refers to main.o(i.Error_Handler) for Error_Handler
    main.o(i.MX_TIM2_Init) refers to stm32f1xx_hal_tim.o(i.HAL_TIM_ConfigClockSource) for HAL_TIM_ConfigClockSource
    main.o(i.MX_TIM2_Init) refers to stm32f1xx_hal_tim.o(i.HAL_TIM_PWM_Init) for HAL_TIM_PWM_Init
    main.o(i.MX_TIM2_Init) refers to stm32f1xx_hal_tim_ex.o(i.HAL_TIMEx_MasterConfigSynchronization) for HAL_TIMEx_MasterConfigSynchronization
    main.o(i.MX_TIM2_Init) refers to stm32f1xx_hal_tim.o(i.HAL_TIM_PWM_ConfigChannel) for HAL_TIM_PWM_ConfigChannel
    main.o(i.MX_TIM2_Init) refers to stm32f1xx_hal_msp.o(i.HAL_TIM_MspPostInit) for HAL_TIM_MspPostInit
    main.o(i.MX_TIM2_Init) refers to main.o(.bss) for htim2
    main.o(i.MX_TIM3_Init) refers to memseta.o(.text) for __aeabi_memclr4
    main.o(i.MX_TIM3_Init) refers to stm32f1xx_hal_tim.o(i.HAL_TIM_Base_Init) for HAL_TIM_Base_Init
    main.o(i.MX_TIM3_Init) refers to main.o(i.Error_Handler) for Error_Handler
    main.o(i.MX_TIM3_Init) refers to stm32f1xx_hal_tim.o(i.HAL_TIM_ConfigClockSource) for HAL_TIM_ConfigClockSource
    main.o(i.MX_TIM3_Init) refers to stm32f1xx_hal_tim.o(i.HAL_TIM_PWM_Init) for HAL_TIM_PWM_Init
    main.o(i.MX_TIM3_Init) refers to stm32f1xx_hal_tim_ex.o(i.HAL_TIMEx_MasterConfigSynchronization) for HAL_TIMEx_MasterConfigSynchronization
    main.o(i.MX_TIM3_Init) refers to stm32f1xx_hal_tim.o(i.HAL_TIM_PWM_ConfigChannel) for HAL_TIM_PWM_ConfigChannel
    main.o(i.MX_TIM3_Init) refers to stm32f1xx_hal_msp.o(i.HAL_TIM_MspPostInit) for HAL_TIM_MspPostInit
    main.o(i.MX_TIM3_Init) refers to main.o(.bss) for htim3
[...]
    DHT11_GetData                            0x080092b1   Thumb Code   112  dht11.o(i.DHT11_GetData)
    DHT11_Init                               0x08009321   Thumb Code    80  dht11.o(i.DHT11_Init)
    DHT11_OFF                                0x08009379   Thumb Code    10  dht11.o(i.DHT11_OFF)
    DHT11_R_Pin                              0x08009385   Thumb Code    24  dht11.o(i.DHT11_R_Pin)
    DHT11_ReadData                           0x080093a1   Thumb Code    58  dht11.o(i.DHT11_ReadData)
    DHT11_Run                                0x080093dd   Thumb Code   190  dht11.o(i.DHT11_Run)
    DHT11_Start                              0x080094a9   Thumb Code    34  dht11.o(i.DHT11_Start)
    DHT11_W_Pin                              0x080094cd   Thumb Code    30  dht11.o(i.DHT11_W_Pin)
    DHT11_Wait                               0x080094f1   Thumb Code    32  dht11.o(i.DHT11_Wait)
    DebugMon_Handler                         0x0800953d   Thumb Code     2  stm32f1xx_it.o(i.DebugMon_Handler)
    ESP01S_CLEAR_READ_BUFF                   0x08009541   Thumb Code    20  esp01s.o(i.ESP01S_CLEAR_READ_BUFF)
    ESP01S_ClearBuff                         0x0800955d   Thumb Code    14  esp01s.o(i.ESP01S_ClearBuff)
    ESP01S_Init                              0x08009571   Thumb Code   250  esp01s.o(i.ESP01S_Init)
    ESP01S_Printf                            0x080097d5   Thumb Code    62  esp01s.o(i.ESP01S_Printf)
    ESP01S_READ_RING_BUFFER                  0x08009819   Thumb Code    64  esp01s.o(i.ESP01S_READ_RING_BUFFER)
    ESP01S_RING_BUFFER_GET_DATA_LENGTH       0x08009869   Thumb Code    92  esp01s.o(i.ESP01S_RING_BUFFER_GET_DATA_LENGTH)
    ESP01S_RING_BUFFER_GET_IDLE_LENGTH       0x080098cd   Thumb Code    14  esp01s.o(i.ESP01S_RING_BUFFER_GET_IDLE_LENGTH)
    ESP01S_RING_BUFFER_Init                  0x080098dd   Thumb Code    24  esp01s.o(i.ESP01S_RING_BUFFER_Init)
    ESP01S_UART_Init                         0x08009901   Thumb Code    84  esp01s.o(i.ESP01S_UART_Init)
    ESP01S_WRITE_RING_BUFFER                 0x08009961   Thumb Code   130  esp01s.o(i.ESP01S_WRITE_RING_BUFFER)
    ESP01S_WaitAck                           0x080099ed   Thumb Code    60  esp01s.o(i.ESP01S_WaitAck)
    EXTI15_10_IRQHandler                     0x08009a31   Thumb Code    12  stm32f1xx_it.o(i.EXTI15_10_IRQHandler)
    Error_Handler                            0x08009a3d   Thumb Code     6  main.o(i.Error_Handler)
    HAL_ADCEx_Calibration_Start              0x08009a45   Thumb Code   278  stm32f1xx_hal_adc_ex.o(i.HAL_ADCEx_Calibration_Start)
    HAL_ADC_ConfigChannel                    0x08009b61   Thumb Code   338  stm32f1xx_hal_adc.o(i.HAL_ADC_ConfigChannel)
    HAL_ADC_ConvCpltCallback                 0x08009cc1   Thumb Code     2  stm32f1xx_hal_adc.o(i.HAL_ADC_ConvCpltCallback)
    HAL_ADC_ConvHalfCpltCallback             0x08009cc3   Thumb Code     2  stm32f1xx_hal_adc.o(i.HAL_ADC_ConvHalfCpltCallback)
    HAL_ADC_ErrorCallback                    0x08009cc5   Thumb Code     2  stm32f1xx_hal_adc.o(i.HAL_ADC_ErrorCallback)
    HAL_ADC_Init                             0x08009cc9   Thumb Code   314  stm32f1xx_hal_adc.o(i.HAL_ADC_Init)
    HAL_ADC_MspInit                          0x08009e0d   Thumb Code   154  stm32f1xx_hal_msp.o(i.HAL_ADC_MspInit)
    HAL_ADC_Start_DMA                        0x08009ebd   Thumb Code   362  stm32f1xx_hal_adc.o(i.HAL_ADC_Start_DMA)
    HAL_DMA_Abort                            0x0800a03d   Thumb Code    86  stm32f1xx_hal_dma.o(i.HAL_DMA_Abort)
    HAL_DMA_Abort_IT                         0x0800a095   Thumb Code   172  stm32f1xx_hal_dma.o(i.HAL_DMA_Abort_IT)
    HAL_DMA_Init                             0x0800a145   Thumb Code   100  stm32f1xx_hal_dma.o(i.HAL_DMA_Init)
    HAL_DMA_Start_IT                         0x0800a1ad   Thumb Code   156  stm32f1xx_hal_dma.o(i.HAL_DMA_Start_IT)
    HAL_Delay                                0x0800a249   Thumb Code    36  stm32f1xx_hal.o(i.HAL_Delay)
    HAL_GPIO_EXTI_Callback                   0x0800a271   Thumb Code    16  gpio_irq.o(i.HAL_GPIO_EXTI_Callback)
    HAL_GPIO_EXTI_IRQHandler                 0x0800a281   Thumb Code    24  stm32f1xx_hal_gpio.o(i.HAL_GPIO_EXTI_IRQHandler)
    HAL_GPIO_Init                            0x0800a29d   Thumb Code   766  stm32f1xx_hal_gpio.o(i.HAL_GPIO_Init)
    HAL_GPIO_ReadPin                         0x0800a5bd   Thumb Code    16  stm32f1xx_hal_gpio.o(i.HAL_GPIO_ReadPin)
    HAL_GPIO_WritePin                        0x0800a5cd   Thumb Code    12  stm32f1xx_hal_gpio.o(i.HAL_GPIO_WritePin)
    HAL_GetTick                              0x0800a5d9   Thumb Code     6  stm32f1xx_hal.o(i.HAL_GetTick)
    HAL_IncTick                              0x0800a5e5   Thumb Code    16  stm32f1xx_hal.o(i.HAL_IncTick)
    HAL_Init                                 0x0800a5fd   Thumb Code    34  stm32f1xx_hal.o(i.HAL_Init)
    HAL_InitTick                             0x0800a625   Thumb Code   158  stm32f1xx_hal_timebase_tim.o(i.HAL_InitTick)
    HAL_MspInit                              0x0800a6d9   Thumb Code    86  stm32f1xx_hal_msp.o(i.HAL_MspInit)
    HAL_NVIC_EnableIRQ                       0x0800a739   Thumb Code    32  stm32f1xx_hal_cortex.o(i.HAL_NVIC_EnableIRQ)
    HAL_NVIC_SetPriority                     0x0800a759   Thumb Code   124  stm32f1xx_hal_cortex.o(i.HAL_NVIC_SetPriority)
    HAL_NVIC_SetPriorityGrouping             0x0800a7d5   Thumb Code    32  stm32f1xx_hal_cortex.o(i.HAL_NVIC_SetPriorityGrouping)
    HAL_RCCEx_GetPeriphCLKFreq               0x0800a7fd   Thumb Code   232  stm32f1xx_hal_rcc_ex.o(i.HAL_RCCEx_GetPeriphCLKFreq)
    HAL_RCCEx_PeriphCLKConfig                0x0800a8f9   Thumb Code   290  stm32f1xx_hal_rcc_ex.o(i.HAL_RCCEx_PeriphCLKConfig)
    HAL_RCC_ClockConfig                      0x0800aa29   Thumb Code   376  stm32f1xx_hal_rcc.o(i.HAL_RCC_ClockConfig)
    HAL_RCC_GetClockConfig                   0x0800abb5   Thumb Code    58  stm32f1xx_hal_rcc.o(i.HAL_RCC_GetClockConfig)
    HAL_RCC_GetHCLKFreq                      0x0800abf9   Thumb Code     6  stm32f1xx_hal_rcc.o(i.HAL_RCC_GetHCLKFreq)
    HAL_RCC_GetPCLK1Freq                     0x0800ac05   Thumb Code    22  stm32f1xx_hal_rcc.o(i.HAL_RCC_GetPCLK1Freq)
    HAL_RCC_GetPCLK2Freq                     0x0800ac25   Thumb Code    22  stm32f1xx_hal_rcc.o(i.HAL_RCC_GetPCLK2Freq)
    HAL_RCC_GetSysClockFreq                  0x0800ac45   Thumb Code    92  stm32f1xx_hal_rcc.o(i.HAL_RCC_GetSysClockFreq)
    HAL_RCC_OscConfig                        0x0800acb5   Thumb Code  1114  stm32f1xx_hal_rcc.o(i.HAL_RCC_OscConfig)
    HAL_SPI_Init                             0x0800b119   Thumb Code   190  stm32f1xx_hal_spi.o(i.HAL_SPI_Init)
    HAL_SPI_MspInit                          0x0800b1d9   Thumb Code   124  stm32f1xx_hal_msp.o(i.HAL_SPI_MspInit)
    HAL_SPI_Receive                          0x0800b261   Thumb Code   382  stm32f1xx_hal_spi.o(i.HAL_SPI_Receive)
    HAL_SPI_Transmit                         0x0800b3df   Thumb Code   444  stm32f1xx_hal_spi.o(i.HAL_SPI_Transmit)
    HAL_SPI_TransmitReceive                  0x0800b59b   Thumb Code   576  stm32f1xx_hal_spi.o(i.HAL_SPI_TransmitReceive)
    HAL_TIMEx_BreakCallback                  0x0800b7db   Thumb Code     2  stm32f1xx_hal_tim_ex.o(i.HAL_TIMEx_BreakCallback)
    HAL_TIMEx_CommutCallback                 0x0800b7dd   Thumb Code     2  stm32f1xx_hal_tim_ex.o(i.HAL_TIMEx_CommutCallback)
    HAL_TIMEx_MasterConfigSynchronization    0x0800b7e1   Thumb Code   118  stm32f1xx_hal_tim_ex.o(i.HAL_TIMEx_MasterConfigSynchronization)
    HAL_TIM_Base_Init                        0x0800b865   Thumb Code   102  stm32f1xx_hal_tim.o(i.HAL_TIM_Base_Init)
    HAL_TIM_Base_MspInit                     0x0800b8cd   Thumb Code   112  stm32f1xx_hal_msp.o(i.HAL_TIM_Base_MspInit)
    HAL_TIM_Base_Start                       0x0800b949   Thumb Code    94  stm32f1xx_hal_tim.o(i.HAL_TIM_Base_Start)
    HAL_TIM_Base_Start_IT                    0x0800b9b5   Thumb Code   106  stm32f1xx_hal_tim.o(i.HAL_TIM_Base_Start_IT)
    HAL_TIM_ConfigClockSource                0x0800ba2d   Thumb Code   268  stm32f1xx_hal_tim.o(i.HAL_TIM_ConfigClockSource)
    HAL_TIM_IC_CaptureCallback               0x0800bb39   Thumb Code     2  stm32f1xx_hal_tim.o(i.HAL_TIM_IC_CaptureCallback)
    HAL_TIM_IRQHandler                       0x0800bb3b   Thumb Code   406  stm32f1xx_hal_tim.o(i.HAL_TIM_IRQHandler)
    HAL_TIM_MspPostInit                      0x0800bcd1   Thumb Code   172  stm32f1xx_hal_msp.o(i.HAL_TIM_MspPostInit)
    HAL_TIM_OC_DelayElapsedCallback          0x0800bd8d   Thumb Code     2  stm32f1xx_hal_tim.o(i.HAL_TIM_OC_DelayElapsedCallback)
    HAL_TIM_PWM_ConfigChannel                0x0800bd8f   Thumb Code   260  stm32f1xx_hal_tim.o(i.HAL_TIM_PWM_ConfigChannel)
    HAL_TIM_PWM_Init                         0x0800be93   Thumb Code   102  stm32f1xx_hal_tim.o(i.HAL_TIM_PWM_Init)
    HAL_TIM_PWM_MspInit                      0x0800bef9   Thumb Code     2  stm32f1xx_hal_tim.o(i.HAL_TIM_PWM_MspInit)
    HAL_TIM_PWM_PulseFinishedCallback        0x0800befb   Thumb Code     2  stm32f1xx_hal_tim.o(i.HAL_TIM_PWM_PulseFinishedCallback)
    HAL_TIM_PWM_Start                        0x0800befd   Thumb Code   198  stm32f1xx_hal_tim.o(i.HAL_TIM_PWM_Start)
    HAL_TIM_PeriodElapsedCallback            0x0800bfd1   Thumb Code    18  main.o(i.HAL_TIM_PeriodElapsedCallback)
    HAL_TIM_TriggerCallback                  0x0800bfe9   Thumb Code     2  stm32f1xx_hal_tim.o(i.HAL_TIM_TriggerCallback)
    HAL_UARTEx_ReceiveToIdle_DMA             0x0800bfeb   Thumb Code   114  stm32f1xx_hal_uart.o(i.HAL_UARTEx_ReceiveToIdle_DMA)
    HAL_UARTEx_RxEventCallback               0x0800c05d   Thumb Code    80  esp01s.o(i.HAL_UARTEx_RxEventCallback)
    HAL_UART_ErrorCallback                   0x0800c0e5   Thumb Code     2  stm32f1xx_hal_uart.o(i.HAL_UART_ErrorCallback)
    HAL_UART_IRQHandler                      0x0800c0e9   Thumb Code   736  stm32f1xx_hal_uart.o(i.HAL_UART_IRQHandler)
    HAL_UART_Init                            0x0800c3cd   Thumb Code   118  stm32f1xx_hal_uart.o(i.HAL_UART_Init)
    HAL_UART_MspInit                         0x0800c445   Thumb Code   294  stm32f1xx_hal_msp.o(i.HAL_UART_MspInit)
    HAL_UART_RxCpltCallback                  0x0800c585   Thumb Code     2  stm32f1xx_hal_uart.o(i.HAL_UART_RxCpltCallback)
    HAL_UART_RxHalfCpltCallback              0x0800c587   Thumb Code     2  stm32f1xx_hal_uart.o(i.HAL_UART_RxHalfCpltCallback)
    HAL_UART_Transmit                        0x0800c589   Thumb Code   178  stm32f1xx_hal_uart.o(i.HAL_UART_Transmit)
    HAL_UART_TxCpltCallback                  0x0800c63b   Thumb Code     2  stm32f1xx_hal_uart.o(i.HAL_UART_TxCpltCallback)
    HardFault_Handler                        0x0800c63d   Thumb Code     4  stm32f1xx_it.o(i.HardFault_Handler)
    IR_EXTI_Callback                         0x0800c641   Thumb Code   432  ir.o(i.IR_EXTI_Callback)
    IR_GetData                               0x0800c809   Thumb Code    22  ir.o(i.IR_GetData)
    IR_GetRepeatFlag                         0x0800c829   Thumb Code     6  ir.o(i.IR_GetRepeatFlag)
    IR_Init                                  0x0800c835   Thumb Code    10  ir.o(i.IR_Init)
    LightSensor_GetLight                     0x0800c845   Thumb Code    34  lightsensor.o(i.LightSensor_GetLight)
    MQTT_CONNECT                             0x0800c869   Thumb Code   190  mqtt.o(i.MQTT_CONNECT)
    MQTT_Clear_RecBuff                       0x0800cab1   Thumb Code    12  mqtt.o(i.MQTT_Clear_RecBuff)
    MQTT_GET_CONNECT_STATE                   0x0800cac1   Thumb Code     6  mqtt.o(i.MQTT_GET_CONNECT_STATE)
    MQTT_GET_DATA                            0x0800cacd   Thumb Code    60  mqtt.o(i.MQTT_GET_DATA)
    MQTT_GET_TemData                         0x0800cb15   Thumb Code    78  mqtt.o(i.MQTT_GET_TemData)
    MQTT_GET_VolumeData                      0x0800cb81   Thumb Code    82  mqtt.o(i.MQTT_GET_VolumeData)
    MQTT_Init                                0x0800cbf9   Thumb Code    72  mqtt.o(i.MQTT_Init)
    MQTT_SEND_DATA                           0x0800cc85   Thumb Code    26  mqtt.o(i.MQTT_SEND_DATA)
    MQTT_SEND_NORMAL_MODE_DATA               0x0800ccd1   Thumb Code    52  mqtt.o(i.MQTT_SEND_NORMAL_MODE_DATA)
    MQTT_SEND_SetMode_TemData                0x0800cd59   Thumb Code    32  mqtt.o(i.MQTT_SEND_SetMode_TemData)
    MQTT_SEND_SetMode_VolumeData             0x0800cdc1   Thumb Code    32  mqtt.o(i.MQTT_SEND_SetMode_VolumeData)
    MemManage_Handler                        0x0800d2ad   Thumb Code     4  stm32f1xx_it.o(i.MemManage_Handler)
    Motor_Init                               0x0800d2b1   Thumb Code    12  motor.o(i.Motor_Init)
    Motor_SetSpeed                           0x0800d2c1   Thumb Code   102  motor.o(i.Motor_SetSpeed)
    NMI_Handler                              0x0800d331   Thumb Code     4  stm32f1xx_it.o(i.NMI_Handler)
    OLED_Clear                               0x0800d335   Thumb Code    36  oled.o(i.OLED_Clear)
    OLED_ClearArea                           0x0800d35d   Thumb Code   140  oled.o(i.OLED_ClearArea)
    OLED_DrawCircle                          0x0800d3ed   Thumb Code   352  oled.o(i.OLED_DrawCircle)
    OLED_DrawPoint                           0x0800d54d   Thumb Code    76  oled.o(i.OLED_DrawPoint)
    OLED_I2C_SendByte                        0x0800d59d   Thumb Code    62  oled.o(i.OLED_I2C_SendByte)
    OLED_I2C_Start                           0x0800d5db   Thumb Code    28  oled.o(i.OLED_I2C_Start)
    OLED_I2C_Stop                            0x0800d5f7   Thumb Code    22  oled.o(i.OLED_I2C_Stop)
    OLED_Init                                0x0800d60d   Thumb Code   150  oled.o(i.OLED_Init)
    OLED_Printf                              0x0800d6a3   Thumb Code    50  oled.o(i.OLED_Printf)
    OLED_ReverseArea                         0x0800d6d5   Thumb Code   140  oled.o(i.OLED_ReverseArea)
    OLED_SetCursor                           0x0800d765   Thumb Code    34  oled.o(i.OLED_SetCursor)
    OLED_ShowChar                            0x0800d789   Thumb Code    74  oled.o(i.OLED_ShowChar)
    OLED_ShowImage                           0x0800d7dd   Thumb Code   248  oled.o(i.OLED_ShowImage)
    OLED_ShowString                          0x0800d8d9   Thumb Code   262  oled.o(i.OLED_ShowString)
    OLED_Update                              0x0800d9e9   Thumb Code    36  oled.o(i.OLED_Update)
    OLED_W_SCL                               0x0800da11   Thumb Code    18  oled.o(i.OLED_W_SCL)
    OLED_W_SDA                               0x0800da29   Thumb Code    18  oled.o(i.OLED_W_SDA)
    OLED_WriteCommand                        0x0800da41   Thumb Code    32  oled.o(i.OLED_WriteCommand)
    OLED_WriteData                           0x0800da61   Thumb Code    46  oled.o(i.OLED_WriteData)
    OTA_CHECK_NEW_APP                        0x0800da91   Thumb Code   150  ota.o(i.OTA_CHECK_NEW_APP)
    OTA_CLOSE_TOUC                           0x0800db81   Thumb Code    22  ota.o(i.OTA_CLOSE_TOUC)
    OTA_CheckUpdate                          0x0800db9d   Thumb Code    36  ota.o(i.OTA_CheckUpdate)
    OTA_DOWNLOAD_NEW_APP                     0x0800dbe5   Thumb Code   922  ota.o(i.OTA_DOWNLOAD_NEW_APP)
    OTA_EraseAppBlock                        0x0800e031   Thumb Code    38  ota.o(i.OTA_EraseAppBlock)
    OTA_GetNeedData                          0x0800e065   Thumb Code   274  ota.o(i.OTA_GetNeedData)
    OTA_Init                                 0x0800e2a9   Thumb Code    44  ota.o(i.OTA_Init)
    OTA_ReportVersion                        0x0800e311   Thumb Code   108  ota.o(i.OTA_ReportVersion)
    OTA_Reset                                0x0800e385   Thumb Code   286  ota.o(i.OTA_Reset)
    OTA_Run                                  0x0800e4cd   Thumb Code   456  ota.o(i.OTA_Run)
    OTA_TCP_CONNECT                          0x0800e7a9   Thumb Code   136  ota.o(i.OTA_TCP_CONNECT)
    OTA_TCP_DISCONNECT                       0x0800e92d   Thumb Code    50  ota.o(i.OTA_TCP_DISCONNECT)
    OTA_UserConfirm                          0x0800e9ad   Thumb Code   204  ota.o(i.OTA_UserConfirm)
    PostSleepProcessing                      0x0800eaa1   Thumb Code    34  freertos.o(i.PostSleepProcessing)
    PreSleepProcessing                       0x0800eac9   Thumb Code    64  freertos.o(i.PreSleepProcessing)
    Report_Version                           0x0800eb35   Thumb Code    98  ota.o(i.Report_Version)
    SysTick_Handler                          0x0800ed89   Thumb Code    46  port.o(i.SysTick_Handler)
    SystemClock_Config                       0x0800edbd   Thumb Code   110  main.o(i.SystemClock_Config)
    SystemInit                               0x0800ee2b   Thumb Code     2  system_stm32f1xx.o(i.SystemInit)
    TIM4_IRQHandler                          0x0800ee2d   Thumb Code    10  stm32f1xx_it.o(i.TIM4_IRQHandler)
    TIM_Base_SetConfig                       0x0800ee3d   Thumb Code   104  stm32f1xx_hal_tim.o(i.TIM_Base_SetConfig)
    TIM_CCxChannelCmd                        0x0800eeb1   Thumb Code    34  stm32f1xx_hal_tim.o(i.TIM_CCxChannelCmd)
    TIM_ETR_SetConfig                        0x0800eed3   Thumb Code    22  stm32f1xx_hal_tim.o(i.TIM_ETR_SetConfig)
    TIM_OC2_SetConfig                        0x0800ef5d   Thumb Code   100  stm32f1xx_hal_tim.o(i.TIM_OC2_SetConfig)
    UART_Start_Receive_DMA                   0x0800f4a9   Thumb Code   186  stm32f1xx_hal_uart.o(i.UART_Start_Receive_DMA)
    USART2_IRQHandler                        0x0800f665   Thumb Code    10  stm32f1xx_it.o(i.USART2_IRQHandler)
    UsageFault_Handler                       0x0800f675   Thumb Code     4  stm32f1xx_it.o(i.UsageFault_Handler)
    W25Q64_EraseSector                       0x0800f679   Thumb Code    56  w25q64.o(i.W25Q64_EraseSector)
    W25Q64_GetData                           0x0800f6b1   Thumb Code    22  w25q64.o(i.W25Q64_GetData)
    W25Q64_Init                              0x0800f6cd   Thumb Code    14  w25q64.o(i.W25Q64_Init)
    W25Q64_ReadPage                          0x0800f6e1   Thumb Code    74  w25q64.o(i.W25Q64_ReadPage)
    W25Q64_SendData                          0x0800f72d   Thumb Code    18  w25q64.o(i.W25Q64_SendData)
    W25Q64_Start                             0x0800f745   Thumb Code    16  w25q64.o(i.W25Q64_Start)
    W25Q64_Stop                              0x0800f759   Thumb Code    14  w25q64.o(i.W25Q64_Stop)
    W25Q64_WaitBusy                          0x0800f76d   Thumb Code    32  w25q64.o(i.W25Q64_WaitBusy)
    W25Q64_WriteEnable                       0x0800f78d   Thumb Code    18  w25q64.o(i.W25Q64_WriteEnable)
    W25Q64_WritePage                         0x0800f79f   Thumb Code    92  w25q64.o(i.W25Q64_WritePage)
    __0printf                                0x0800f7fd   Thumb Code    22  printfa.o(i.__0printf)
    __1printf                                0x0800f7fd   Thumb Code     0  printfa.o(i.__0printf)
    __2printf                                0x0800f7fd   Thumb Code     0  printfa.o(i.__0printf)
    __c89printf                              0x0800f7fd   Thumb Code     0  printfa.o(i.__0printf)
    printf                                   0x0800f7fd   Thumb Code     0  printfa.o(i.__0printf)
    __0vsnprintf                             0x0800f81d   Thumb Code    40  printfa.o(i.__0vsnprintf)
    __1vsnprintf                             0x0800f81d   Thumb Code     0  printfa.o(i.__0vsnprintf)
    __2vsnprintf                             0x0800f81d   Thumb Code     0  printfa.o(i.__0vsnprintf)
    __c89vsnprintf                           0x0800f81d   Thumb Code     0  printfa.o(i.__0vsnprintf)
    vsnprintf                                0x0800f81d   Thumb Code     0  printfa.o(i.__0vsnprintf)
    __0vsprintf                              0x0800f849   Thumb Code    30  printfa.o(i.__0vsprintf)
    __1vsprintf                              0x0800f849   Thumb Code     0  printfa.o(i.__0vsprintf)
    __2vsprintf                              0x0800f849   Thumb Code     0  printfa.o(i.__0vsprintf)
    __c89vsprintf                            0x0800f849   Thumb Code     0  printfa.o(i.__0vsprintf)
    vsprintf                                 0x0800f849   Thumb Code     0  printfa.o(i.__0vsprintf)
    __aeabi_errno_addr                       0x0800f8a5   Thumb Code     4  errno.o(i.__aeabi_errno_addr)
    __rt_errno_addr                          0x0800f8a5   Thumb Code     0  errno.o(i.__aeabi_errno_addr)
    __scatterload_copy                       0x0800f8bf   Thumb Code    14  handlers.o(i.__scatterload_copy)
    __scatterload_null                       0x0800f8cd   Thumb Code     2  handlers.o(i.__scatterload_null)
    __scatterload_zeroinit                   0x0800f8cf   Thumb Code    14  handlers.o(i.__scatterload_zeroinit)
    app_init                                 0x080101b1   Thumb Code   472  task_appinit.o(i.app_init)
    configureTimerForRunTimeStats            0x08010481   Thumb Code     2  freertos.o(i.configureTimerForRunTimeStats)
    eTaskConfirmSleepModeStatus              0x08010485   Thumb Code    42  tasks.o(i.eTaskConfirmSleepModeStatus)
    fputc                                    0x080104c1   Thumb Code    22  main.o(i.fputc)
    getRunTimeCounterValue                   0x080104dd   Thumb Code     4  freertos.o(i.getRunTimeCounterValue)
    get_length_lookup                        0x080104e1   Thumb Code    44  ota.o(i.get_length_lookup)
    main                                     0x0801050d   Thumb Code    98  main.o(i.main)
    mdelay                                   0x08010581   Thumb Code    24  driver_timer.o(i.mdelay)
    osKernelInitialize                       0x08010599   Thumb Code    58  cmsis_os2.o(i.osKernelInitialize)
    osKernelStart                            0x080105d9   Thumb Code    64  cmsis_os2.o(i.osKernelStart)
    pvPortMalloc                             0x080110d9   Thumb Code   296  heap_4.o(i.pvPortMalloc)
    pvTaskIncrementMutexHeldCount            0x08011215   Thumb Code    26  tasks.o(i.pvTaskIncrementMutexHeldCount)
    pxPortInitialiseStack                    0x08011235   Thumb Code    30  port.o(i.pxPortInitialiseStack)
    task_buzzer                              0x08011259   Thumb Code   192  task_buzzer.o(i.task_buzzer)
    task_colorled                            0x08011329   Thumb Code   198  task_colorled.o(i.task_colorled)
    task_dht11                               0x080113fd   Thumb Code    52  task_dht11.o(i.task_dht11)
    task_esp01s                              0x0801143d   Thumb Code   592  task_esp01s.o(i.task_esp01s)
    task_ir_rec                              0x080116d5   Thumb Code   334  task_ir_rec.o(i.task_ir_rec)
    task_lightsensor                         0x08011835   Thumb Code    50  task_lightsensor.o(i.task_lightsensor)
    task_motor                               0x08011875   Thumb Code   390  task_motor.o(i.task_motor)
    task_oled                                0x08011a25   Thumb Code  1906  task_oled.o(i.task_oled)
    task_w25q64                              0x08012219   Thumb Code   382  task_w25q64.o(i.task_w25q64)
    udelay                                   0x080123bd   Thumb Code    68  driver_timer.o(i.udelay)
    uxListRemove                             0x08012405   Thumb Code    40  list.o(i.uxListRemove)
    uxTaskResetEventItemValue                0x0801242d   Thumb Code    24  tasks.o(i.uxTaskResetEventItemValue)
    vApplicationGetIdleTaskMemory            0x08012449   Thumb Code    14  cmsis_os2.o(i.vApplicationGetIdleTaskMemory)
    vApplicationGetTimerTaskMemory           0x08012461   Thumb Code    16  cmsis_os2.o(i.vApplicationGetTimerTaskMemory)
    vApplicationIdleHook                     0x08012479   Thumb Code     2  freertos.o(i.vApplicationIdleHook)
    vListInitialise                          0x0801247b   Thumb Code    26  list.o(i.vListInitialise)
    vListInitialiseItem                      0x08012495   Thumb Code     6  list.o(i.vListInitialiseItem)
    vListInsert                              0x0801249b   Thumb Code    52  list.o(i.vListInsert)
    vListInsertEnd                           0x080124cf   Thumb Code    24  list.o(i.vListInsertEnd)
    vPortEnterCritical                       0x080124e9   Thumb Code    76  port.o(i.vPortEnterCritical)
    vPortExitCritical                        0x0801253d   Thumb Code    56  port.o(i.vPortExitCritical)
    vPortFree                                0x08012579   Thumb Code   140  heap_4.o(i.vPortFree)
    vPortSetupTimerInterrupt                 0x0801260d   Thumb Code    86  port.o(i.vPortSetupTimerInterrupt)
    vPortSuppressTicksAndSleep               0x08012675   Thumb Code   338  port.o(i.vPortSuppressTicksAndSleep)
    vPortValidateInterruptPriority           0x080127d5   Thumb Code   106  port.o(i.vPortValidateInterruptPriority)
    vQueueAddToRegistry                      0x0801284d   Thumb Code    38  queue.o(i.vQueueAddToRegistry)
    vQueueWaitForMessageRestricted           0x08012879   Thumb Code    74  queue.o(i.vQueueWaitForMessageRestricted)
    vTaskDelay                               0x080128c5   Thumb Code    82  tasks.o(i.vTaskDelay)
    vTaskInternalSetTimeOutState             0x08012921   Thumb Code    14  tasks.o(i.vTaskInternalSetTimeOutState)
    vTaskMissedYield                         0x08012939   Thumb Code     8  tasks.o(i.vTaskMissedYield)
    vTaskPlaceOnEventList                    0x08012945   Thumb Code    52  tasks.o(i.vTaskPlaceOnEventList)
    vTaskPlaceOnEventListRestricted          0x0801297d   Thumb Code    60  tasks.o(i.vTaskPlaceOnEventListRestricted)
    vTaskPlaceOnUnorderedEventList           0x080129bd   Thumb Code   100  tasks.o(i.vTaskPlaceOnUnorderedEventList)
    vTaskPriorityDisinheritAfterTimeout      0x08012a29   Thumb Code   194  tasks.o(i.vTaskPriorityDisinheritAfterTimeout)
    vTaskRemoveFromUnorderedEventList        0x08012af9   Thumb Code   140  tasks.o(i.vTaskRemoveFromUnorderedEventList)
    vTaskStartScheduler                      0x08012b99   Thumb Code   160  tasks.o(i.vTaskStartScheduler)
    vTaskStepTick                            0x08012c55   Thumb Code    56  tasks.o(i.vTaskStepTick)
    vTaskSuspendAll                          0x08012c95   Thumb Code    12  tasks.o(i.vTaskSuspendAll)
    vTaskSwitchContext                       0x08012ca5   Thumb Code   176  tasks.o(i.vTaskSwitchContext)
    xEventGroupCreate                        0x08012d71   Thumb Code    30  event_groups.o(i.xEventGroupCreate)
    xEventGroupSetBits                       0x08012d8f   Thumb Code   206  event_groups.o(i.xEventGroupSetBits)
    xEventGroupWaitBits                      0x08012e5d   Thumb Code   338  event_groups.o(i.xEventGroupWaitBits)
    xPortStartScheduler                      0x08012fb5   Thumb Code   228  port.o(i.xPortStartScheduler)
    xQueueCreateMutex                        0x080130ad   Thumb Code    34  queue.o(i.xQueueCreateMutex)
    xQueueGenericCreate                      0x080130cf   Thumb Code    94  queue.o(i.xQueueGenericCreate)
    xQueueGenericCreateStatic                0x0801312d   Thumb Code   222  queue.o(i.xQueueGenericCreateStatic)
    xQueueGenericReset                       0x0801320d   Thumb Code   146  queue.o(i.xQueueGenericReset)
    xQueueGenericSend                        0x080132a5   Thumb Code   420  queue.o(i.xQueueGenericSend)
    xQueueGenericSendFromISR                 0x0801344d   Thumb Code   248  queue.o(i.xQueueGenericSendFromISR)
    xQueueReceive                            0x08013545   Thumb Code   356  queue.o(i.xQueueReceive)
    xQueueSemaphoreTake                      0x080136ad   Thumb Code   434  queue.o(i.xQueueSemaphoreTake)
    xTaskCheckForTimeOut                     0x08013865   Thumb Code   132  tasks.o(i.xTaskCheckForTimeOut)
    xTaskCreate                              0x080138f1   Thumb Code   100  tasks.o(i.xTaskCreate)
    xTaskCreateStatic                        0x08013955   Thumb Code   184  tasks.o(i.xTaskCreateStatic)
    xTaskGenericNotify                       0x08013a0d   Thumb Code   244  tasks.o(i.xTaskGenericNotify)
    xTaskGetSchedulerState                   0x08013b11   Thumb Code    24  tasks.o(i.xTaskGetSchedulerState)
    xTaskGetTickCount                        0x08013b31   Thumb Code     6  tasks.o(i.xTaskGetTickCount)
    xTaskIncrementTick                       0x08013b3d   Thumb Code   280  tasks.o(i.xTaskIncrementTick)
    xTaskNotifyWait                          0x08013c81   Thumb Code   150  tasks.o(i.xTaskNotifyWait)
    xTaskPriorityDisinherit                  0x08013d21   Thumb Code   152  tasks.o(i.xTaskPriorityDisinherit)
    xTaskPriorityInherit                     0x08013dc5   Thumb Code   150  tasks.o(i.xTaskPriorityInherit)
    xTaskRemoveFromEventList                 0x08013e69   Thumb Code   130  tasks.o(i.xTaskRemoveFromEventList)
    xTaskResumeAll                           0x08013f05   Thumb Code   222  tasks.o(i.xTaskResumeAll)
    xTimerCreateTimerTask                    0x08014009   Thumb Code   100  timers.o(i.xTimerCreateTimerTask)
    xTimerGenericCommand                     0x08014081   Thumb Code   128  timers.o(i.xTimerGenericCommand)
    AHBPrescTable                            0x08014128   Data          16  system_stm32f1xx.o(.constdata)
    APBPrescTable                            0x08014138   Data           8  system_stm32f1xx.o(.constdata)
    OLED_F8x16                               0x08014140   Data        1520  oled_data.o(.constdata)
    OLED_F6x8                                0x08014730   Data         570  oled_data.o(.constdata)
    OLED_CF16x16                             0x0801496a   Data        1960  oled_data.o(.constdata)
    Diode                                    0x08015112   Data          32  oled_data.o(.constdata)
    WIFI                                     0x08015132   Data          32  oled_data.o(.constdata)
    Battery_75to100                          0x08015152   Data          32  oled_data.o(.constdata)
    Battery_50to75                           0x08015172   Data          32  oled_data.o(.constdata)
    Battery_25to50                           0x08015192   Data          32  oled_data.o(.constdata)
    Battery_0to25                            0x080151b2   Data          32  oled_data.o(.constdata)
    __ctype_table                            0x080151d2   Data         129  ctype_o.o(.constdata)
    Region$$Table$$Base                      0x08015644   Number         0  anon$$obj.o(Region$$Table)
    Region$$Table$$Limit                     0x08015664   Number         0  anon$$obj.o(Region$$Table)
    uwTick                                   0x20000000   Data           4  stm32f1xx_hal.o(.data)
    uwTickPrio                               0x20000004   Data           4  stm32f1xx_hal.o(.data)
    uwTickFreq                               0x20000008   Data           1  stm32f1xx_hal.o(.data)
    SystemCoreClock                          0x2000000c   Data           4  system_stm32f1xx.o(.data)
    pxCurrentTCB                             0x20000010   Data           4  tasks.o(.data)
    AD_Data                                  0x2000009c   Data           4  ad.o(.data)
    DHT11_TEMP_DATA                          0x200000a0   Data           5  dht11.o(.data)
    DHT11_HUM_DATA                           0x200000a5   Data           5  dht11.o(.data)
    IR_State                                 0x200000ab   Data           1  ir.o(.data)
    IR_Data                                  0x200000ac   Data           4  ir.o(.data)
    IR_RepeatFlag                            0x200000b0   Data           1  ir.o(.data)
    MQTT_ConnectState                        0x200000b3   Data           1  mqtt.o(.data)
    Write_Index                              0x200000b4   Data           2  esp01s.o(.data)
    Read_Index                               0x200000b6   Data           2  esp01s.o(.data)
    ESP01S_Data_Length                       0x200000b8   Data           2  esp01s.o(.data)
    ESP01S_PROTOCOL_FLAG                     0x200000ba   Data           1  esp01s.o(.data)
    ESP01S_REC_BUFF_FLAG                     0x200000bb   Data           1  esp01s.o(.data)
    OTA_State                                0x200000c0   Data           1  ota.o(.data)
    mcu_version_integer                      0x200000c2   Data           2  ota.o(.data)
    mcu_version_decimals                     0x200000c4   Data           2  ota.o(.data)
    target_version_integer                   0x200000c6   Data           2  ota.o(.data)
    target_version_decimals                  0x200000c8   Data           2  ota.o(.data)
    tid                                      0x200000cc   Data           4  ota.o(.data)
    target_version_size                      0x200000d0   Data           4  ota.o(.data)
    APP_RealGet_Size                         0x200000d4   Data           4  ota.o(.data)
    update_status                            0x200000d8   Data           1  ota.o(.data)
    OTA_LastTime                             0x200000e0   Data           8  ota.o(.data)
    OTA_UPDATE_STATE                         0x200000e8   Data           1  ota.o(.data)
    temp_mode                                0x200000e9   Data           1  ota.o(.data)
    OTA_ERR_FLAG                             0x200000ea   Data           1  ota.o(.data)
    g_TaskHandleBuzzer                       0x200000f0   Data           4  task_appinit.o(.data)
    g_TaskHandleOLED                         0x200000f4   Data           4  task_appinit.o(.data)
    g_TaskHandleColorLED                     0x200000f8   Data           4  task_appinit.o(.data)
    g_TaskHandleESP01S                       0x200000fc   Data           4  task_appinit.o(.data)
    g_xEventIR_Rec                           0x20000100   Data           4  task_appinit.o(.data)
    g_xEventESP01S                           0x20000104   Data           4  task_appinit.o(.data)
    g_xEventDHT11                            0x20000108   Data           4  task_appinit.o(.data)
    g_xEventLightSensor                      0x2000010c   Data           4  task_appinit.o(.data)
    g_xQueue_W25Q64_to_Motor                 0x20000110   Data           4  task_appinit.o(.data)
    g_xQueue_W25Q64_to_Buzzer                0x20000114   Data           4  task_appinit.o(.data)
    g_xQueue_W25Q64_to_OLED                  0x20000118   Data           4  task_appinit.o(.data)
    g_xQueue_W25Q64_to_ESP01S                0x2000011c   Data           4  task_appinit.o(.data)
    g_xQueue_OLED_to_W25Q64                  0x20000120   Data           4  task_appinit.o(.data)
    g_xQueue_ESP01S_to_W25Q64                0x20000124   Data           4  task_appinit.o(.data)
    g_xMutex_SystemMode                      0x20000128   Data           4  task_appinit.o(.data)
    g_xMutex_Set                             0x2000012c   Data           4  task_appinit.o(.data)
    System_Mode                              0x20000130   Data           1  task_appinit.o(.data)
    System_Data                              0x20000131   Data           3  task_appinit.o(.data)
    MQTT_CONNECT_FLAG                        0x20000134   Data           1  task_appinit.o(.data)
    temp                                     0x20000135   Data           3  task_appinit.o(.data)
    __stdout                                 0x20000138   Data           4  stdout.o(.data)
    hadc1                                    0x20000140   Data          48  main.o(.bss)
    hdma_adc1                                0x20000170   Data          68  main.o(.bss)
    hspi2                                    0x200001b4   Data          88  main.o(.bss)
    htim1                                    0x2000020c   Data          72  main.o(.bss)
    htim2                                    0x20000254   Data          72  main.o(.bss)
    htim3                                    0x2000029c   Data          72  main.o(.bss)
    huart1                                   0x200002e4   Data          72  main.o(.bss)
    huart2                                   0x2000032c   Data          72  main.o(.bss)
    hdma_usart2_rx                           0x20000374   Data          68  main.o(.bss)
    htim4                                    0x200003b8   Data          72  stm32f1xx_hal_timebase_tim.o(.bss)
    xQueueRegistry                           0x20000400   Data          64  queue.o(.bss)
    OLED_DisplayBuf                          0x20002edc   Data        1024  oled.o(.bss)
    ESP01S_REC_RING_BUFF                     0x200032dc   Data        2048  esp01s.o(.bss)
    ESP01S_REC_BUFF                          0x20003adc   Data        1536  esp01s.o(.bss)
    ESP01S_READ_BUFF                         0x200040dc   Data         512  esp01s.o(.bss)
    ESP01S_MQTT_REC_BUFF                     0x200042dc   Data         128  esp01s.o(.bss)
    OTA_NEW_APP_BUFF                         0x2000435c   Data        1280  ota.o(.bss)
    __initial_sp                             0x20004c60   Data           0  startup_stm32f103xb.o(STACK)



==============================================================================

Memory Map of the image

  Image Entry point : 0x080080ed

  Load Region LR_IROM1 (Base: 0x08008000, Size: 0x0000d7a4, Max: 0x00018000, ABSOLUTE, COMPRESSED[0x0000d67c])

    Execution Region ER_IROM1 (Exec base: 0x08008000, Load base: 0x08008000, Size: 0x0000d664, Max: 0x00018000, ABSOLUTE)

    Exec Addr    Load Addr    Size         Type   Attr      Idx    E Section Name        Object

    0x08008000   0x08008000   0x000000ec   Data   RO            3    RESET               startup_stm32f103xb.o
    0x080080ec   0x080080ec   0x00000000   Code   RO         6741  * .ARM.Collect$$$$00000000  mc_w.l(entry.o)
    0x080080ec   0x080080ec   0x00000004   Code   RO         7084    .ARM.Collect$$$$00000001  mc_w.l(entry2.o)
    0x080080f0   0x080080f0   0x00000004   Code   RO         7087    .ARM.Collect$$$$00000004  mc_w.l(entry5.o)
    0x080080f4   0x080080f4   0x00000000   Code   RO         7089    .ARM.Collect$$$$00000008  mc_w.l(entry7b.o)
    0x080080f4   0x080080f4   0x00000000   Code   RO         7091    .ARM.Collect$$$$0000000A  mc_w.l(entry8b.o)
    0x080080f4   0x080080f4   0x00000008   Code   RO         7092    .ARM.Collect$$$$0000000B  mc_w.l(entry9a.o)
    0x080080fc   0x080080fc   0x00000000   Code   RO         7094    .ARM.Collect$$$$0000000D  mc_w.l(entry10a.o)
    0x080080fc   0x080080fc   0x00000000   Code   RO         7096    .ARM.Collect$$$$0000000F  mc_w.l(entry11a.o)
    0x080080fc   0x080080fc   0x00000004   Code   RO         7085    .ARM.Collect$$$$00002712  mc_w.l(entry2.o)
    0x08008100   0x08008100   0x00000096   Code   RO         5243    .emb_text           port.o
    0x08008196   0x08008196   0x00000002   PAD
    0x08008198   0x08008198   0x00000024   Code   RO            4    .text               startup_stm32f103xb.o
    0x080081bc   0x080081bc   0x00000062   Code   RO         6744    .text               mc_w.l(uldiv.o)
    0x0800821e   0x0800821e   0x00000020   Code   RO         6746    .text               mc_w.l(llushr.o)
    0x0800823e   0x0800823e   0x00000024   Code   RO         6748    .text               mc_w.l(memcpya.o)
    0x08008262   0x08008262   0x00000024   Code   RO         6752    .text               mc_w.l(memseta.o)
    0x08008286   0x08008286   0x00000024   Code   RO         6754    .text               mc_w.l(strstr.o)
    0x080082aa   0x080082aa   0x0000000e   Code   RO         6756    .text               mc_w.l(strlen.o)
    0x080082b8   0x080082b8   0x0000001c   Code   RO         6758    .text               mc_w.l(strcmp.o)
    0x080082d4   0x080082d4   0x00000038   Code   RO         7025    .text               mc_w.l(__0sscanf.o)
    0x0800830c   0x0800830c   0x0000014c   Code   RO         7027    .text               mc_w.l(_scanf_int.o)
    0x08008458   0x08008458   0x0000001a   Code   RO         7029    .text               mc_w.l(atoi.o)
    0x08008472   0x08008472   0x0000014e   Code   RO         7033    .text               mf_w.l(dadd.o)
    0x080085c0   0x080085c0   0x000000e4   Code   RO         7035    .text               mf_w.l(dmul.o)
    0x080086a4   0x080086a4   0x000000de   Code   RO         7037    .text               mf_w.l(ddiv.o)
    0x08008782   0x08008782   0x00000022   Code   RO         7041    .text               mf_w.l(dflti.o)
    0x080087a4   0x080087a4   0x0000001a   Code   RO         7043    .text               mf_w.l(dfltui.o)
    0x080087be   0x080087be   0x00000032   Code   RO         7047    .text               mf_w.l(dfixui.o)
    0x080087f0   0x080087f0   0x00000026   Code   RO         7049    .text               mf_w.l(f2d.o)
    0x08008816   0x08008816   0x00000002   PAD
    0x08008818   0x08008818   0x00000030   Code   RO         7051    .text               mf_w.l(cdcmple.o)
    0x08008848   0x08008848   0x00000030   Code   RO         7053    .text               mf_w.l(cdrcmple.o)
    0x08008878   0x08008878   0x00000038   Code   RO         7055    .text               mf_w.l(d2f.o)
    0x080088b0   0x080088b0   0x0000002c   Code   RO         7099    .text               mc_w.l(uidiv.o)
    0x080088dc   0x080088dc   0x0000001e   Code   RO         7101    .text               mc_w.l(llshl.o)
    0x080088fa   0x080088fa   0x00000024   Code   RO         7103    .text               mc_w.l(llsshr.o)
    0x0800891e   0x0800891e   0x0000001c   Code   RO         7112    .text               mc_w.l(_chval.o)
    0x0800893a   0x0800893a   0x00000002   PAD
    0x0800893c   0x0800893c   0x00000028   Code   RO         7114    .text               mc_w.l(scanf_char.o)
    0x08008964   0x08008964   0x00000040   Code   RO         7116    .text               mc_w.l(_sgetc.o)
    0x080089a4   0x080089a4   0x00000070   Code   RO         7118    .text               mc_w.l(strtol.o)
    0x08008a14   0x08008a14   0x00000000   Code   RO         7120    .text               mc_w.l(iusefp.o)
    0x08008a14   0x08008a14   0x0000006e   Code   RO         7121    .text               mf_w.l(fepilogue.o)
    0x08008a82   0x08008a82   0x000000ba   Code   RO         7123    .text               mf_w.l(depilogue.o)
    0x08008b3c   0x08008b3c   0x00000030   Code   RO         7127    .text               mf_w.l(dfixul.o)
    0x08008b6c   0x08008b6c   0x00000024   Code   RO         7133    .text               mc_w.l(init.o)
    0x08008b90   0x08008b90   0x00000008   Code   RO         7137    .text               mc_w.l(ctype_o.o)
    0x08008b98   0x08008b98   0x00000012   Code   RO         7159    .text               mc_w.l(isspace_o.o)
    0x08008baa   0x08008baa   0x00000002   PAD
    0x08008bac   0x08008bac   0x0000032c   Code   RO         7165    .text               mc_w.l(_scanf.o)
    0x08008ed8   0x08008ed8   0x0000009e   Code   RO         7167    .text               mc_w.l(_strtoul.o)
    0x08008f76   0x08008f76   0x0000003a   Code   RO         7182    .text               mc_w.l(__dczerorl.o)
    0x08008fb0   0x08008fb0   0x0000005c   Code   RO          623    i.ADC_ConversionStop_Disable  stm32f1xx_hal_adc.o
    0x0800900c   0x0800900c   0x00000052   Code   RO          624    i.ADC_DMAConvCplt   stm32f1xx_hal_adc.o
    0x0800905e   0x0800905e   0x0000001e   Code   RO          625    i.ADC_DMAError      stm32f1xx_hal_adc.o
    0x0800907c   0x0800907c   0x0000000e   Code   RO          626    i.ADC_DMAHalfConvCplt  stm32f1xx_hal_adc.o
    0x0800908a   0x0800908a   0x00000002   PAD
    0x0800908c   0x0800908c   0x00000090   Code   RO          627    i.ADC_Enable        stm32f1xx_hal_adc.o
    0x0800911c   0x0800911c   0x00000010   Code   RO         5329    i.AD_GetNeedValue   ad.o
    0x0800912c   0x0800912c   0x0000001c   Code   RO         5330    i.AD_Init           ad.o
    0x08009148   0x08009148   0x00000014   Code   RO         5367    i.BUZZER_Init       buzzer.o
    0x0800915c   0x0800915c   0x00000038   Code   RO         5368    i.BUZZER_Music      buzzer.o
    0x08009194   0x08009194   0x0000000a   Code   RO         5369    i.BUZZER_OFF        buzzer.o
    0x0800919e   0x0800919e   0x00000002   PAD
    0x080091a0   0x080091a0   0x0000000c   Code   RO         5370    i.BUZZER_SetVolume  buzzer.o
    0x080091ac   0x080091ac   0x00000040   Code   RO         6124    i.Battery_GetVoltage  battery.o
    0x080091ec   0x080091ec   0x00000004   Code   RO          393    i.BusFault_Handler  stm32f1xx_it.o
    0x080091f0   0x080091f0   0x0000002e   Code   RO         5371    i.Buzzer_Alarm      buzzer.o
    0x0800921e   0x0800921e   0x0000002a   Code   RO         5372    i.Buzzer_HintVoice  buzzer.o
    0x08009248   0x08009248   0x00000024   Code   RO         5430    i.ColorLED_Alarm    colorled.o
    0x0800926c   0x0800926c   0x0000002c   Code   RO         5431    i.ColorLED_Init     colorled.o
    0x08009298   0x08009298   0x00000018   Code   RO         5433    i.ColorLED_SetColor  colorled.o
    0x080092b0   0x080092b0   0x00000070   Code   RO         5476    i.DHT11_GetData     dht11.o
    0x08009320   0x08009320   0x00000058   Code   RO         5477    i.DHT11_Init        dht11.o
    0x08009378   0x08009378   0x0000000a   Code   RO         5478    i.DHT11_OFF         dht11.o
    0x08009382   0x08009382   0x00000002   PAD
    0x08009384   0x08009384   0x0000001c   Code   RO         5479    i.DHT11_R_Pin       dht11.o
    0x080093a0   0x080093a0   0x0000003a   Code   RO         5480    i.DHT11_ReadData    dht11.o
    0x080093da   0x080093da   0x00000002   PAD
    0x080093dc   0x080093dc   0x000000cc   Code   RO         5481    i.DHT11_Run         dht11.o
    0x080094a8   0x080094a8   0x00000022   Code   RO         5482    i.DHT11_Start       dht11.o
    0x080094ca   0x080094ca   0x00000002   PAD
    0x080094cc   0x080094cc   0x00000024   Code   RO         5483    i.DHT11_W_Pin       dht11.o
    0x080094f0   0x080094f0   0x00000020   Code   RO         5484    i.DHT11_Wait        dht11.o
    0x08009510   0x08009510   0x0000002c   Code   RO         1284    i.DMA_SetConfig     stm32f1xx_hal_dma.o
    0x0800953c   0x0800953c   0x00000002   Code   RO          394    i.DebugMon_Handler  stm32f1xx_it.o
    0x0800953e   0x0800953e   0x00000002   PAD
    0x08009540   0x08009540   0x0000001c   Code   RO         6247    i.ESP01S_CLEAR_READ_BUFF  esp01s.o
    0x0800955c   0x0800955c   0x00000014   Code   RO         6248    i.ESP01S_ClearBuff  esp01s.o
    0x08009570   0x08009570   0x00000264   Code   RO         6250    i.ESP01S_Init       esp01s.o
    0x080097d4   0x080097d4   0x00000044   Code   RO         6251    i.ESP01S_Printf     esp01s.o
    0x08009818   0x08009818   0x00000050   Code   RO         6252    i.ESP01S_READ_RING_BUFFER  esp01s.o
    0x08009868   0x08009868   0x00000064   Code   RO         6253    i.ESP01S_RING_BUFFER_GET_DATA_LENGTH  esp01s.o
    0x080098cc   0x080098cc   0x0000000e   Code   RO         6254    i.ESP01S_RING_BUFFER_GET_IDLE_LENGTH  esp01s.o
    0x080098da   0x080098da   0x00000002   PAD
    0x080098dc   0x080098dc   0x00000024   Code   RO         6255    i.ESP01S_RING_BUFFER_Init  esp01s.o
    0x08009900   0x08009900   0x00000060   Code   RO         6256    i.ESP01S_UART_Init  esp01s.o
    0x08009960   0x08009960   0x0000008c   Code   RO         6257    i.ESP01S_WRITE_RING_BUFFER  esp01s.o
    0x080099ec   0x080099ec   0x00000044   Code   RO         6258    i.ESP01S_WaitAck    esp01s.o
    0x08009a30   0x08009a30   0x0000000c   Code   RO          395    i.EXTI15_10_IRQHandler  stm32f1xx_it.o
    0x08009a3c   0x08009a3c   0x00000006   Code   RO           13    i.Error_Handler     main.o
    0x08009a42   0x08009a42   0x00000002   PAD
    0x08009a44   0x08009a44   0x0000011c   Code   RO          803    i.HAL_ADCEx_Calibration_Start  stm32f1xx_hal_adc_ex.o
    0x08009b60   0x08009b60   0x00000160   Code   RO          629    i.HAL_ADC_ConfigChannel  stm32f1xx_hal_adc.o
    0x08009cc0   0x08009cc0   0x00000002   Code   RO          630    i.HAL_ADC_ConvCpltCallback  stm32f1xx_hal_adc.o
    0x08009cc2   0x08009cc2   0x00000002   Code   RO          631    i.HAL_ADC_ConvHalfCpltCallback  stm32f1xx_hal_adc.o
    0x08009cc4   0x08009cc4   0x00000002   Code   RO          633    i.HAL_ADC_ErrorCallback  stm32f1xx_hal_adc.o
    0x08009cc6   0x08009cc6   0x00000002   PAD
    0x08009cc8   0x08009cc8   0x00000144   Code   RO          638    i.HAL_ADC_Init      stm32f1xx_hal_adc.o
    0x08009e0c   0x08009e0c   0x000000b0   Code   RO          470    i.HAL_ADC_MspInit   stm32f1xx_hal_msp.o
    0x08009ebc   0x08009ebc   0x00000180   Code   RO          645    i.HAL_ADC_Start_DMA  stm32f1xx_hal_adc.o
    0x0800a03c   0x0800a03c   0x00000056   Code   RO         1285    i.HAL_DMA_Abort     stm32f1xx_hal_dma.o
    0x0800a092   0x0800a092   0x00000002   PAD
    0x0800a094   0x0800a094   0x000000b0   Code   RO         1286    i.HAL_DMA_Abort_IT  stm32f1xx_hal_dma.o
    0x0800a144   0x0800a144   0x00000068   Code   RO         1291    i.HAL_DMA_Init      stm32f1xx_hal_dma.o
    0x0800a1ac   0x0800a1ac   0x0000009c   Code   RO         1295    i.HAL_DMA_Start_IT  stm32f1xx_hal_dma.o
    0x0800a248   0x0800a248   0x00000028   Code   RO          906    i.HAL_Delay         stm32f1xx_hal.o
    0x0800a270   0x0800a270   0x00000010   Code   RO         5594    i.HAL_GPIO_EXTI_Callback  gpio_irq.o
    0x0800a280   0x0800a280   0x0000001c   Code   RO         1220    i.HAL_GPIO_EXTI_IRQHandler  stm32f1xx_hal_gpio.o
    0x0800a29c   0x0800a29c   0x00000320   Code   RO         1221    i.HAL_GPIO_Init     stm32f1xx_hal_gpio.o
    0x0800a5bc   0x0800a5bc   0x00000010   Code   RO         1223    i.HAL_GPIO_ReadPin  stm32f1xx_hal_gpio.o
    0x0800a5cc   0x0800a5cc   0x0000000c   Code   RO         1225    i.HAL_GPIO_WritePin  stm32f1xx_hal_gpio.o
    0x0800a5d8   0x0800a5d8   0x0000000c   Code   RO          910    i.HAL_GetTick       stm32f1xx_hal.o
    0x0800a5e4   0x0800a5e4   0x00000018   Code   RO          916    i.HAL_IncTick       stm32f1xx_hal.o
    0x0800a5fc   0x0800a5fc   0x00000028   Code   RO          917    i.HAL_Init          stm32f1xx_hal.o
    0x0800a624   0x0800a624   0x000000b4   Code   RO          548    i.HAL_InitTick      stm32f1xx_hal_timebase_tim.o
    0x0800a6d8   0x0800a6d8   0x00000060   Code   RO          471    i.HAL_MspInit       stm32f1xx_hal_msp.o
    0x0800a738   0x0800a738   0x00000020   Code   RO         1381    i.HAL_NVIC_EnableIRQ  stm32f1xx_hal_cortex.o
    0x0800a758   0x0800a758   0x0000007c   Code   RO         1387    i.HAL_NVIC_SetPriority  stm32f1xx_hal_cortex.o
    0x0800a7d4   0x0800a7d4   0x00000028   Code   RO         1388    i.HAL_NVIC_SetPriorityGrouping  stm32f1xx_hal_cortex.o
    0x0800a7fc   0x0800a7fc   0x000000fc   Code   RO         1182    i.HAL_RCCEx_GetPeriphCLKFreq  stm32f1xx_hal_rcc_ex.o
    0x0800a8f8   0x0800a8f8   0x00000130   Code   RO         1183    i.HAL_RCCEx_PeriphCLKConfig  stm32f1xx_hal_rcc_ex.o
    0x0800aa28   0x0800aa28   0x0000018c   Code   RO         1074    i.HAL_RCC_ClockConfig  stm32f1xx_hal_rcc.o
    0x0800abb4   0x0800abb4   0x00000044   Code   RO         1078    i.HAL_RCC_GetClockConfig  stm32f1xx_hal_rcc.o
    0x0800abf8   0x0800abf8   0x0000000c   Code   RO         1079    i.HAL_RCC_GetHCLKFreq  stm32f1xx_hal_rcc.o
    0x0800ac04   0x0800ac04   0x00000020   Code   RO         1081    i.HAL_RCC_GetPCLK1Freq  stm32f1xx_hal_rcc.o
    0x0800ac24   0x0800ac24   0x00000020   Code   RO         1082    i.HAL_RCC_GetPCLK2Freq  stm32f1xx_hal_rcc.o
    0x0800ac44   0x0800ac44   0x00000070   Code   RO         1083    i.HAL_RCC_GetSysClockFreq  stm32f1xx_hal_rcc.o
    0x0800acb4   0x0800acb4   0x00000464   Code   RO         1086    i.HAL_RCC_OscConfig  stm32f1xx_hal_rcc.o
    0x0800b118   0x0800b118   0x000000be   Code   RO         1918    i.HAL_SPI_Init      stm32f1xx_hal_spi.o
    0x0800b1d6   0x0800b1d6   0x00000002   PAD
    0x0800b1d8   0x0800b1d8   0x00000088   Code   RO          473    i.HAL_SPI_MspInit   stm32f1xx_hal_msp.o
    0x0800b260   0x0800b260   0x0000017e   Code   RO         1921    i.HAL_SPI_Receive   stm32f1xx_hal_spi.o
    0x0800b3de   0x0800b3de   0x000001bc   Code   RO         1926    i.HAL_SPI_Transmit  stm32f1xx_hal_spi.o
    0x0800b59a   0x0800b59a   0x00000240   Code   RO         1927    i.HAL_SPI_TransmitReceive  stm32f1xx_hal_spi.o
    0x0800b7da   0x0800b7da   0x00000002   Code   RO         2946    i.HAL_TIMEx_BreakCallback  stm32f1xx_hal_tim_ex.o
    0x0800b7dc   0x0800b7dc   0x00000002   Code   RO         2947    i.HAL_TIMEx_CommutCallback  stm32f1xx_hal_tim_ex.o
    0x0800b7de   0x0800b7de   0x00000002   PAD
    0x0800b7e0   0x0800b7e0   0x00000084   Code   RO         2965    i.HAL_TIMEx_MasterConfigSynchronization  stm32f1xx_hal_tim_ex.o
    0x0800b864   0x0800b864   0x00000066   Code   RO         2231    i.HAL_TIM_Base_Init  stm32f1xx_hal_tim.o
    0x0800b8ca   0x0800b8ca   0x00000002   PAD
    0x0800b8cc   0x0800b8cc   0x0000007c   Code   RO          475    i.HAL_TIM_Base_MspInit  stm32f1xx_hal_msp.o
    0x0800b948   0x0800b948   0x0000006c   Code   RO         2234    i.HAL_TIM_Base_Start  stm32f1xx_hal_tim.o
    0x0800b9b4   0x0800b9b4   0x00000078   Code   RO         2236    i.HAL_TIM_Base_Start_IT  stm32f1xx_hal_tim.o
    0x0800ba2c   0x0800ba2c   0x0000010c   Code   RO         2240    i.HAL_TIM_ConfigClockSource  stm32f1xx_hal_tim.o
    0x0800bb38   0x0800bb38   0x00000002   Code   RO         2265    i.HAL_TIM_IC_CaptureCallback  stm32f1xx_hal_tim.o
    0x0800bb3a   0x0800bb3a   0x00000196   Code   RO         2279    i.HAL_TIM_IRQHandler  stm32f1xx_hal_tim.o
    0x0800bcd0   0x0800bcd0   0x000000bc   Code   RO          476    i.HAL_TIM_MspPostInit  stm32f1xx_hal_msp.o
    0x0800bd8c   0x0800bd8c   0x00000002   Code   RO         2282    i.HAL_TIM_OC_DelayElapsedCallback  stm32f1xx_hal_tim.o
    0x0800bd8e   0x0800bd8e   0x00000104   Code   RO         2303    i.HAL_TIM_PWM_ConfigChannel  stm32f1xx_hal_tim.o
    0x0800be92   0x0800be92   0x00000066   Code   RO         2306    i.HAL_TIM_PWM_Init  stm32f1xx_hal_tim.o
    0x0800bef8   0x0800bef8   0x00000002   Code   RO         2308    i.HAL_TIM_PWM_MspInit  stm32f1xx_hal_tim.o
    0x0800befa   0x0800befa   0x00000002   Code   RO         2309    i.HAL_TIM_PWM_PulseFinishedCallback  stm32f1xx_hal_tim.o
    0x0800befc   0x0800befc   0x000000d4   Code   RO         2311    i.HAL_TIM_PWM_Start  stm32f1xx_hal_tim.o
    0x0800bfd0   0x0800bfd0   0x00000018   Code   RO           14    i.HAL_TIM_PeriodElapsedCallback  main.o
    0x0800bfe8   0x0800bfe8   0x00000002   Code   RO         2322    i.HAL_TIM_TriggerCallback  stm32f1xx_hal_tim.o
    0x0800bfea   0x0800bfea   0x00000072   Code   RO         3223    i.HAL_UARTEx_ReceiveToIdle_DMA  stm32f1xx_hal_uart.o
    0x0800c05c   0x0800c05c   0x00000088   Code   RO         6259    i.HAL_UARTEx_RxEventCallback  esp01s.o
    0x0800c0e4   0x0800c0e4   0x00000002   Code   RO         3239    i.HAL_UART_ErrorCallback  stm32f1xx_hal_uart.o
    0x0800c0e6   0x0800c0e6   0x00000002   PAD
    0x0800c0e8   0x0800c0e8   0x000002e4   Code   RO         3242    i.HAL_UART_IRQHandler  stm32f1xx_hal_uart.o
    0x0800c3cc   0x0800c3cc   0x00000076   Code   RO         3243    i.HAL_UART_Init     stm32f1xx_hal_uart.o
    0x0800c442   0x0800c442   0x00000002   PAD
    0x0800c444   0x0800c444   0x00000140   Code   RO          478    i.HAL_UART_MspInit  stm32f1xx_hal_msp.o
    0x0800c584   0x0800c584   0x00000002   Code   RO         3249    i.HAL_UART_RxCpltCallback  stm32f1xx_hal_uart.o
    0x0800c586   0x0800c586   0x00000002   Code   RO         3250    i.HAL_UART_RxHalfCpltCallback  stm32f1xx_hal_uart.o
    0x0800c588   0x0800c588   0x000000b2   Code   RO         3251    i.HAL_UART_Transmit  stm32f1xx_hal_uart.o
    0x0800c63a   0x0800c63a   0x00000002   Code   RO         3254    i.HAL_UART_TxCpltCallback  stm32f1xx_hal_uart.o
    0x0800c63c   0x0800c63c   0x00000004   Code   RO          396    i.HardFault_Handler  stm32f1xx_it.o
    0x0800c640   0x0800c640   0x000001c8   Code   RO         5645    i.IR_EXTI_Callback  ir.o
    0x0800c808   0x0800c808   0x00000020   Code   RO         5646    i.IR_GetData        ir.o
    0x0800c828   0x0800c828   0x0000000c   Code   RO         5647    i.IR_GetRepeatFlag  ir.o
    0x0800c834   0x0800c834   0x00000010   Code   RO         5648    i.IR_Init           ir.o
    0x0800c844   0x0800c844   0x00000022   Code   RO         5690    i.LightSensor_GetLight  lightsensor.o
    0x0800c866   0x0800c866   0x00000002   PAD
    0x0800c868   0x0800c868   0x00000248   Code   RO         6151    i.MQTT_CONNECT      mqtt.o
    0x0800cab0   0x0800cab0   0x00000010   Code   RO         6152    i.MQTT_Clear_RecBuff  mqtt.o
    0x0800cac0   0x0800cac0   0x0000000c   Code   RO         6153    i.MQTT_GET_CONNECT_STATE  mqtt.o
    0x0800cacc   0x0800cacc   0x00000048   Code   RO         6154    i.MQTT_GET_DATA     mqtt.o
    0x0800cb14   0x0800cb14   0x0000006c   Code   RO         6155    i.MQTT_GET_TemData  mqtt.o
    0x0800cb80   0x0800cb80   0x00000078   Code   RO         6156    i.MQTT_GET_VolumeData  mqtt.o
    0x0800cbf8   0x0800cbf8   0x0000008c   Code   RO         6157    i.MQTT_Init         mqtt.o
    0x0800cc84   0x0800cc84   0x0000004c   Code   RO         6158    i.MQTT_SEND_DATA    mqtt.o
    0x0800ccd0   0x0800ccd0   0x00000088   Code   RO         6159    i.MQTT_SEND_NORMAL_MODE_DATA  mqtt.o
    0x0800cd58   0x0800cd58   0x00000068   Code   RO         6160    i.MQTT_SEND_SetMode_TemData  mqtt.o
    0x0800cdc0   0x0800cdc0   0x00000068   Code   RO         6161    i.MQTT_SEND_SetMode_VolumeData  mqtt.o
    0x0800ce28   0x0800ce28   0x00000074   Code   RO           15    i.MX_ADC1_Init      main.o
    0x0800ce9c   0x0800ce9c   0x00000024   Code   RO           16    i.MX_DMA_Init       main.o
    0x0800cec0   0x0800cec0   0x00000148   Code   RO           17    i.MX_GPIO_Init      main.o
    0x0800d008   0x0800d008   0x00000044   Code   RO           18    i.MX_SPI2_Init      main.o
    0x0800d04c   0x0800d04c   0x00000070   Code   RO           19    i.MX_TIM1_Init      main.o
    0x0800d0bc   0x0800d0bc   0x000000a4   Code   RO           20    i.MX_TIM2_Init      main.o
    0x0800d160   0x0800d160   0x000000dc   Code   RO           21    i.MX_TIM3_Init      main.o
    0x0800d23c   0x0800d23c   0x00000038   Code   RO           22    i.MX_USART1_UART_Init  main.o
    0x0800d274   0x0800d274   0x00000038   Code   RO           23    i.MX_USART2_UART_Init  main.o
    0x0800d2ac   0x0800d2ac   0x00000004   Code   RO          397    i.MemManage_Handler  stm32f1xx_it.o
    0x0800d2b0   0x0800d2b0   0x00000010   Code   RO         5717    i.Motor_Init        motor.o
    0x0800d2c0   0x0800d2c0   0x00000070   Code   RO         5718    i.Motor_SetSpeed    motor.o
    0x0800d330   0x0800d330   0x00000004   Code   RO          398    i.NMI_Handler       stm32f1xx_it.o
    0x0800d334   0x0800d334   0x00000028   Code   RO         5775    i.OLED_Clear        oled.o
    0x0800d35c   0x0800d35c   0x00000090   Code   RO         5776    i.OLED_ClearArea    oled.o
    0x0800d3ec   0x0800d3ec   0x00000160   Code   RO         5778    i.OLED_DrawCircle   oled.o
    0x0800d54c   0x0800d54c   0x00000050   Code   RO         5781    i.OLED_DrawPoint    oled.o
    0x0800d59c   0x0800d59c   0x0000003e   Code   RO         5785    i.OLED_I2C_SendByte  oled.o
    0x0800d5da   0x0800d5da   0x0000001c   Code   RO         5786    i.OLED_I2C_Start    oled.o
    0x0800d5f6   0x0800d5f6   0x00000016   Code   RO         5787    i.OLED_I2C_Stop     oled.o
    0x0800d60c   0x0800d60c   0x00000096   Code   RO         5788    i.OLED_Init         oled.o
    0x0800d6a2   0x0800d6a2   0x00000032   Code   RO         5791    i.OLED_Printf       oled.o
    0x0800d6d4   0x0800d6d4   0x00000090   Code   RO         5793    i.OLED_ReverseArea  oled.o
    0x0800d764   0x0800d764   0x00000022   Code   RO         5794    i.OLED_SetCursor    oled.o
    0x0800d786   0x0800d786   0x00000002   PAD
    0x0800d788   0x0800d788   0x00000054   Code   RO         5796    i.OLED_ShowChar     oled.o
    0x0800d7dc   0x0800d7dc   0x000000fc   Code   RO         5799    i.OLED_ShowImage    oled.o
    0x0800d8d8   0x0800d8d8   0x00000110   Code   RO         5802    i.OLED_ShowString   oled.o
    0x0800d9e8   0x0800d9e8   0x00000028   Code   RO         5803    i.OLED_Update       oled.o
    0x0800da10   0x0800da10   0x00000018   Code   RO         5805    i.OLED_W_SCL        oled.o
    0x0800da28   0x0800da28   0x00000018   Code   RO         5806    i.OLED_W_SDA        oled.o
    0x0800da40   0x0800da40   0x00000020   Code   RO         5807    i.OLED_WriteCommand  oled.o
    0x0800da60   0x0800da60   0x0000002e   Code   RO         5808    i.OLED_WriteData    oled.o
    0x0800da8e   0x0800da8e   0x00000002   PAD
    0x0800da90   0x0800da90   0x000000f0   Code   RO         6351    i.OTA_CHECK_NEW_APP  ota.o
    0x0800db80   0x0800db80   0x0000001c   Code   RO         6352    i.OTA_CLOSE_TOUC    ota.o
    0x0800db9c   0x0800db9c   0x00000048   Code   RO         6353    i.OTA_CheckUpdate   ota.o
    0x0800dbe4   0x0800dbe4   0x0000044c   Code   RO         6354    i.OTA_DOWNLOAD_NEW_APP  ota.o
    0x0800e030   0x0800e030   0x00000034   Code   RO         6355    i.OTA_EraseAppBlock  ota.o
    0x0800e064   0x0800e064   0x00000244   Code   RO         6356    i.OTA_GetNeedData   ota.o
    0x0800e2a8   0x0800e2a8   0x00000068   Code   RO         6357    i.OTA_Init          ota.o
    0x0800e310   0x0800e310   0x00000074   Code   RO         6358    i.OTA_ReportVersion  ota.o
    0x0800e384   0x0800e384   0x00000148   Code   RO         6359    i.OTA_Reset         ota.o
    0x0800e4cc   0x0800e4cc   0x000002dc   Code   RO         6360    i.OTA_Run           ota.o
    0x0800e7a8   0x0800e7a8   0x00000184   Code   RO         6361    i.OTA_TCP_CONNECT   ota.o
    0x0800e92c   0x0800e92c   0x00000080   Code   RO         6362    i.OTA_TCP_DISCONNECT  ota.o
    0x0800e9ac   0x0800e9ac   0x000000f4   Code   RO         6363    i.OTA_UserConfirm   ota.o
    0x0800eaa0   0x0800eaa0   0x00000028   Code   RO          329    i.PostSleepProcessing  freertos.o
    0x0800eac8   0x0800eac8   0x00000044   Code   RO          330    i.PreSleepProcessing  freertos.o
    0x0800eb0c   0x0800eb0c   0x00000028   Code   RO         1087    i.RCC_Delay         stm32f1xx_hal_rcc.o
    0x0800eb34   0x0800eb34   0x000000dc   Code   RO         6364    i.Report_Version    ota.o
    0x0800ec10   0x0800ec10   0x00000078   Code   RO         1955    i.SPI_EndRxTransaction  stm32f1xx_hal_spi.o
    0x0800ec88   0x0800ec88   0x00000028   Code   RO         1956    i.SPI_EndRxTxTransaction  stm32f1xx_hal_spi.o
    0x0800ecb0   0x0800ecb0   0x000000d8   Code   RO         1961    i.SPI_WaitFlagStateUntilTimeout  stm32f1xx_hal_spi.o
    0x0800ed88   0x0800ed88   0x00000034   Code   RO         5244    i.SysTick_Handler   port.o
    0x0800edbc   0x0800edbc   0x0000006e   Code   RO           25    i.SystemClock_Config  main.o
    0x0800ee2a   0x0800ee2a   0x00000002   Code   RO         3587    i.SystemInit        system_stm32f1xx.o
    0x0800ee2c   0x0800ee2c   0x00000010   Code   RO          399    i.TIM4_IRQHandler   stm32f1xx_it.o
    0x0800ee3c   0x0800ee3c   0x00000074   Code   RO         2324    i.TIM_Base_SetConfig  stm32f1xx_hal_tim.o
    0x0800eeb0   0x0800eeb0   0x00000022   Code   RO         2325    i.TIM_CCxChannelCmd  stm32f1xx_hal_tim.o
    0x0800eed2   0x0800eed2   0x00000016   Code   RO         2335    i.TIM_ETR_SetConfig  stm32f1xx_hal_tim.o
    0x0800eee8   0x0800eee8   0x00000012   Code   RO         2336    i.TIM_ITRx_SetConfig  stm32f1xx_hal_tim.o
    0x0800eefa   0x0800eefa   0x00000002   PAD
    0x0800eefc   0x0800eefc   0x00000060   Code   RO         2337    i.TIM_OC1_SetConfig  stm32f1xx_hal_tim.o
    0x0800ef5c   0x0800ef5c   0x00000068   Code   RO         2338    i.TIM_OC2_SetConfig  stm32f1xx_hal_tim.o
    0x0800efc4   0x0800efc4   0x00000068   Code   RO         2339    i.TIM_OC3_SetConfig  stm32f1xx_hal_tim.o
    0x0800f02c   0x0800f02c   0x00000048   Code   RO         2340    i.TIM_OC4_SetConfig  stm32f1xx_hal_tim.o
    0x0800f074   0x0800f074   0x00000026   Code   RO         2342    i.TIM_TI1_ConfigInputStage  stm32f1xx_hal_tim.o
    0x0800f09a   0x0800f09a   0x00000028   Code   RO         2344    i.TIM_TI2_ConfigInputStage  stm32f1xx_hal_tim.o
    0x0800f0c2   0x0800f0c2   0x00000014   Code   RO         3256    i.UART_DMAAbortOnError  stm32f1xx_hal_uart.o
    0x0800f0d6   0x0800f0d6   0x00000050   Code   RO         3257    i.UART_DMAError     stm32f1xx_hal_uart.o
    0x0800f126   0x0800f126   0x000000b4   Code   RO         3258    i.UART_DMAReceiveCplt  stm32f1xx_hal_uart.o
    0x0800f1da   0x0800f1da   0x00000024   Code   RO         3260    i.UART_DMARxHalfCplt  stm32f1xx_hal_uart.o
    0x0800f1fe   0x0800f1fe   0x0000006c   Code   RO         3266    i.UART_EndRxTransfer  stm32f1xx_hal_uart.o
    0x0800f26a   0x0800f26a   0x00000020   Code   RO         3267    i.UART_EndTransmit_IT  stm32f1xx_hal_uart.o
    0x0800f28a   0x0800f28a   0x00000026   Code   RO         3268    i.UART_EndTxTransfer  stm32f1xx_hal_uart.o
    0x0800f2b0   0x0800f2b0   0x000000fc   Code   RO         3269    i.UART_Receive_IT   stm32f1xx_hal_uart.o
    0x0800f3ac   0x0800f3ac   0x000000fc   Code   RO         3270    i.UART_SetConfig    stm32f1xx_hal_uart.o
    0x0800f4a8   0x0800f4a8   0x000000c8   Code   RO         3271    i.UART_Start_Receive_DMA  stm32f1xx_hal_uart.o
    0x0800f570   0x0800f570   0x00000060   Code   RO         3273    i.UART_Transmit_IT  stm32f1xx_hal_uart.o
    0x0800f5d0   0x0800f5d0   0x00000092   Code   RO         3274    i.UART_WaitOnFlagUntilTimeout  stm32f1xx_hal_uart.o
    0x0800f662   0x0800f662   0x00000002   PAD
    0x0800f664   0x0800f664   0x00000010   Code   RO          400    i.USART2_IRQHandler  stm32f1xx_it.o
    0x0800f674   0x0800f674   0x00000004   Code   RO          401    i.UsageFault_Handler  stm32f1xx_it.o
    0x0800f678   0x0800f678   0x00000038   Code   RO         6036    i.W25Q64_EraseSector  w25q64.o
    0x0800f6b0   0x0800f6b0   0x0000001c   Code   RO         6037    i.W25Q64_GetData    w25q64.o
    0x0800f6cc   0x0800f6cc   0x00000014   Code   RO         6038    i.W25Q64_Init       w25q64.o
    0x0800f6e0   0x0800f6e0   0x0000004a   Code   RO         6040    i.W25Q64_ReadPage   w25q64.o
    0x0800f72a   0x0800f72a   0x00000002   PAD
    0x0800f72c   0x0800f72c   0x00000018   Code   RO         6041    i.W25Q64_SendData   w25q64.o
    0x0800f744   0x0800f744   0x00000014   Code   RO         6042    i.W25Q64_Start      w25q64.o
    0x0800f758   0x0800f758   0x00000014   Code   RO         6043    i.W25Q64_Stop       w25q64.o
    0x0800f76c   0x0800f76c   0x00000020   Code   RO         6044    i.W25Q64_WaitBusy   w25q64.o
    0x0800f78c   0x0800f78c   0x00000012   Code   RO         6045    i.W25Q64_WriteEnable  w25q64.o
    0x0800f79e   0x0800f79e   0x0000005c   Code   RO         6046    i.W25Q64_WritePage  w25q64.o
    0x0800f7fa   0x0800f7fa   0x00000002   PAD
    0x0800f7fc   0x0800f7fc   0x00000020   Code   RO         6997    i.__0printf         mc_w.l(printfa.o)
    0x0800f81c   0x0800f81c   0x0000002c   Code   RO         7002    i.__0vsnprintf      mc_w.l(printfa.o)
    0x0800f848   0x0800f848   0x00000024   Code   RO         7003    i.__0vsprintf       mc_w.l(printfa.o)
    0x0800f86c   0x0800f86c   0x00000010   Code   RO         1394    i.__NVIC_GetPriorityGrouping  stm32f1xx_hal_cortex.o
    0x0800f87c   0x0800f87c   0x00000028   Code   RO         1395    i.__NVIC_SetPriority  stm32f1xx_hal_cortex.o
    0x0800f8a4   0x0800f8a4   0x00000008   Code   RO         7105    i.__aeabi_errno_addr  mc_w.l(errno.o)
    0x0800f8ac   0x0800f8ac   0x00000006   Code   RO         4755    i.__get_BASEPRI     cmsis_os2.o
    0x0800f8b2   0x0800f8b2   0x00000006   Code   RO         4756    i.__get_IPSR        cmsis_os2.o
    0x0800f8b8   0x0800f8b8   0x00000006   Code   RO         4757    i.__get_PRIMASK     cmsis_os2.o
    0x0800f8be   0x0800f8be   0x0000000e   Code   RO         7176    i.__scatterload_copy  mc_w.l(handlers.o)
    0x0800f8cc   0x0800f8cc   0x00000002   Code   RO         7177    i.__scatterload_null  mc_w.l(handlers.o)
    0x0800f8ce   0x0800f8ce   0x0000000e   Code   RO         7178    i.__scatterload_zeroinit  mc_w.l(handlers.o)
    0x0800f8dc   0x0800f8dc   0x00000184   Code   RO         7004    i._fp_digits        mc_w.l(printfa.o)
    0x0800fa60   0x0800fa60   0x000006dc   Code   RO         7005    i._printf_core      mc_w.l(printfa.o)
    0x0801013c   0x0801013c   0x00000024   Code   RO         7006    i._printf_post_padding  mc_w.l(printfa.o)
    0x08010160   0x08010160   0x0000002e   Code   RO         7007    i._printf_pre_padding  mc_w.l(printfa.o)
    0x0801018e   0x0801018e   0x00000016   Code   RO         7008    i._snputc           mc_w.l(printfa.o)
    0x080101a4   0x080101a4   0x0000000a   Code   RO         7009    i._sputc            mc_w.l(printfa.o)
    0x080101ae   0x080101ae   0x00000002   PAD
    0x080101b0   0x080101b0   0x000002d0   Code   RO         6484    i.app_init          task_appinit.o
    0x08010480   0x08010480   0x00000002   Code   RO          331    i.configureTimerForRunTimeStats  freertos.o
    0x08010482   0x08010482   0x00000002   PAD
    0x08010484   0x08010484   0x0000003c   Code   RO         4190    i.eTaskConfirmSleepModeStatus  tasks.o
    0x080104c0   0x080104c0   0x0000001c   Code   RO           26    i.fputc             main.o
    0x080104dc   0x080104dc   0x00000004   Code   RO          332    i.getRunTimeCounterValue  freertos.o
    0x080104e0   0x080104e0   0x0000002c   Code   RO         6365    i.get_length_lookup  ota.o
    0x0801050c   0x0801050c   0x00000074   Code   RO           27    i.main              main.o
    0x08010580   0x08010580   0x00000018   Code   RO         5557    i.mdelay            driver_timer.o
    0x08010598   0x08010598   0x00000040   Code   RO         4772    i.osKernelInitialize  cmsis_os2.o
    0x080105d8   0x080105d8   0x00000044   Code   RO         4775    i.osKernelStart     cmsis_os2.o
    0x0801061c   0x0801061c   0x0000007c   Code   RO         4193    i.prvAddCurrentTaskToDelayedList  tasks.o
    0x08010698   0x08010698   0x000000b8   Code   RO         4194    i.prvAddNewTaskToReadyList  tasks.o
    0x08010750   0x08010750   0x00000074   Code   RO         4591    i.prvCheckForValidListAndQueue  timers.o
    0x080107c4   0x080107c4   0x00000048   Code   RO         4195    i.prvCheckTasksWaitingTermination  tasks.o
    0x0801080c   0x0801080c   0x0000002a   Code   RO         3788    i.prvCopyDataFromQueue  queue.o
    0x08010836   0x08010836   0x0000007c   Code   RO         3789    i.prvCopyDataToQueue  queue.o
    0x080108b2   0x080108b2   0x00000050   Code   RO         4196    i.prvDeleteTCB      tasks.o
    0x08010902   0x08010902   0x00000014   Code   RO         3790    i.prvGetDisinheritPriorityAfterTimeout  queue.o
    0x08010916   0x08010916   0x00000002   PAD
    0x08010918   0x08010918   0x00000048   Code   RO         4197    i.prvGetExpectedIdleTime  tasks.o
    0x08010960   0x08010960   0x00000028   Code   RO         4592    i.prvGetNextExpireTime  timers.o
    0x08010988   0x08010988   0x0000007c   Code   RO         5194    i.prvHeapInit       heap_4.o
    0x08010a04   0x08010a04   0x00000080   Code   RO         4198    i.prvIdleTask       tasks.o
    0x08010a84   0x08010a84   0x0000001c   Code   RO         3791    i.prvInitialiseMutex  queue.o
    0x08010aa0   0x08010aa0   0x0000002a   Code   RO         3792    i.prvInitialiseNewQueue  queue.o
    0x08010aca   0x08010aca   0x000000b6   Code   RO         4199    i.prvInitialiseNewTask  tasks.o
    0x08010b80   0x08010b80   0x00000068   Code   RO         4200    i.prvInitialiseTaskLists  tasks.o
    0x08010be8   0x08010be8   0x00000068   Code   RO         5195    i.prvInsertBlockIntoFreeList  heap_4.o
    0x08010c50   0x08010c50   0x00000058   Code   RO         4594    i.prvInsertTimerInActiveList  timers.o
    0x08010ca8   0x08010ca8   0x0000001a   Code   RO         3793    i.prvIsQueueEmpty   queue.o
    0x08010cc2   0x08010cc2   0x0000001e   Code   RO         3794    i.prvIsQueueFull    queue.o
    0x08010ce0   0x08010ce0   0x00000064   Code   RO         4595    i.prvProcessExpiredTimer  timers.o
    0x08010d44   0x08010d44   0x00000128   Code   RO         4596    i.prvProcessReceivedCommands  timers.o
    0x08010e6c   0x08010e6c   0x00000074   Code   RO         4597    i.prvProcessTimerOrBlockTask  timers.o
    0x08010ee0   0x08010ee0   0x00000034   Code   RO         4202    i.prvResetNextTaskUnblockTime  tasks.o
    0x08010f14   0x08010f14   0x0000002c   Code   RO         4598    i.prvSampleTimeNow  timers.o
    0x08010f40   0x08010f40   0x000000a0   Code   RO         4599    i.prvSwitchTimerLists  timers.o
    0x08010fe0   0x08010fe0   0x00000040   Code   RO         5245    i.prvTaskExitError  port.o
    0x08011020   0x08011020   0x0000001e   Code   RO         3629    i.prvTestWaitCondition  event_groups.o
    0x0801103e   0x0801103e   0x0000001a   Code   RO         4600    i.prvTimerTask      timers.o
    0x08011058   0x08011058   0x0000007e   Code   RO         3795    i.prvUnlockQueue    queue.o
    0x080110d6   0x080110d6   0x00000002   PAD
    0x080110d8   0x080110d8   0x0000013c   Code   RO         5196    i.pvPortMalloc      heap_4.o
    0x08011214   0x08011214   0x00000020   Code   RO         4206    i.pvTaskIncrementMutexHeldCount  tasks.o
    0x08011234   0x08011234   0x00000024   Code   RO         5246    i.pxPortInitialiseStack  port.o
    0x08011258   0x08011258   0x000000d0   Code   RO         6514    i.task_buzzer       task_buzzer.o
    0x08011328   0x08011328   0x000000d4   Code   RO         6542    i.task_colorled     task_colorled.o
    0x080113fc   0x080113fc   0x00000040   Code   RO         6566    i.task_dht11        task_dht11.o
    0x0801143c   0x0801143c   0x00000298   Code   RO         6590    i.task_esp01s       task_esp01s.o
    0x080116d4   0x080116d4   0x00000160   Code   RO         6614    i.task_ir_rec       task_ir_rec.o
    0x08011834   0x08011834   0x00000040   Code   RO         6638    i.task_lightsensor  task_lightsensor.o
    0x08011874   0x08011874   0x000001b0   Code   RO         6662    i.task_motor        task_motor.o
    0x08011a24   0x08011a24   0x000007f4   Code   RO         6686    i.task_oled         task_oled.o
    0x08012218   0x08012218   0x000001a4   Code   RO         6710    i.task_w25q64       task_w25q64.o
    0x080123bc   0x080123bc   0x00000048   Code   RO         5559    i.udelay            driver_timer.o
    0x08012404   0x08012404   0x00000028   Code   RO         3748    i.uxListRemove      list.o
    0x0801242c   0x0801242c   0x0000001c   Code   RO         4214    i.uxTaskResetEventItemValue  tasks.o
    0x08012448   0x08012448   0x00000018   Code   RO         4821    i.vApplicationGetIdleTaskMemory  cmsis_os2.o
    0x08012460   0x08012460   0x00000018   Code   RO         4822    i.vApplicationGetTimerTaskMemory  cmsis_os2.o
    0x08012478   0x08012478   0x00000002   Code   RO          333    i.vApplicationIdleHook  freertos.o
    0x0801247a   0x0801247a   0x0000001a   Code   RO         3749    i.vListInitialise   list.o
    0x08012494   0x08012494   0x00000006   Code   RO         3750    i.vListInitialiseItem  list.o
    0x0801249a   0x0801249a   0x00000034   Code   RO         3751    i.vListInsert       list.o
    0x080124ce   0x080124ce   0x00000018   Code   RO         3752    i.vListInsertEnd    list.o
    0x080124e6   0x080124e6   0x00000002   PAD
    0x080124e8   0x080124e8   0x00000054   Code   RO         5248    i.vPortEnterCritical  port.o
    0x0801253c   0x0801253c   0x0000003c   Code   RO         5249    i.vPortExitCritical  port.o
    0x08012578   0x08012578   0x00000094   Code   RO         5197    i.vPortFree         heap_4.o
    0x0801260c   0x0801260c   0x00000068   Code   RO         5250    i.vPortSetupTimerInterrupt  port.o
    0x08012674   0x08012674   0x00000160   Code   RO         5251    i.vPortSuppressTicksAndSleep  port.o
    0x080127d4   0x080127d4   0x00000078   Code   RO         5252    i.vPortValidateInterruptPriority  port.o
    0x0801284c   0x0801284c   0x0000002c   Code   RO         3801    i.vQueueAddToRegistry  queue.o
    0x08012878   0x08012878   0x0000004a   Code   RO         3805    i.vQueueWaitForMessageRestricted  queue.o
    0x080128c2   0x080128c2   0x00000002   PAD
    0x080128c4   0x080128c4   0x0000005c   Code   RO         4215    i.vTaskDelay        tasks.o
    0x08012920   0x08012920   0x00000018   Code   RO         4221    i.vTaskInternalSetTimeOutState  tasks.o
    0x08012938   0x08012938   0x0000000c   Code   RO         4223    i.vTaskMissedYield  tasks.o
    0x08012944   0x08012944   0x00000038   Code   RO         4225    i.vTaskPlaceOnEventList  tasks.o
    0x0801297c   0x0801297c   0x00000040   Code   RO         4226    i.vTaskPlaceOnEventListRestricted  tasks.o
    0x080129bc   0x080129bc   0x0000006c   Code   RO         4227    i.vTaskPlaceOnUnorderedEventList  tasks.o
    0x08012a28   0x08012a28   0x000000d0   Code   RO         4228    i.vTaskPriorityDisinheritAfterTimeout  tasks.o
    0x08012af8   0x08012af8   0x000000a0   Code   RO         4230    i.vTaskRemoveFromUnorderedEventList  tasks.o
    0x08012b98   0x08012b98   0x000000bc   Code   RO         4234    i.vTaskStartScheduler  tasks.o
    0x08012c54   0x08012c54   0x00000040   Code   RO         4235    i.vTaskStepTick     tasks.o
    0x08012c94   0x08012c94   0x00000010   Code   RO         4237    i.vTaskSuspendAll   tasks.o
    0x08012ca4   0x08012ca4   0x000000cc   Code   RO         4238    i.vTaskSwitchContext  tasks.o
    0x08012d70   0x08012d70   0x0000001e   Code   RO         3637    i.xEventGroupCreate  event_groups.o
    0x08012d8e   0x08012d8e   0x000000ce   Code   RO         3640    i.xEventGroupSetBits  event_groups.o
    0x08012e5c   0x08012e5c   0x00000158   Code   RO         3643    i.xEventGroupWaitBits  event_groups.o
    0x08012fb4   0x08012fb4   0x000000f8   Code   RO         5253    i.xPortStartScheduler  port.o
    0x080130ac   0x080130ac   0x00000022   Code   RO         3808    i.xQueueCreateMutex  queue.o
    0x080130ce   0x080130ce   0x0000005e   Code   RO         3810    i.xQueueGenericCreate  queue.o
    0x0801312c   0x0801312c   0x000000de   Code   RO         3811    i.xQueueGenericCreateStatic  queue.o
    0x0801320a   0x0801320a   0x00000002   PAD
    0x0801320c   0x0801320c   0x00000098   Code   RO         3812    i.xQueueGenericReset  queue.o
    0x080132a4   0x080132a4   0x000001a8   Code   RO         3813    i.xQueueGenericSend  queue.o
    0x0801344c   0x0801344c   0x000000f8   Code   RO         3814    i.xQueueGenericSendFromISR  queue.o
    0x08013544   0x08013544   0x00000168   Code   RO         3823    i.xQueueReceive     queue.o
    0x080136ac   0x080136ac   0x000001b8   Code   RO         3825    i.xQueueSemaphoreTake  queue.o
    0x08013864   0x08013864   0x0000008c   Code   RO         4239    i.xTaskCheckForTimeOut  tasks.o
    0x080138f0   0x080138f0   0x00000064   Code   RO         4240    i.xTaskCreate       tasks.o
    0x08013954   0x08013954   0x000000b8   Code   RO         4241    i.xTaskCreateStatic  tasks.o
    0x08013a0c   0x08013a0c   0x00000104   Code   RO         4242    i.xTaskGenericNotify  tasks.o
    0x08013b10   0x08013b10   0x00000020   Code   RO         4245    i.xTaskGetSchedulerState  tasks.o
    0x08013b30   0x08013b30   0x0000000c   Code   RO         4246    i.xTaskGetTickCount  tasks.o
    0x08013b3c   0x08013b3c   0x00000144   Code   RO         4248    i.xTaskIncrementTick  tasks.o
    0x08013c80   0x08013c80   0x000000a0   Code   RO         4250    i.xTaskNotifyWait   tasks.o
    0x08013d20   0x08013d20   0x000000a4   Code   RO         4251    i.xTaskPriorityDisinherit  tasks.o
    0x08013dc4   0x08013dc4   0x000000a4   Code   RO         4252    i.xTaskPriorityInherit  tasks.o
    0x08013e68   0x08013e68   0x0000009c   Code   RO         4253    i.xTaskRemoveFromEventList  tasks.o
    0x08013f04   0x08013f04   0x00000104   Code   RO         4254    i.xTaskResumeAll    tasks.o
    0x08014008   0x08014008   0x00000078   Code   RO         4607    i.xTimerCreateTimerTask  timers.o
    0x08014080   0x08014080   0x00000084   Code   RO         4608    i.xTimerGenericCommand  timers.o
    0x08014104   0x08014104   0x00000012   Data   RO         1088    .constdata          stm32f1xx_hal_rcc.o
    0x08014116   0x08014116   0x00000012   Data   RO         1184    .constdata          stm32f1xx_hal_rcc_ex.o
    0x08014128   0x08014128   0x00000018   Data   RO         3588    .constdata          system_stm32f1xx.o
    0x08014140   0x08014140   0x00001092   Data   RO         6021    .constdata          oled_data.o
    0x080151d2   0x080151d2   0x00000081   Data   RO         7138    .constdata          mc_w.l(ctype_o.o)
    0x08015253   0x08015253   0x00000001   PAD
    0x08015254   0x08015254   0x00000004   Data   RO         7139    .constdata          mc_w.l(ctype_o.o)
    0x08015258   0x08015258   0x000001b3   Data   RO         6162    .conststring        mqtt.o
    0x0801540b   0x0801540b   0x00000001   PAD
    0x0801540c   0x0801540c   0x00000235   Data   RO         6367    .conststring        ota.o
    0x08015641   0x08015641   0x00000003   PAD
    0x08015644   0x08015644   0x00000020   Data   RO         7174    Region$$Table       anon$$obj.o


    Execution Region RW_IRAM1 (Exec base: 0x20000000, Load base: 0x08015664, Size: 0x00004c60, Max: 0x00005000, ABSOLUTE, COMPRESSED[0x00000018])

    Exec Addr    Load Addr    Size         Type   Attr      Idx    E Section Name        Object

    0x20000000   COMPRESSED   0x00000009   Data   RW          924    .data               stm32f1xx_hal.o
    0x20000009   COMPRESSED   0x00000003   PAD
    0x2000000c   COMPRESSED   0x00000004   Data   RW         3589    .data               system_stm32f1xx.o
    0x20000010   COMPRESSED   0x00000044   Data   RW         4257    .data               tasks.o
    0x20000054   COMPRESSED   0x00000014   Data   RW         4616    .data               timers.o
    0x20000068   COMPRESSED   0x00000004   Data   RW         4825    .data               cmsis_os2.o
    0x2000006c   COMPRESSED   0x00000018   Data   RW         5202    .data               heap_4.o
    0x20000084   COMPRESSED   0x00000018   Data   RW         5254    .data               port.o
    0x2000009c   COMPRESSED   0x00000004   Data   RW         5331    .data               ad.o
    0x200000a0   COMPRESSED   0x0000000b   Data   RW         5485    .data               dht11.o
    0x200000ab   COMPRESSED   0x00000008   Data   RW         5649    .data               ir.o
    0x200000b3   COMPRESSED   0x00000001   Data   RW         6163    .data               mqtt.o
    0x200000b4   COMPRESSED   0x00000008   Data   RW         6261    .data               esp01s.o
    0x200000bc   COMPRESSED   0x00000004   PAD
    0x200000c0   COMPRESSED   0x00000030   Data   RW         6368    .data               ota.o
    0x200000f0   COMPRESSED   0x00000048   Data   RW         6485    .data               task_appinit.o
    0x20000138   COMPRESSED   0x00000004   Data   RW         7098    .data               mc_w.l(stdout.o)
    0x2000013c   COMPRESSED   0x00000004   Data   RW         7108    .data               mc_w.l(errno.o)
    0x20000140        -       0x00000278   Zero   RW           28    .bss                main.o
    0x200003b8        -       0x00000048   Zero   RW          551    .bss                stm32f1xx_hal_timebase_tim.o
    0x20000400        -       0x00000040   Zero   RW         3827    .bss                queue.o
    0x20000440        -       0x000004c4   Zero   RW         4256    .bss                tasks.o
    0x20000904        -       0x00000118   Zero   RW         4615    .bss                timers.o
    0x20000a1c        -       0x000006c0   Zero   RW         4824    .bss                cmsis_os2.o
    0x200010dc        -       0x00001e00   Zero   RW         5201    .bss                heap_4.o
    0x20002edc        -       0x00000400   Zero   RW         5810    .bss                oled.o
    0x200032dc        -       0x00001080   Zero   RW         6260    .bss                esp01s.o
    0x2000435c        -       0x00000500   Zero   RW         6366    .bss                ota.o
    0x2000485c   COMPRESSED   0x00000004   PAD
    0x20004860        -       0x00000400   Zero   RW            1    STACK               startup_stm32f103xb.o


==============================================================================

Image component sizes


      Code (inc. data)   RO Data    RW Data    ZI Data      Debug   Object Name

        44         14          0          4          0       1510   ad.o
        64         10          0          0          0        577   battery.o
       186         12          0          0          0       3087   buzzer.o
       198         28          0          4       1728      13586   cmsis_os2.o
       104         10          0          0          0       1537   colorled.o
       602         32          0         11          0       6162   dht11.o
        96          4          0          0          0       1698   driver_timer.o
      1398        504          0          8       4224       8069   esp01s.o
       610          6          0          0          0      23543   event_groups.o
       116         10          0          0          0       3091   freertos.o
        16          0          0          0          0        553   gpio_irq.o
       692         62          0         24       7680       4887   heap_4.o
       516         46          0          8          0       2846   ir.o
        34          0          0          0          0        571   lightsensor.o
       148          0          0          0          0       3634   list.o
      1440        112          0          0        632     490152   main.o
       128         14          0          0          0       1022   motor.o
      1472        830        435          1          0       7375   mqtt.o
      1880         56          0          0       1024      13366   oled.o
         0          0       4242          0          0       1451   oled_data.o
      4376       1518        565         48       1280      38238   ota.o
      1270        106          0         24          0      12622   port.o
      2530         26          0          0         64      19440   queue.o
        36          8        236          0       1024        836   startup_stm32f103xb.o
       116         24          0          9          0       5514   stm32f1xx_hal.o
      1428         56          0          0          0       8790   stm32f1xx_hal_adc.o
       284          6          0          0          0       1538   stm32f1xx_hal_adc_ex.o
       252         22          0          0          0      28894   stm32f1xx_hal_cortex.o
       566          8          0          0          0       4201   stm32f1xx_hal_dma.o
       856         38          0          0          0       4102   stm32f1xx_hal_gpio.o
      1040         98          0          0          0       4961   stm32f1xx_hal_msp.o
      1816        108         18          0          0       6921   stm32f1xx_hal_rcc.o
       556         34         18          0          0       2485   stm32f1xx_hal_rcc_ex.o
      1968          6          0          0          0       7926   stm32f1xx_hal_spi.o
      2232         74          0          0          0      17229   stm32f1xx_hal_tim.o
       136         14          0          0          0       2577   stm32f1xx_hal_tim_ex.o
       180         22          0          0         72       1575   stm32f1xx_hal_timebase_tim.o
      2598         22          0          0          0      16357   stm32f1xx_hal_uart.o
        66         12          0          0          0       4342   stm32f1xx_it.o
         0          0          0          0          0       8724   stream_buffer.o
         2          0         24          4          0       1227   system_stm32f1xx.o
       720        248          0         72          0       4416   task_appinit.o
       208         16          0          0          0       3826   task_buzzer.o
       212         14          0          0          0        772   task_colorled.o
        64         12          0          0          0        541   task_dht11.o
       664         72          0          0          0       1234   task_esp01s.o
       352         18          0          0          0        862   task_ir_rec.o
        64         14          0          0          0        555   task_lightsensor.o
       432         42          0          0          0        833   task_motor.o
      2036        290          0          0          0       2636   task_oled.o
       420         38          0          0          0        802   task_w25q64.o
      4270        504          0         68       1220      34389   tasks.o
      1238        124          0         20        280      27055   timers.o
       384         28          0          0          0       5703   w25q64.o

    ----------------------------------------------------------------------
     43174       5372       5574        312      19232     870840   Object Totals
         0          0         32          0          0          0   (incl. Generated)
        58          0          4          7          4          0   (incl. Padding)

    ----------------------------------------------------------------------

      Code (inc. data)   RO Data    RW Data    ZI Data      Debug   Library Member Name

        56          8          0          0          0         84   __0sscanf.o
        58          0          0          0          0          0   __dczerorl.o
        28          0          0          0          0         68   _chval.o
       812          4          0          0          0        112   _scanf.o
       332          0          0          0          0         96   _scanf_int.o
        64          0          0          0          0         84   _sgetc.o
       158          0          0          0          0         92   _strtoul.o
        26          0          0          0          0         80   atoi.o
         8          4        133          0          0         68   ctype_o.o
         0          0          0          0          0          0   entry.o
         0          0          0          0          0          0   entry10a.o
         0          0          0          0          0          0   entry11a.o
         8          4          0          0          0          0   entry2.o
         4          0          0          0          0          0   entry5.o
         0          0          0          0          0          0   entry7b.o
         0          0          0          0          0          0   entry8b.o
         8          4          0          0          0          0   entry9a.o
         8          4          0          4          0         68   errno.o
        30          0          0          0          0          0   handlers.o
        36          8          0          0          0         68   init.o
        18          0          0          0          0         76   isspace_o.o
         0          0          0          0          0          0   iusefp.o
        30          0          0          0          0         68   llshl.o
        36          0          0          0          0         68   llsshr.o
        32          0          0          0          0         68   llushr.o
        36          0          0          0          0         68   memcpya.o
        36          0          0          0          0        108   memseta.o
      2370        100          0          0          0        748   printfa.o
        40          8          0          0          0         84   scanf_char.o
         0          0          0          4          0          0   stdout.o
        28          0          0          0          0         76   strcmp.o
        14          0          0          0          0         68   strlen.o
        36          0          0          0          0         80   strstr.o
       112          0          0          0          0         88   strtol.o
        44          0          0          0          0         80   uidiv.o
        98          0          0          0          0         92   uldiv.o
        48          0          0          0          0         68   cdcmple.o
        48          0          0          0          0         68   cdrcmple.o
        56          0          0          0          0         88   d2f.o
       334          0          0          0          0        148   dadd.o
       222          0          0          0          0        100   ddiv.o
       186          0          0          0          0        176   depilogue.o
        50          0          0          0          0         76   dfixui.o
        48          0          0          0          0         68   dfixul.o
        34          0          0          0          0         76   dflti.o
        26          0          0          0          0         76   dfltui.o
       228          0          0          0          0         96   dmul.o
        38          0          0          0          0         68   f2d.o
       110          0          0          0          0        168   fepilogue.o

    ----------------------------------------------------------------------
      6002        144        134          8          0       3868   Library Totals
         8          0          1          0          0          0   (incl. Padding)

    ----------------------------------------------------------------------

      Code (inc. data)   RO Data    RW Data    ZI Data      Debug   Library Name

      4566        144        133          8          0       2592   mc_w.l
      1428          0          0          0          0       1276   mf_w.l

    ----------------------------------------------------------------------
      6002        144        134          8          0       3868   Library Totals

    ----------------------------------------------------------------------

==============================================================================


      Code (inc. data)   RO Data    RW Data    ZI Data      Debug   

     49176       5516       5708        320      19232     855752   Grand Totals
     49176       5516       5708         24      19232     855752   ELF Image Totals (compressed)
     49176       5516       5708         24          0          0   ROM Totals

==============================================================================

    Total RO  Size (Code + RO Data)                54884 (  53.60kB)
    Total RW  Size (RW Data + ZI Data)             19552 (  19.09kB)
    Total ROM Size (Code + RO Data + RW Data)      54908 (  53.62kB)

==============================================================================

