Component: ARM Compiler 5.06 update 5 (build 528) Tool: armlink [4d35e2]

==============================================================================

Section Cross References

    startup_stm32f103xb.o(RESET) refers to startup_stm32f103xb.o(STACK) for __initial_sp
    startup_stm32f103xb.o(RESET) refers to startup_stm32f103xb.o(.text) for Reset_Handler
    startup_stm32f103xb.o(RESET) refers to stm32f1xx_it.o(i.NMI_Handler) for NMI_Handler
    startup_stm32f103xb.o(RESET) refers to stm32f1xx_it.o(i.HardFault_Handler) for HardFault_Handler
    startup_stm32f103xb.o(RESET) refers to stm32f1xx_it.o(i.MemManage_Handler) for MemManage_Handler
    startup_stm32f103xb.o(RESET) refers to stm32f1xx_it.o(i.BusFault_Handler) for BusFault_Handler
    startup_stm32f103xb.o(RESET) refers to stm32f1xx_it.o(i.UsageFault_Handler) for UsageFault_Handler
    startup_stm32f103xb.o(RESET) refers to port.o(.emb_text) for SVC_Handler
    startup_stm32f103xb.o(RESET) refers to stm32f1xx_it.o(i.DebugMon_Handler) for DebugMon_Handler
    startup_stm32f103xb.o(RESET) refers to port.o(i.SysTick_Handler) for SysTick_Handler
    startup_stm32f103xb.o(RESET) refers to stm32f1xx_it.o(i.TIM4_IRQHandler) for TIM4_IRQHandler
    startup_stm32f103xb.o(RESET) refers to stm32f1xx_it.o(i.USART2_IRQHandler) for USART2_IRQHandler
    startup_stm32f103xb.o(RESET) refers to stm32f1xx_it.o(i.EXTI15_10_IRQHandler) for EXTI15_10_IRQHandler
    startup_stm32f103xb.o(.text) refers to system_stm32f1xx.o(i.SystemInit) for SystemInit
    startup_stm32f103xb.o(.text) refers to entry.o(.ARM.Collect$$$$00000000) for __main
    main.o(i.HAL_TIM_PeriodElapsedCallback) refers to stm32f1xx_hal.o(i.HAL_IncTick) for HAL_IncTick
    main.o(i.MX_ADC1_Init) refers to stm32f1xx_hal_adc.o(i.HAL_ADC_Init) for HAL_ADC_Init
    main.o(i.MX_ADC1_Init) refers to stm32f1xx_hal_adc.o(i.HAL_ADC_ConfigChannel) for HAL_ADC_ConfigChannel
    main.o(i.MX_ADC1_Init) refers to main.o(.bss) for .bss
    main.o(i.MX_GPIO_Init) refers to stm32f1xx_hal_gpio.o(i.HAL_GPIO_WritePin) for HAL_GPIO_WritePin
    main.o(i.MX_GPIO_Init) refers to stm32f1xx_hal_gpio.o(i.HAL_GPIO_Init) for HAL_GPIO_Init
    main.o(i.MX_GPIO_Init) refers to stm32f1xx_hal_cortex.o(i.HAL_NVIC_SetPriority) for HAL_NVIC_SetPriority
    main.o(i.MX_GPIO_Init) refers to stm32f1xx_hal_cortex.o(i.HAL_NVIC_EnableIRQ) for HAL_NVIC_EnableIRQ
    main.o(i.MX_SPI2_Init) refers to stm32f1xx_hal_spi.o(i.HAL_SPI_Init) for HAL_SPI_Init
    main.o(i.MX_SPI2_Init) refers to main.o(.bss) for .bss
    main.o(i.MX_TIM1_Init) refers to stm32f1xx_hal_tim.o(i.HAL_TIM_Base_Init) for HAL_TIM_Base_Init
    main.o(i.MX_TIM1_Init) refers to stm32f1xx_hal_tim.o(i.HAL_TIM_ConfigClockSource) for HAL_TIM_ConfigClockSource
    main.o(i.MX_TIM1_Init) refers to stm32f1xx_hal_tim_ex.o(i.HAL_TIMEx_MasterConfigSynchronization) for HAL_TIMEx_MasterConfigSynchronization
    main.o(i.MX_TIM1_Init) refers to main.o(.bss) for .bss
    main.o(i.MX_TIM2_Init) refers to memseta.o(.text) for __aeabi_memclr4
    main.o(i.MX_TIM2_Init) refers to stm32f1xx_hal_tim.o(i.HAL_TIM_Base_Init) for HAL_TIM_Base_Init
    main.o(i.MX_TIM2_Init) refers to stm32f1xx_hal_tim.o(i.HAL_TIM_ConfigClockSource) for HAL_TIM_ConfigClockSource
    main.o(i.MX_TIM2_Init) refers to stm32f1xx_hal_tim.o(i.HAL_TIM_PWM_Init) for HAL_TIM_PWM_Init
    main.o(i.MX_TIM2_Init) refers to stm32f1xx_hal_tim_ex.o(i.HAL_TIMEx_MasterConfigSynchronization) for HAL_TIMEx_MasterConfigSynchronization
    main.o(i.MX_TIM2_Init) refers to stm32f1xx_hal_tim.o(i.HAL_TIM_PWM_ConfigChannel) for HAL_TIM_PWM_ConfigChannel
    main.o(i.MX_TIM2_Init) refers to stm32f1xx_hal_msp.o(i.HAL_TIM_MspPostInit) for HAL_TIM_MspPostInit
    main.o(i.MX_TIM2_Init) refers to main.o(.bss) for .bss
    main.o(i.MX_TIM3_Init) refers to memseta.o(.text) for __aeabi_memclr4
    main.o(i.MX_TIM3_Init) refers to stm32f1xx_hal_tim.o(i.HAL_TIM_Base_Init) for HAL_TIM_Base_Init
    main.o(i.MX_TIM3_Init) refers to stm32f1xx_hal_tim.o(i.HAL_TIM_ConfigClockSource) for HAL_TIM_ConfigClockSource
    main.o(i.MX_TIM3_Init) refers to stm32f1xx_hal_tim.o(i.HAL_TIM_PWM_Init) for HAL_TIM_PWM_Init
    main.o(i.MX_TIM3_Init) refers to stm32f1xx_hal_tim_ex.o(i.HAL_TIMEx_MasterConfigSynchronization) for HAL_TIMEx_MasterConfigSynchronization
    main.o(i.MX_TIM3_Init) refers to stm32f1xx_hal_tim.o(i.HAL_TIM_PWM_ConfigChannel) for HAL_TIM_PWM_ConfigChannel
    main.o(i.MX_TIM3_Init) refers to stm32f1xx_hal_msp.o(i.HAL_TIM_MspPostInit) for HAL_TIM_MspPostInit
    main.o(i.MX_TIM3_Init) refers to main.o(.bss) for .bss
    main.o(i.StartDefaultTask) refers to cmsis_os2.o(i.osDelay) for osDelay
    main.o(i.SystemClock_Config) refers to memseta.o(.text) for __aeabi_memclr4
    main.o(i.SystemClock_Config) refers to stm32f1xx_hal_rcc.o(i.HAL_RCC_OscConfig) for HAL_RCC_OscConfig
    main.o(i.SystemClock_Config) refers to stm32f1xx_hal_rcc.o(i.HAL_RCC_ClockConfig) for HAL_RCC_ClockConfig
[...]
    AD_GetNeedValue                          0x080090cd   Thumb Code     8  ad.o(i.AD_GetNeedValue)
    AD_Init                                  0x080090d9   Thumb Code    22  ad.o(i.AD_Init)
    BUZZER_Init                              0x080090f9   Thumb Code    18  buzzer.o(i.BUZZER_Init)
    BUZZER_Music                             0x08009111   Thumb Code    48  buzzer.o(i.BUZZER_Music)
    BUZZER_OFF                               0x08009145   Thumb Code    10  buzzer.o(i.BUZZER_OFF)
    Battery_GetVoltage                       0x08009155   Thumb Code    38  battery.o(i.Battery_GetVoltage)
    BusFault_Handler                         0x08009181   Thumb Code     2  stm32f1xx_it.o(i.BusFault_Handler)
    Buzzer_Alarm                             0x08009183   Thumb Code    46  buzzer.o(i.Buzzer_Alarm)
    Buzzer_HintVoice                         0x080091b1   Thumb Code    42  buzzer.o(i.Buzzer_HintVoice)
    ColorLED_Alarm                           0x080091db   Thumb Code    38  colorled.o(i.ColorLED_Alarm)
    ColorLED_Init                            0x08009201   Thumb Code    40  colorled.o(i.ColorLED_Init)
    ColorLED_SetColor                        0x0800922d   Thumb Code    18  colorled.o(i.ColorLED_SetColor)
    DHT11_GetData                            0x08009245   Thumb Code   106  dht11.o(i.DHT11_GetData)
    DHT11_Init                               0x080092b1   Thumb Code    50  dht11.o(i.DHT11_Init)
    DHT11_OFF                                0x080092e9   Thumb Code     6  dht11.o(i.DHT11_OFF)
    DHT11_R_Pin                              0x080092f1   Thumb Code    18  dht11.o(i.DHT11_R_Pin)
    DHT11_ReadData                           0x08009309   Thumb Code    60  dht11.o(i.DHT11_ReadData)
    DHT11_Run                                0x08009345   Thumb Code    92  dht11.o(i.DHT11_Run)
    DHT11_Start                              0x080093a5   Thumb Code    36  dht11.o(i.DHT11_Start)
    DHT11_W_Pin                              0x080093c9   Thumb Code    18  dht11.o(i.DHT11_W_Pin)
    DHT11_Wait                               0x080093e1   Thumb Code    34  dht11.o(i.DHT11_Wait)
    DebugMon_Handler                         0x0800942d   Thumb Code     2  stm32f1xx_it.o(i.DebugMon_Handler)
    ESP01S_CLEAR_READ_BUFF                   0x08009431   Thumb Code    16  esp01s.o(i.ESP01S_CLEAR_READ_BUFF)
    ESP01S_ClearBuff                         0x08009449   Thumb Code    10  esp01s.o(i.ESP01S_ClearBuff)
    ESP01S_Init                              0x08009459   Thumb Code   236  esp01s.o(i.ESP01S_Init)
    ESP01S_Printf                            0x080096ad   Thumb Code    50  esp01s.o(i.ESP01S_Printf)
    ESP01S_READ_RING_BUFFER                  0x080096e5   Thumb Code    42  esp01s.o(i.ESP01S_READ_RING_BUFFER)
    ESP01S_RING_BUFFER_GET_DATA_LENGTH       0x08009719   Thumb Code    52  esp01s.o(i.ESP01S_RING_BUFFER_GET_DATA_LENGTH)
    ESP01S_RING_BUFFER_GET_IDLE_LENGTH       0x08009751   Thumb Code    14  esp01s.o(i.ESP01S_RING_BUFFER_GET_IDLE_LENGTH)
    ESP01S_RING_BUFFER_Init                  0x08009761   Thumb Code    18  esp01s.o(i.ESP01S_RING_BUFFER_Init)
    ESP01S_UART_Init                         0x0800977d   Thumb Code    44  esp01s.o(i.ESP01S_UART_Init)
    ESP01S_WRITE_RING_BUFFER                 0x080097b5   Thumb Code    88  esp01s.o(i.ESP01S_WRITE_RING_BUFFER)
    ESP01S_WaitAck                           0x08009815   Thumb Code    50  esp01s.o(i.ESP01S_WaitAck)
    EXTI15_10_IRQHandler                     0x0800984d   Thumb Code     8  stm32f1xx_it.o(i.EXTI15_10_IRQHandler)
    Error_Handler                            0x08009855   Thumb Code     4  main.o(i.Error_Handler)
    HAL_ADCEx_Calibration_Start              0x08009859   Thumb Code   210  stm32f1xx_hal_adc_ex.o(i.HAL_ADCEx_Calibration_Start)
    HAL_ADC_ConfigChannel                    0x08009931   Thumb Code   240  stm32f1xx_hal_adc.o(i.HAL_ADC_ConfigChannel)
    HAL_ADC_ConvCpltCallback                 0x08009a2d   Thumb Code     2  stm32f1xx_hal_adc.o(i.HAL_ADC_ConvCpltCallback)
    HAL_ADC_ConvHalfCpltCallback             0x08009a2f   Thumb Code     2  stm32f1xx_hal_adc.o(i.HAL_ADC_ConvHalfCpltCallback)
    HAL_ADC_ErrorCallback                    0x08009a31   Thumb Code     2  stm32f1xx_hal_adc.o(i.HAL_ADC_ErrorCallback)
    HAL_ADC_Init                             0x08009a35   Thumb Code   272  stm32f1xx_hal_adc.o(i.HAL_ADC_Init)
    HAL_ADC_MspInit                          0x08009b51   Thumb Code   124  stm32f1xx_hal_msp.o(i.HAL_ADC_MspInit)
    HAL_ADC_Start_DMA                        0x08009be1   Thumb Code   246  stm32f1xx_hal_adc.o(i.HAL_ADC_Start_DMA)
    HAL_DMA_Abort                            0x08009ced   Thumb Code    70  stm32f1xx_hal_dma.o(i.HAL_DMA_Abort)
    HAL_DMA_Abort_IT                         0x08009d35   Thumb Code   148  stm32f1xx_hal_dma.o(i.HAL_DMA_Abort_IT)
    HAL_DMA_Init                             0x08009dcd   Thumb Code    84  stm32f1xx_hal_dma.o(i.HAL_DMA_Init)
    HAL_DMA_Start_IT                         0x08009e29   Thumb Code   112  stm32f1xx_hal_dma.o(i.HAL_DMA_Start_IT)
    HAL_Delay                                0x08009e99   Thumb Code    32  stm32f1xx_hal.o(i.HAL_Delay)
    HAL_GPIO_EXTI_Callback                   0x08009ebd   Thumb Code    12  gpio_irq.o(i.HAL_GPIO_EXTI_Callback)
    HAL_GPIO_EXTI_IRQHandler                 0x08009ec9   Thumb Code    18  stm32f1xx_hal_gpio.o(i.HAL_GPIO_EXTI_IRQHandler)
    HAL_GPIO_Init                            0x08009ee1   Thumb Code   446  stm32f1xx_hal_gpio.o(i.HAL_GPIO_Init)
    HAL_GPIO_ReadPin                         0x0800a0c1   Thumb Code    10  stm32f1xx_hal_gpio.o(i.HAL_GPIO_ReadPin)
    HAL_GPIO_WritePin                        0x0800a0cb   Thumb Code    10  stm32f1xx_hal_gpio.o(i.HAL_GPIO_WritePin)
    HAL_GetTick                              0x0800a0d5   Thumb Code     6  stm32f1xx_hal.o(i.HAL_GetTick)
    HAL_IncTick                              0x0800a0e1   Thumb Code    12  stm32f1xx_hal.o(i.HAL_IncTick)
    HAL_Init                                 0x0800a0f1   Thumb Code    32  stm32f1xx_hal.o(i.HAL_Init)
    HAL_InitTick                             0x0800a115   Thumb Code   132  stm32f1xx_hal_timebase_tim.o(i.HAL_InitTick)
    HAL_MspInit                              0x0800a1ad   Thumb Code    62  stm32f1xx_hal_msp.o(i.HAL_MspInit)
    HAL_NVIC_EnableIRQ                       0x0800a1f5   Thumb Code    26  stm32f1xx_hal_cortex.o(i.HAL_NVIC_EnableIRQ)
    HAL_NVIC_SetPriority                     0x0800a211   Thumb Code    60  stm32f1xx_hal_cortex.o(i.HAL_NVIC_SetPriority)
    HAL_NVIC_SetPriorityGrouping             0x0800a251   Thumb Code    26  stm32f1xx_hal_cortex.o(i.HAL_NVIC_SetPriorityGrouping)
    HAL_RCCEx_GetPeriphCLKFreq               0x0800a275   Thumb Code   148  stm32f1xx_hal_rcc_ex.o(i.HAL_RCCEx_GetPeriphCLKFreq)
    HAL_RCCEx_PeriphCLKConfig                0x0800a319   Thumb Code   224  stm32f1xx_hal_rcc_ex.o(i.HAL_RCCEx_PeriphCLKConfig)
    HAL_RCC_ClockConfig                      0x0800a405   Thumb Code   280  stm32f1xx_hal_rcc.o(i.HAL_RCC_ClockConfig)
    HAL_RCC_GetClockConfig                   0x0800a531   Thumb Code    54  stm32f1xx_hal_rcc.o(i.HAL_RCC_GetClockConfig)
    HAL_RCC_GetPCLK1Freq                     0x0800a571   Thumb Code    20  stm32f1xx_hal_rcc.o(i.HAL_RCC_GetPCLK1Freq)
    HAL_RCC_GetPCLK2Freq                     0x0800a591   Thumb Code    20  stm32f1xx_hal_rcc.o(i.HAL_RCC_GetPCLK2Freq)
    HAL_RCC_GetSysClockFreq                  0x0800a5b1   Thumb Code    58  stm32f1xx_hal_rcc.o(i.HAL_RCC_GetSysClockFreq)
    HAL_RCC_OscConfig                        0x0800a5fd   Thumb Code   778  stm32f1xx_hal_rcc.o(i.HAL_RCC_OscConfig)
    HAL_SPI_Init                             0x0800a91d   Thumb Code   178  stm32f1xx_hal_spi.o(i.HAL_SPI_Init)
    HAL_SPI_MspInit                          0x0800a9d1   Thumb Code   102  stm32f1xx_hal_msp.o(i.HAL_SPI_MspInit)
    HAL_SPI_Receive                          0x0800aa45   Thumb Code   342  stm32f1xx_hal_spi.o(i.HAL_SPI_Receive)
    HAL_SPI_Transmit                         0x0800ab9b   Thumb Code   366  stm32f1xx_hal_spi.o(i.HAL_SPI_Transmit)
    HAL_SPI_TransmitReceive                  0x0800ad09   Thumb Code   494  stm32f1xx_hal_spi.o(i.HAL_SPI_TransmitReceive)
    HAL_TIMEx_BreakCallback                  0x0800aef7   Thumb Code     2  stm32f1xx_hal_tim_ex.o(i.HAL_TIMEx_BreakCallback)
    HAL_TIMEx_CommutCallback                 0x0800aef9   Thumb Code     2  stm32f1xx_hal_tim_ex.o(i.HAL_TIMEx_CommutCallback)
    HAL_TIMEx_MasterConfigSynchronization    0x0800aefd   Thumb Code    92  stm32f1xx_hal_tim_ex.o(i.HAL_TIMEx_MasterConfigSynchronization)
    HAL_TIM_Base_Init                        0x0800af65   Thumb Code    90  stm32f1xx_hal_tim.o(i.HAL_TIM_Base_Init)
    HAL_TIM_Base_MspInit                     0x0800afc1   Thumb Code    74  stm32f1xx_hal_msp.o(i.HAL_TIM_Base_MspInit)
    HAL_TIM_Base_Start                       0x0800b019   Thumb Code    66  stm32f1xx_hal_tim.o(i.HAL_TIM_Base_Start)
    HAL_TIM_Base_Start_IT                    0x0800b069   Thumb Code    76  stm32f1xx_hal_tim.o(i.HAL_TIM_Base_Start_IT)
    HAL_TIM_ConfigClockSource                0x0800b0c1   Thumb Code   220  stm32f1xx_hal_tim.o(i.HAL_TIM_ConfigClockSource)
    HAL_TIM_IC_CaptureCallback               0x0800b19d   Thumb Code     2  stm32f1xx_hal_tim.o(i.HAL_TIM_IC_CaptureCallback)
    HAL_TIM_IRQHandler                       0x0800b19f   Thumb Code   358  stm32f1xx_hal_tim.o(i.HAL_TIM_IRQHandler)
    HAL_TIM_MspPostInit                      0x0800b305   Thumb Code   126  stm32f1xx_hal_msp.o(i.HAL_TIM_MspPostInit)
    HAL_TIM_OC_DelayElapsedCallback          0x0800b395   Thumb Code     2  stm32f1xx_hal_tim.o(i.HAL_TIM_OC_DelayElapsedCallback)
    HAL_TIM_PWM_ConfigChannel                0x0800b397   Thumb Code   204  stm32f1xx_hal_tim.o(i.HAL_TIM_PWM_ConfigChannel)
    HAL_TIM_PWM_Init                         0x0800b463   Thumb Code    90  stm32f1xx_hal_tim.o(i.HAL_TIM_PWM_Init)
    HAL_TIM_PWM_MspInit                      0x0800b4bd   Thumb Code     2  stm32f1xx_hal_tim.o(i.HAL_TIM_PWM_MspInit)
    HAL_TIM_PWM_PulseFinishedCallback        0x0800b4bf   Thumb Code     2  stm32f1xx_hal_tim.o(i.HAL_TIM_PWM_PulseFinishedCallback)
    HAL_TIM_PWM_Start                        0x0800b4c1   Thumb Code   144  stm32f1xx_hal_tim.o(i.HAL_TIM_PWM_Start)
    HAL_TIM_PeriodElapsedCallback            0x0800b55d   Thumb Code    14  main.o(i.HAL_TIM_PeriodElapsedCallback)
    HAL_TIM_TriggerCallback                  0x0800b571   Thumb Code     2  stm32f1xx_hal_tim.o(i.HAL_TIM_TriggerCallback)
    HAL_UARTEx_ReceiveToIdle_DMA             0x0800b573   Thumb Code    78  stm32f1xx_hal_uart.o(i.HAL_UARTEx_ReceiveToIdle_DMA)
    HAL_UARTEx_RxEventCallback               0x0800b5c1   Thumb Code    86  esp01s.o(i.HAL_UARTEx_RxEventCallback)
    HAL_UART_ErrorCallback                   0x0800b651   Thumb Code     2  stm32f1xx_hal_uart.o(i.HAL_UART_ErrorCallback)
    HAL_UART_IRQHandler                      0x0800b655   Thumb Code   616  stm32f1xx_hal_uart.o(i.HAL_UART_IRQHandler)
    HAL_UART_Init                            0x0800b8c1   Thumb Code   100  stm32f1xx_hal_uart.o(i.HAL_UART_Init)
    HAL_UART_MspInit                         0x0800b925   Thumb Code   228  stm32f1xx_hal_msp.o(i.HAL_UART_MspInit)
    HAL_UART_RxCpltCallback                  0x0800ba21   Thumb Code     2  stm32f1xx_hal_uart.o(i.HAL_UART_RxCpltCallback)
    HAL_UART_RxHalfCpltCallback              0x0800ba23   Thumb Code     2  stm32f1xx_hal_uart.o(i.HAL_UART_RxHalfCpltCallback)
    HAL_UART_Transmit                        0x0800ba25   Thumb Code   154  stm32f1xx_hal_uart.o(i.HAL_UART_Transmit)
    HAL_UART_TxCpltCallback                  0x0800babf   Thumb Code     2  stm32f1xx_hal_uart.o(i.HAL_UART_TxCpltCallback)
    HardFault_Handler                        0x0800bac1   Thumb Code     2  stm32f1xx_it.o(i.HardFault_Handler)
    IR_EXTI_Callback                         0x0800bac5   Thumb Code   326  ir.o(i.IR_EXTI_Callback)
    IR_GetData                               0x0800bc15   Thumb Code    20  ir.o(i.IR_GetData)
    IR_GetRepeatFlag                         0x0800bc2d   Thumb Code     6  ir.o(i.IR_GetRepeatFlag)
    IR_Init                                  0x0800bc39   Thumb Code     6  ir.o(i.IR_Init)
    LightSensor_GetLight                     0x0800bc45   Thumb Code    28  lightsensor.o(i.LightSensor_GetLight)
    MQTT_CONNECT                             0x0800bc61   Thumb Code   178  mqtt.o(i.MQTT_CONNECT)
    MQTT_Clear_RecBuff                       0x0800be9d   Thumb Code     8  mqtt.o(i.MQTT_Clear_RecBuff)
    MQTT_GET_CONNECT_STATE                   0x0800bea9   Thumb Code     6  mqtt.o(i.MQTT_GET_CONNECT_STATE)
    MQTT_GET_DATA                            0x0800beb5   Thumb Code    52  mqtt.o(i.MQTT_GET_DATA)
    MQTT_GET_TemData                         0x0800bef5   Thumb Code    66  mqtt.o(i.MQTT_GET_TemData)
    MQTT_GET_VolumeData                      0x0800bf55   Thumb Code    66  mqtt.o(i.MQTT_GET_VolumeData)
    MQTT_Init                                0x0800bfbd   Thumb Code    66  mqtt.o(i.MQTT_Init)
    MQTT_SEND_DATA                           0x0800c045   Thumb Code    24  mqtt.o(i.MQTT_SEND_DATA)
    MQTT_SEND_NORMAL_MODE_DATA               0x0800c08d   Thumb Code    46  mqtt.o(i.MQTT_SEND_NORMAL_MODE_DATA)
    MQTT_SEND_SetMode_TemData                0x0800c111   Thumb Code    30  mqtt.o(i.MQTT_SEND_SetMode_TemData)
    MQTT_SEND_SetMode_VolumeData             0x0800c179   Thumb Code    30  mqtt.o(i.MQTT_SEND_SetMode_VolumeData)
    MemManage_Handler                        0x0800c539   Thumb Code     2  stm32f1xx_it.o(i.MemManage_Handler)
    Motor_Init                               0x0800c53d   Thumb Code     8  motor.o(i.Motor_Init)
    Motor_SetSpeed                           0x0800c549   Thumb Code    72  motor.o(i.Motor_SetSpeed)
    NMI_Handler                              0x0800c599   Thumb Code     2  stm32f1xx_it.o(i.NMI_Handler)
    OLED_Clear                               0x0800c59d   Thumb Code    34  oled.o(i.OLED_Clear)
    OLED_ClearArea                           0x0800c5c5   Thumb Code    86  oled.o(i.OLED_ClearArea)
    OLED_DrawCircle                          0x0800c621   Thumb Code   318  oled.o(i.OLED_DrawCircle)
    OLED_DrawPoint                           0x0800c761   Thumb Code    48  oled.o(i.OLED_DrawPoint)
    OLED_I2C_SendByte                        0x0800c795   Thumb Code    58  oled.o(i.OLED_I2C_SendByte)
    OLED_I2C_Start                           0x0800c7cf   Thumb Code    30  oled.o(i.OLED_I2C_Start)
    OLED_I2C_Stop                            0x0800c7ed   Thumb Code    24  oled.o(i.OLED_I2C_Stop)
    OLED_Init                                0x0800c805   Thumb Code   152  oled.o(i.OLED_Init)
    OLED_Printf                              0x0800c89d   Thumb Code    42  oled.o(i.OLED_Printf)
    OLED_ReverseArea                         0x0800c8c9   Thumb Code    84  oled.o(i.OLED_ReverseArea)
    OLED_SetCursor                           0x0800c921   Thumb Code    34  oled.o(i.OLED_SetCursor)
    OLED_ShowChar                            0x0800c945   Thumb Code    52  oled.o(i.OLED_ShowChar)
    OLED_ShowImage                           0x0800c981   Thumb Code   182  oled.o(i.OLED_ShowImage)
    OLED_ShowString                          0x0800ca3d   Thumb Code   210  oled.o(i.OLED_ShowString)
    OLED_Update                              0x0800cb19   Thumb Code    34  oled.o(i.OLED_Update)
    OLED_W_SCL                               0x0800cb41   Thumb Code    12  oled.o(i.OLED_W_SCL)
    OLED_W_SDA                               0x0800cb51   Thumb Code    12  oled.o(i.OLED_W_SDA)
    OLED_WriteCommand                        0x0800cb61   Thumb Code    34  oled.o(i.OLED_WriteCommand)
    OLED_WriteData                           0x0800cb83   Thumb Code    48  oled.o(i.OLED_WriteData)
    OTA_CHECK_NEW_APP                        0x0800cbb5   Thumb Code    98  ota.o(i.OTA_CHECK_NEW_APP)
    OTA_CLOSE_TOUC                           0x0800cc69   Thumb Code    24  ota.o(i.OTA_CLOSE_TOUC)
    OTA_CheckUpdate                          0x0800cc85   Thumb Code    40  ota.o(i.OTA_CheckUpdate)
    OTA_DOWNLOAD_NEW_APP                     0x0800cccd   Thumb Code   638  ota.o(i.OTA_DOWNLOAD_NEW_APP)
    OTA_EraseAppBlock                        0x0800cfe5   Thumb Code    34  ota.o(i.OTA_EraseAppBlock)
    OTA_GetNeedData                          0x0800d015   Thumb Code   236  ota.o(i.OTA_GetNeedData)
    OTA_Init                                 0x0800d221   Thumb Code    44  ota.o(i.OTA_Init)
    OTA_ReportVersion                        0x0800d289   Thumb Code    68  ota.o(i.OTA_ReportVersion)
    OTA_Reset                                0x0800d2d1   Thumb Code   210  ota.o(i.OTA_Reset)
    OTA_Run                                  0x0800d3c5   Thumb Code   298  ota.o(i.OTA_Run)
    OTA_TCP_CONNECT                          0x0800d5dd   Thumb Code   128  ota.o(i.OTA_TCP_CONNECT)
    OTA_TCP_DISCONNECT                       0x0800d759   Thumb Code    50  ota.o(i.OTA_TCP_DISCONNECT)
    Report_Version                           0x0800d7d9   Thumb Code    92  ota.o(i.Report_Version)
    StartDefaultTask                         0x0800d9e1   Thumb Code     8  main.o(i.StartDefaultTask)
    SysTick_Handler                          0x0800d9e9   Thumb Code    38  port.o(i.SysTick_Handler)
    SystemClock_Config                       0x0800da15   Thumb Code   104  main.o(i.SystemClock_Config)
    SystemInit                               0x0800da7d   Thumb Code     2  system_stm32f1xx.o(i.SystemInit)
    TIM4_IRQHandler                          0x0800da81   Thumb Code     6  stm32f1xx_it.o(i.TIM4_IRQHandler)
    TIM_Base_SetConfig                       0x0800da8d   Thumb Code    94  stm32f1xx_hal_tim.o(i.TIM_Base_SetConfig)
    TIM_CCxChannelCmd                        0x0800daf9   Thumb Code    26  stm32f1xx_hal_tim.o(i.TIM_CCxChannelCmd)
    TIM_ETR_SetConfig                        0x0800db13   Thumb Code    20  stm32f1xx_hal_tim.o(i.TIM_ETR_SetConfig)
    TIM_OC2_SetConfig                        0x0800db89   Thumb Code    84  stm32f1xx_hal_tim.o(i.TIM_OC2_SetConfig)
    UART_Start_Receive_DMA                   0x0800dfa5   Thumb Code   130  stm32f1xx_hal_uart.o(i.UART_Start_Receive_DMA)
    USART2_IRQHandler                        0x0800e0ad   Thumb Code     6  stm32f1xx_it.o(i.USART2_IRQHandler)
    UsageFault_Handler                       0x0800e0b9   Thumb Code     2  stm32f1xx_it.o(i.UsageFault_Handler)
    W25Q64_EraseSector                       0x0800e0bb   Thumb Code    56  w25q64.o(i.W25Q64_EraseSector)
    W25Q64_GetData                           0x0800e0f5   Thumb Code    22  w25q64.o(i.W25Q64_GetData)
    W25Q64_Init                              0x0800e111   Thumb Code    10  w25q64.o(i.W25Q64_Init)
    W25Q64_ReadPage                          0x0800e121   Thumb Code    74  w25q64.o(i.W25Q64_ReadPage)
    W25Q64_SendData                          0x0800e16d   Thumb Code    18  w25q64.o(i.W25Q64_SendData)
    W25Q64_Start                             0x0800e185   Thumb Code    12  w25q64.o(i.W25Q64_Start)
    W25Q64_Stop                              0x0800e195   Thumb Code    10  w25q64.o(i.W25Q64_Stop)
    W25Q64_WaitBusy                          0x0800e1a5   Thumb Code    28  w25q64.o(i.W25Q64_WaitBusy)
    W25Q64_WriteEnable                       0x0800e1c1   Thumb Code    20  w25q64.o(i.W25Q64_WriteEnable)
    W25Q64_WritePage                         0x0800e1d5   Thumb Code    96  w25q64.o(i.W25Q64_WritePage)
    __0printf                                0x0800e235   Thumb Code    22  printfa.o(i.__0printf)
    __1printf                                0x0800e235   Thumb Code     0  printfa.o(i.__0printf)
    __2printf                                0x0800e235   Thumb Code     0  printfa.o(i.__0printf)
    __c89printf                              0x0800e235   Thumb Code     0  printfa.o(i.__0printf)
    printf                                   0x0800e235   Thumb Code     0  printfa.o(i.__0printf)
    __0vsnprintf                             0x0800e255   Thumb Code    40  printfa.o(i.__0vsnprintf)
    __1vsnprintf                             0x0800e255   Thumb Code     0  printfa.o(i.__0vsnprintf)
    __2vsnprintf                             0x0800e255   Thumb Code     0  printfa.o(i.__0vsnprintf)
    __c89vsnprintf                           0x0800e255   Thumb Code     0  printfa.o(i.__0vsnprintf)
    vsnprintf                                0x0800e255   Thumb Code     0  printfa.o(i.__0vsnprintf)
    __0vsprintf                              0x0800e281   Thumb Code    30  printfa.o(i.__0vsprintf)
    __1vsprintf                              0x0800e281   Thumb Code     0  printfa.o(i.__0vsprintf)
    __2vsprintf                              0x0800e281   Thumb Code     0  printfa.o(i.__0vsprintf)
    __c89vsprintf                            0x0800e281   Thumb Code     0  printfa.o(i.__0vsprintf)
    vsprintf                                 0x0800e281   Thumb Code     0  printfa.o(i.__0vsprintf)
    __aeabi_errno_addr                       0x0800e2c5   Thumb Code     4  errno.o(i.__aeabi_errno_addr)
    __rt_errno_addr                          0x0800e2c5   Thumb Code     0  errno.o(i.__aeabi_errno_addr)
    __scatterload_copy                       0x0800e2cd   Thumb Code    14  handlers.o(i.__scatterload_copy)
    __scatterload_null                       0x0800e2db   Thumb Code     2  handlers.o(i.__scatterload_null)
    __scatterload_zeroinit                   0x0800e2dd   Thumb Code    14  handlers.o(i.__scatterload_zeroinit)
    app_init                                 0x0800ebc1   Thumb Code   444  task_appinit.o(i.app_init)
    configureTimerForRunTimeStats            0x0800ee35   Thumb Code     2  freertos.o(i.configureTimerForRunTimeStats)
    fputc                                    0x0800ee39   Thumb Code    20  main.o(i.fputc)
    getRunTimeCounterValue                   0x0800ee51   Thumb Code     4  freertos.o(i.getRunTimeCounterValue)
    get_length_lookup                        0x0800ee55   Thumb Code    42  ota.o(i.get_length_lookup)
    main                                     0x0800ee81   Thumb Code   186  main.o(i.main)
    mdelay                                   0x0800ef65   Thumb Code    26  driver_timer.o(i.mdelay)
    osDelay                                  0x0800ef81   Thumb Code    46  cmsis_os2.o(i.osDelay)
    osKernelInitialize                       0x0800efb5   Thumb Code    50  cmsis_os2.o(i.osKernelInitialize)
    osKernelStart                            0x0800efed   Thumb Code    58  cmsis_os2.o(i.osKernelStart)
    osThreadNew                              0x0800f02d   Thumb Code   160  cmsis_os2.o(i.osThreadNew)
    pvPortMalloc                             0x0800f845   Thumb Code   210  heap_4.o(i.pvPortMalloc)
    pvTaskIncrementMutexHeldCount            0x0800f91d   Thumb Code    18  tasks.o(i.pvTaskIncrementMutexHeldCount)
    pxPortInitialiseStack                    0x0800f935   Thumb Code    32  port.o(i.pxPortInitialiseStack)
    task_buzzer                              0x0800f959   Thumb Code   128  task_buzzer.o(i.task_buzzer)
    task_colorled                            0x0800f9e9   Thumb Code   130  task_colorled.o(i.task_colorled)
    task_dht11                               0x0800fa79   Thumb Code    54  task_dht11.o(i.task_dht11)
    task_esp01s                              0x0800fabd   Thumb Code   508  task_esp01s.o(i.task_esp01s)
    task_ir_rec                              0x0800fd01   Thumb Code   216  task_ir_rec.o(i.task_ir_rec)
    task_lightsensor                         0x0800fde9   Thumb Code    44  task_lightsensor.o(i.task_lightsensor)
    task_motor                               0x0800fe21   Thumb Code   314  task_motor.o(i.task_motor)
    task_oled                                0x0800ff85   Thumb Code  1572  task_oled.o(i.task_oled)
    task_w25q64                              0x0801060d   Thumb Code   372  task_w25q64.o(i.task_w25q64)
    udelay                                   0x080107a5   Thumb Code    52  driver_timer.o(i.udelay)
    uxListRemove                             0x080107dd   Thumb Code    38  list.o(i.uxListRemove)
    uxTaskResetEventItemValue                0x08010805   Thumb Code    20  tasks.o(i.uxTaskResetEventItemValue)
    vApplicationGetIdleTaskMemory            0x0801081d   Thumb Code    16  cmsis_os2.o(i.vApplicationGetIdleTaskMemory)
    vApplicationGetTimerTaskMemory           0x08010831   Thumb Code    18  cmsis_os2.o(i.vApplicationGetTimerTaskMemory)
    vApplicationIdleHook                     0x08010849   Thumb Code     2  freertos.o(i.vApplicationIdleHook)
    vListInitialise                          0x0801084b   Thumb Code    22  list.o(i.vListInitialise)
    vListInitialiseItem                      0x08010861   Thumb Code     6  list.o(i.vListInitialiseItem)
    vListInsert                              0x08010867   Thumb Code    48  list.o(i.vListInsert)
    vListInsertEnd                           0x08010897   Thumb Code    24  list.o(i.vListInsertEnd)
    vPortEnterCritical                       0x080108b1   Thumb Code    54  port.o(i.vPortEnterCritical)
    vPortExitCritical                        0x080108f1   Thumb Code    34  port.o(i.vPortExitCritical)
    vPortFree                                0x08010919   Thumb Code    88  heap_4.o(i.vPortFree)
    vPortSetupTimerInterrupt                 0x08010975   Thumb Code    32  port.o(i.vPortSetupTimerInterrupt)
    vPortValidateInterruptPriority           0x08010999   Thumb Code    74  port.o(i.vPortValidateInterruptPriority)
    vQueueAddToRegistry                      0x080109ed   Thumb Code    34  queue.o(i.vQueueAddToRegistry)
    vQueueWaitForMessageRestricted           0x08010a15   Thumb Code    68  queue.o(i.vQueueWaitForMessageRestricted)
    vTaskDelay                               0x08010a59   Thumb Code    66  tasks.o(i.vTaskDelay)
    vTaskInternalSetTimeOutState             0x08010aa5   Thumb Code    12  tasks.o(i.vTaskInternalSetTimeOutState)
    vTaskMissedYield                         0x08010ab5   Thumb Code     8  tasks.o(i.vTaskMissedYield)
    vTaskPlaceOnEventList                    0x08010ac1   Thumb Code    44  tasks.o(i.vTaskPlaceOnEventList)
    vTaskPlaceOnEventListRestricted          0x08010af1   Thumb Code    52  tasks.o(i.vTaskPlaceOnEventListRestricted)
    vTaskPlaceOnUnorderedEventList           0x08010b29   Thumb Code    76  tasks.o(i.vTaskPlaceOnUnorderedEventList)
    vTaskPriorityDisinheritAfterTimeout      0x08010b79   Thumb Code   134  tasks.o(i.vTaskPriorityDisinheritAfterTimeout)
    vTaskRemoveFromUnorderedEventList        0x08010c09   Thumb Code   102  tasks.o(i.vTaskRemoveFromUnorderedEventList)
    vTaskStartScheduler                      0x08010c79   Thumb Code   122  tasks.o(i.vTaskStartScheduler)
    vTaskSuspendAll                          0x08010d05   Thumb Code    10  tasks.o(i.vTaskSuspendAll)
    vTaskSwitchContext                       0x08010d15   Thumb Code   114  tasks.o(i.vTaskSwitchContext)
    xEventGroupCreate                        0x08010d91   Thumb Code    28  event_groups.o(i.xEventGroupCreate)
    xEventGroupSetBits                       0x08010dad   Thumb Code   140  event_groups.o(i.xEventGroupSetBits)
    xEventGroupWaitBits                      0x08010e39   Thumb Code   260  event_groups.o(i.xEventGroupWaitBits)
    xPortStartScheduler                      0x08010f41   Thumb Code   154  port.o(i.xPortStartScheduler)
    xQueueCreateMutex                        0x08010fe9   Thumb Code    22  queue.o(i.xQueueCreateMutex)
    xQueueGenericCreate                      0x08010fff   Thumb Code    72  queue.o(i.xQueueGenericCreate)
    xQueueGenericCreateStatic                0x08011047   Thumb Code   102  queue.o(i.xQueueGenericCreateStatic)
    xQueueGenericReset                       0x080110ad   Thumb Code   132  queue.o(i.xQueueGenericReset)
    xQueueGenericSend                        0x08011135   Thumb Code   346  queue.o(i.xQueueGenericSend)
    xQueueGenericSendFromISR                 0x08011295   Thumb Code   188  queue.o(i.xQueueGenericSendFromISR)
    xQueueReceive                            0x08011351   Thumb Code   308  queue.o(i.xQueueReceive)
    xQueueSemaphoreTake                      0x08011489   Thumb Code   372  queue.o(i.xQueueSemaphoreTake)
    xTaskCheckForTimeOut                     0x08011601   Thumb Code   112  tasks.o(i.xTaskCheckForTimeOut)
    xTaskCreate                              0x08011675   Thumb Code    90  tasks.o(i.xTaskCreate)
    xTaskCreateStatic                        0x080116cf   Thumb Code    86  tasks.o(i.xTaskCreateStatic)
    xTaskGenericNotify                       0x08011725   Thumb Code   188  tasks.o(i.xTaskGenericNotify)
    xTaskGetSchedulerState                   0x080117ed   Thumb Code    22  tasks.o(i.xTaskGetSchedulerState)
    xTaskGetTickCount                        0x08011809   Thumb Code     6  tasks.o(i.xTaskGetTickCount)
    xTaskIncrementTick                       0x08011815   Thumb Code   190  tasks.o(i.xTaskIncrementTick)
    xTaskNotifyWait                          0x080118dd   Thumb Code   130  tasks.o(i.xTaskNotifyWait)
    xTaskPriorityDisinherit                  0x08011969   Thumb Code   118  tasks.o(i.xTaskPriorityDisinherit)
    xTaskPriorityInherit                     0x080119e9   Thumb Code   112  tasks.o(i.xTaskPriorityInherit)
    xTaskRemoveFromEventList                 0x08011a61   Thumb Code    98  tasks.o(i.xTaskRemoveFromEventList)
    xTaskResumeAll                           0x08011ad1   Thumb Code   182  tasks.o(i.xTaskResumeAll)
    xTimerCreateTimerTask                    0x08011b95   Thumb Code    78  timers.o(i.xTimerCreateTimerTask)
    xTimerGenericCommand                     0x08011bf5   Thumb Code    98  timers.o(i.xTimerGenericCommand)
    defaultTask_attributes                   0x08011c5c   Data          36  main.o(.constdata)
    AHBPrescTable                            0x08011ca4   Data          16  system_stm32f1xx.o(.constdata)
    APBPrescTable                            0x08011cb4   Data           8  system_stm32f1xx.o(.constdata)
    OLED_F8x16                               0x08011cbc   Data        1520  oled_data.o(.constdata)
    OLED_F6x8                                0x080122ac   Data         570  oled_data.o(.constdata)
    OLED_CF16x16                             0x080124e6   Data        1960  oled_data.o(.constdata)
    WIFI                                     0x08012c8e   Data          32  oled_data.o(.constdata)
    Battery_75to100                          0x08012cae   Data          32  oled_data.o(.constdata)
    Battery_50to75                           0x08012cce   Data          32  oled_data.o(.constdata)
    Battery_25to50                           0x08012cee   Data          32  oled_data.o(.constdata)
    Battery_0to25                            0x08012d0e   Data          32  oled_data.o(.constdata)
    __ctype_table                            0x08012d2e   Data         129  ctype_o.o(.constdata)
    Region$$Table$$Base                      0x080131ac   Number         0  anon$$obj.o(Region$$Table)
    Region$$Table$$Limit                     0x080131cc   Number         0  anon$$obj.o(Region$$Table)
    defaultTaskHandle                        0x20000000   Data           4  main.o(.data)
    uwTickFreq                               0x20000004   Data           1  stm32f1xx_hal.o(.data)
    uwTickPrio                               0x20000008   Data           4  stm32f1xx_hal.o(.data)
    uwTick                                   0x2000000c   Data           4  stm32f1xx_hal.o(.data)
    SystemCoreClock                          0x20000010   Data           4  system_stm32f1xx.o(.data)
    pxCurrentTCB                             0x20000014   Data           4  tasks.o(.data)
    AD_Data                                  0x20000094   Data           4  ad.o(.data)
    DHT11_NUM                                0x20000098   Data           1  dht11.o(.data)
    DHT11_TEMP_DATA                          0x20000099   Data           5  dht11.o(.data)
    DHT11_HUM_DATA                           0x2000009e   Data           5  dht11.o(.data)
    IR_State                                 0x200000a5   Data           1  ir.o(.data)
    IR_RepeatFlag                            0x200000a6   Data           1  ir.o(.data)
    IR_Data                                  0x200000a7   Data           4  ir.o(.data)
    MQTT_ConnectState                        0x200000ab   Data           1  mqtt.o(.data)
    ESP01S_REC_BUFF_FLAG                     0x200000ac   Data           1  esp01s.o(.data)
    Write_Index                              0x200000ae   Data           2  esp01s.o(.data)
    Read_Index                               0x200000b0   Data           2  esp01s.o(.data)
    ESP01S_Data_Length                       0x200000b2   Data           2  esp01s.o(.data)
    ESP01S_PROTOCOL_FLAG                     0x200000b4   Data           1  esp01s.o(.data)
    OTA_State                                0x200000b8   Data           1  ota.o(.data)
    update_status                            0x200000b9   Data           1  ota.o(.data)
    mcu_version_integer                      0x200000ba   Data           2  ota.o(.data)
    mcu_version_decimals                     0x200000bc   Data           2  ota.o(.data)
    target_version_integer                   0x200000be   Data           2  ota.o(.data)
    target_version_decimals                  0x200000c0   Data           2  ota.o(.data)
    tid                                      0x200000c4   Data           4  ota.o(.data)
    target_version_size                      0x200000c8   Data           4  ota.o(.data)
    APP_RealGet_Size                         0x200000cc   Data           4  ota.o(.data)
    OTA_LastTime                             0x200000d0   Data           8  ota.o(.data)
    System_Mode                              0x200000d8   Data           1  task_appinit.o(.data)
    MQTT_CONNECT_FLAG                        0x200000d9   Data           1  task_appinit.o(.data)
    temp                                     0x200000dc   Data           3  task_appinit.o(.data)
    g_TaskHandleBuzzer                       0x200000e0   Data           4  task_appinit.o(.data)
    g_TaskHandleOLED                         0x200000e4   Data           4  task_appinit.o(.data)
    g_TaskHandleColorLED                     0x200000e8   Data           4  task_appinit.o(.data)
    g_TaskHandleESP01S                       0x200000ec   Data           4  task_appinit.o(.data)
    g_xEventIR_Rec                           0x200000f0   Data           4  task_appinit.o(.data)
    g_xEventESP01S                           0x200000f4   Data           4  task_appinit.o(.data)
    g_xEventDHT11                            0x200000f8   Data           4  task_appinit.o(.data)
    g_xEventLightSensor                      0x200000fc   Data           4  task_appinit.o(.data)
    g_xQueue_W25Q64_to_Motor                 0x20000100   Data           4  task_appinit.o(.data)
    g_xQueue_W25Q64_to_Buzzer                0x20000104   Data           4  task_appinit.o(.data)
    g_xQueue_W25Q64_to_OLED                  0x20000108   Data           4  task_appinit.o(.data)
    g_xQueue_W25Q64_to_ESP01S                0x2000010c   Data           4  task_appinit.o(.data)
    g_xQueue_OLED_to_W25Q64                  0x20000110   Data           4  task_appinit.o(.data)
    g_xQueue_ESP01S_to_W25Q64                0x20000114   Data           4  task_appinit.o(.data)
    g_xMutex_SystemMode                      0x20000118   Data           4  task_appinit.o(.data)
    g_xMutex_Set                             0x2000011c   Data           4  task_appinit.o(.data)
    System_Data                              0x20000120   Data           3  task_appinit.o(.data)
    __stdout                                 0x20000124   Data           4  stdout.o(.data)
    hadc1                                    0x2000012c   Data          48  main.o(.bss)
    hspi2                                    0x2000015c   Data          88  main.o(.bss)
    htim1                                    0x200001b4   Data          72  main.o(.bss)
    htim2                                    0x200001fc   Data          72  main.o(.bss)
    htim3                                    0x20000244   Data          72  main.o(.bss)
    huart1                                   0x2000028c   Data          72  main.o(.bss)
    huart2                                   0x200002d4   Data          72  main.o(.bss)
    hdma_adc1                                0x2000031c   Data          68  main.o(.bss)
    hdma_usart2_rx                           0x20000360   Data          68  main.o(.bss)
    htim4                                    0x200003a4   Data          72  stm32f1xx_hal_timebase_tim.o(.bss)
    xQueueRegistry                           0x200003ec   Data          64  queue.o(.bss)
    OLED_DisplayBuf                          0x200030c8   Data        1024  oled.o(.bss)
    ESP01S_REC_RING_BUFF                     0x200034c8   Data        2048  esp01s.o(.bss)
    ESP01S_REC_BUFF                          0x20003cc8   Data        1536  esp01s.o(.bss)
    ESP01S_READ_BUFF                         0x200042c8   Data         512  esp01s.o(.bss)
    ESP01S_MQTT_REC_BUFF                     0x200044c8   Data         128  esp01s.o(.bss)
    OTA_NEW_APP_BUFF                         0x20004548   Data        1280  ota.o(.bss)
    __initial_sp                             0x20004e48   Data           0  startup_stm32f103xb.o(STACK)



==============================================================================

Memory Map of the image

  Image Entry point : 0x080080ed

  Load Region LR_IROM1 (Base: 0x08008000, Size: 0x0000b2f8, Max: 0x00018000, ABSOLUTE, COMPRESSED[0x0000b1e4])

    Execution Region ER_IROM1 (Exec base: 0x08008000, Load base: 0x08008000, Size: 0x0000b1cc, Max: 0x00018000, ABSOLUTE)

    Exec Addr    Load Addr    Size         Type   Attr      Idx    E Section Name        Object

    0x08008000   0x08008000   0x000000ec   Data   RO            3    RESET               startup_stm32f103xb.o
    0x080080ec   0x080080ec   0x00000000   Code   RO         6715  * .ARM.Collect$$$$00000000  mc_w.l(entry.o)
    0x080080ec   0x080080ec   0x00000004   Code   RO         7056    .ARM.Collect$$$$00000001  mc_w.l(entry2.o)
    0x080080f0   0x080080f0   0x00000004   Code   RO         7059    .ARM.Collect$$$$00000004  mc_w.l(entry5.o)
    0x080080f4   0x080080f4   0x00000000   Code   RO         7061    .ARM.Collect$$$$00000008  mc_w.l(entry7b.o)
    0x080080f4   0x080080f4   0x00000000   Code   RO         7063    .ARM.Collect$$$$0000000A  mc_w.l(entry8b.o)
    0x080080f4   0x080080f4   0x00000008   Code   RO         7064    .ARM.Collect$$$$0000000B  mc_w.l(entry9a.o)
    0x080080fc   0x080080fc   0x00000000   Code   RO         7066    .ARM.Collect$$$$0000000D  mc_w.l(entry10a.o)
    0x080080fc   0x080080fc   0x00000000   Code   RO         7068    .ARM.Collect$$$$0000000F  mc_w.l(entry11a.o)
    0x080080fc   0x080080fc   0x00000004   Code   RO         7057    .ARM.Collect$$$$00002712  mc_w.l(entry2.o)
    0x08008100   0x08008100   0x00000096   Code   RO         5226    .emb_text           port.o
    0x08008196   0x08008196   0x00000002   PAD
    0x08008198   0x08008198   0x00000024   Code   RO            4    .text               startup_stm32f103xb.o
    0x080081bc   0x080081bc   0x00000062   Code   RO         6718    .text               mc_w.l(uldiv.o)
    0x0800821e   0x0800821e   0x00000020   Code   RO         6720    .text               mc_w.l(llushr.o)
    0x0800823e   0x0800823e   0x00000024   Code   RO         6722    .text               mc_w.l(memcpya.o)
    0x08008262   0x08008262   0x00000024   Code   RO         6726    .text               mc_w.l(memseta.o)
    0x08008286   0x08008286   0x00000024   Code   RO         6728    .text               mc_w.l(strstr.o)
    0x080082aa   0x080082aa   0x0000000e   Code   RO         6730    .text               mc_w.l(strlen.o)
    0x080082b8   0x080082b8   0x0000001c   Code   RO         6732    .text               mc_w.l(strcmp.o)
    0x080082d4   0x080082d4   0x00000038   Code   RO         6999    .text               mc_w.l(__0sscanf.o)
    0x0800830c   0x0800830c   0x0000014c   Code   RO         7001    .text               mc_w.l(_scanf_int.o)
    0x08008458   0x08008458   0x0000001a   Code   RO         7003    .text               mc_w.l(atoi.o)
    0x08008472   0x08008472   0x0000014e   Code   RO         7007    .text               mf_w.l(dadd.o)
    0x080085c0   0x080085c0   0x000000e4   Code   RO         7009    .text               mf_w.l(dmul.o)
    0x080086a4   0x080086a4   0x000000de   Code   RO         7011    .text               mf_w.l(ddiv.o)
    0x08008782   0x08008782   0x0000002e   Code   RO         7013    .text               mf_w.l(dscalb.o)
    0x080087b0   0x080087b0   0x00000022   Code   RO         7017    .text               mf_w.l(dflti.o)
    0x080087d2   0x080087d2   0x0000001a   Code   RO         7019    .text               mf_w.l(dfltui.o)
    0x080087ec   0x080087ec   0x00000032   Code   RO         7023    .text               mf_w.l(dfixui.o)
    0x0800881e   0x0800881e   0x00000002   PAD
    0x08008820   0x08008820   0x00000030   Code   RO         7027    .text               mf_w.l(cdrcmple.o)
    0x08008850   0x08008850   0x00000038   Code   RO         7029    .text               mf_w.l(d2f.o)
    0x08008888   0x08008888   0x0000002c   Code   RO         7071    .text               mc_w.l(uidiv.o)
    0x080088b4   0x080088b4   0x0000001e   Code   RO         7073    .text               mc_w.l(llshl.o)
    0x080088d2   0x080088d2   0x00000024   Code   RO         7075    .text               mc_w.l(llsshr.o)
    0x080088f6   0x080088f6   0x0000001c   Code   RO         7084    .text               mc_w.l(_chval.o)
    0x08008912   0x08008912   0x00000002   PAD
    0x08008914   0x08008914   0x00000028   Code   RO         7086    .text               mc_w.l(scanf_char.o)
    0x0800893c   0x0800893c   0x00000040   Code   RO         7088    .text               mc_w.l(_sgetc.o)
    0x0800897c   0x0800897c   0x00000070   Code   RO         7090    .text               mc_w.l(strtol.o)
    0x080089ec   0x080089ec   0x00000000   Code   RO         7092    .text               mc_w.l(iusefp.o)
    0x080089ec   0x080089ec   0x0000006e   Code   RO         7093    .text               mf_w.l(fepilogue.o)
    0x08008a5a   0x08008a5a   0x000000ba   Code   RO         7095    .text               mf_w.l(depilogue.o)
    0x08008b14   0x08008b14   0x00000030   Code   RO         7099    .text               mf_w.l(dfixul.o)
    0x08008b44   0x08008b44   0x00000024   Code   RO         7105    .text               mc_w.l(init.o)
    0x08008b68   0x08008b68   0x00000008   Code   RO         7109    .text               mc_w.l(ctype_o.o)
    0x08008b70   0x08008b70   0x00000012   Code   RO         7131    .text               mc_w.l(isspace_o.o)
    0x08008b82   0x08008b82   0x00000002   PAD
    0x08008b84   0x08008b84   0x0000032c   Code   RO         7137    .text               mc_w.l(_scanf.o)
    0x08008eb0   0x08008eb0   0x0000009e   Code   RO         7139    .text               mc_w.l(_strtoul.o)
    0x08008f4e   0x08008f4e   0x0000003a   Code   RO         7152    .text               mc_w.l(__dczerorl.o)
    0x08008f88   0x08008f88   0x00000056   Code   RO          711    i.ADC_ConversionStop_Disable  stm32f1xx_hal_adc.o
    0x08008fde   0x08008fde   0x0000004e   Code   RO          712    i.ADC_DMAConvCplt   stm32f1xx_hal_adc.o
    0x0800902c   0x0800902c   0x0000001a   Code   RO          713    i.ADC_DMAError      stm32f1xx_hal_adc.o
    0x08009046   0x08009046   0x0000000a   Code   RO          714    i.ADC_DMAHalfConvCplt  stm32f1xx_hal_adc.o
    0x08009050   0x08009050   0x0000007c   Code   RO          715    i.ADC_Enable        stm32f1xx_hal_adc.o
    0x080090cc   0x080090cc   0x0000000c   Code   RO         5306    i.AD_GetNeedValue   ad.o
    0x080090d8   0x080090d8   0x00000020   Code   RO         5307    i.AD_Init           ad.o
    0x080090f8   0x080090f8   0x00000018   Code   RO         5344    i.BUZZER_Init       buzzer.o
    0x08009110   0x08009110   0x00000034   Code   RO         5345    i.BUZZER_Music      buzzer.o
    0x08009144   0x08009144   0x00000010   Code   RO         5346    i.BUZZER_OFF        buzzer.o
    0x08009154   0x08009154   0x0000002c   Code   RO         6083    i.Battery_GetVoltage  battery.o
    0x08009180   0x08009180   0x00000002   Code   RO          477    i.BusFault_Handler  stm32f1xx_it.o
    0x08009182   0x08009182   0x0000002e   Code   RO         5348    i.Buzzer_Alarm      buzzer.o
    0x080091b0   0x080091b0   0x0000002a   Code   RO         5349    i.Buzzer_HintVoice  buzzer.o
    0x080091da   0x080091da   0x00000026   Code   RO         5412    i.ColorLED_Alarm    colorled.o
    0x08009200   0x08009200   0x0000002c   Code   RO         5413    i.ColorLED_Init     colorled.o
    0x0800922c   0x0800922c   0x00000018   Code   RO         5415    i.ColorLED_SetColor  colorled.o
    0x08009244   0x08009244   0x0000006a   Code   RO         5458    i.DHT11_GetData     dht11.o
    0x080092ae   0x080092ae   0x00000002   PAD
    0x080092b0   0x080092b0   0x00000038   Code   RO         5459    i.DHT11_Init        dht11.o
    0x080092e8   0x080092e8   0x00000006   Code   RO         5460    i.DHT11_OFF         dht11.o
    0x080092ee   0x080092ee   0x00000002   PAD
    0x080092f0   0x080092f0   0x00000018   Code   RO         5461    i.DHT11_R_Pin       dht11.o
    0x08009308   0x08009308   0x0000003c   Code   RO         5462    i.DHT11_ReadData    dht11.o
    0x08009344   0x08009344   0x00000060   Code   RO         5463    i.DHT11_Run         dht11.o
    0x080093a4   0x080093a4   0x00000024   Code   RO         5464    i.DHT11_Start       dht11.o
    0x080093c8   0x080093c8   0x00000018   Code   RO         5465    i.DHT11_W_Pin       dht11.o
    0x080093e0   0x080093e0   0x00000022   Code   RO         5466    i.DHT11_Wait        dht11.o
    0x08009402   0x08009402   0x0000002a   Code   RO         1367    i.DMA_SetConfig     stm32f1xx_hal_dma.o
    0x0800942c   0x0800942c   0x00000002   Code   RO          478    i.DebugMon_Handler  stm32f1xx_it.o
    0x0800942e   0x0800942e   0x00000002   PAD
    0x08009430   0x08009430   0x00000018   Code   RO         6209    i.ESP01S_CLEAR_READ_BUFF  esp01s.o
    0x08009448   0x08009448   0x00000010   Code   RO         6210    i.ESP01S_ClearBuff  esp01s.o
    0x08009458   0x08009458   0x00000254   Code   RO         6212    i.ESP01S_Init       esp01s.o
    0x080096ac   0x080096ac   0x00000038   Code   RO         6213    i.ESP01S_Printf     esp01s.o
    0x080096e4   0x080096e4   0x00000034   Code   RO         6214    i.ESP01S_READ_RING_BUFFER  esp01s.o
    0x08009718   0x08009718   0x00000038   Code   RO         6215    i.ESP01S_RING_BUFFER_GET_DATA_LENGTH  esp01s.o
    0x08009750   0x08009750   0x0000000e   Code   RO         6216    i.ESP01S_RING_BUFFER_GET_IDLE_LENGTH  esp01s.o
    0x0800975e   0x0800975e   0x00000002   PAD
    0x08009760   0x08009760   0x0000001c   Code   RO         6217    i.ESP01S_RING_BUFFER_Init  esp01s.o
    0x0800977c   0x0800977c   0x00000038   Code   RO         6218    i.ESP01S_UART_Init  esp01s.o
    0x080097b4   0x080097b4   0x00000060   Code   RO         6219    i.ESP01S_WRITE_RING_BUFFER  esp01s.o
    0x08009814   0x08009814   0x00000038   Code   RO         6220    i.ESP01S_WaitAck    esp01s.o
    0x0800984c   0x0800984c   0x00000008   Code   RO          479    i.EXTI15_10_IRQHandler  stm32f1xx_it.o
    0x08009854   0x08009854   0x00000004   Code   RO           13    i.Error_Handler     main.o
    0x08009858   0x08009858   0x000000d8   Code   RO          891    i.HAL_ADCEx_Calibration_Start  stm32f1xx_hal_adc_ex.o
    0x08009930   0x08009930   0x000000fc   Code   RO          717    i.HAL_ADC_ConfigChannel  stm32f1xx_hal_adc.o
    0x08009a2c   0x08009a2c   0x00000002   Code   RO          718    i.HAL_ADC_ConvCpltCallback  stm32f1xx_hal_adc.o
    0x08009a2e   0x08009a2e   0x00000002   Code   RO          719    i.HAL_ADC_ConvHalfCpltCallback  stm32f1xx_hal_adc.o
    0x08009a30   0x08009a30   0x00000002   Code   RO          721    i.HAL_ADC_ErrorCallback  stm32f1xx_hal_adc.o
    0x08009a32   0x08009a32   0x00000002   PAD
    0x08009a34   0x08009a34   0x0000011c   Code   RO          726    i.HAL_ADC_Init      stm32f1xx_hal_adc.o
    0x08009b50   0x08009b50   0x00000090   Code   RO          558    i.HAL_ADC_MspInit   stm32f1xx_hal_msp.o
    0x08009be0   0x08009be0   0x0000010c   Code   RO          733    i.HAL_ADC_Start_DMA  stm32f1xx_hal_adc.o
    0x08009cec   0x08009cec   0x00000046   Code   RO         1368    i.HAL_DMA_Abort     stm32f1xx_hal_dma.o
    0x08009d32   0x08009d32   0x00000002   PAD
    0x08009d34   0x08009d34   0x00000098   Code   RO         1369    i.HAL_DMA_Abort_IT  stm32f1xx_hal_dma.o
    0x08009dcc   0x08009dcc   0x0000005c   Code   RO         1374    i.HAL_DMA_Init      stm32f1xx_hal_dma.o
    0x08009e28   0x08009e28   0x00000070   Code   RO         1378    i.HAL_DMA_Start_IT  stm32f1xx_hal_dma.o
    0x08009e98   0x08009e98   0x00000024   Code   RO          994    i.HAL_Delay         stm32f1xx_hal.o
    0x08009ebc   0x08009ebc   0x0000000c   Code   RO         5573    i.HAL_GPIO_EXTI_Callback  gpio_irq.o
    0x08009ec8   0x08009ec8   0x00000018   Code   RO         1303    i.HAL_GPIO_EXTI_IRQHandler  stm32f1xx_hal_gpio.o
    0x08009ee0   0x08009ee0   0x000001e0   Code   RO         1304    i.HAL_GPIO_Init     stm32f1xx_hal_gpio.o
    0x0800a0c0   0x0800a0c0   0x0000000a   Code   RO         1306    i.HAL_GPIO_ReadPin  stm32f1xx_hal_gpio.o
    0x0800a0ca   0x0800a0ca   0x0000000a   Code   RO         1308    i.HAL_GPIO_WritePin  stm32f1xx_hal_gpio.o
    0x0800a0d4   0x0800a0d4   0x0000000c   Code   RO          998    i.HAL_GetTick       stm32f1xx_hal.o
    0x0800a0e0   0x0800a0e0   0x00000010   Code   RO         1004    i.HAL_IncTick       stm32f1xx_hal.o
    0x0800a0f0   0x0800a0f0   0x00000024   Code   RO         1005    i.HAL_Init          stm32f1xx_hal.o
    0x0800a114   0x0800a114   0x00000098   Code   RO          636    i.HAL_InitTick      stm32f1xx_hal_timebase_tim.o
    0x0800a1ac   0x0800a1ac   0x00000048   Code   RO          559    i.HAL_MspInit       stm32f1xx_hal_msp.o
    0x0800a1f4   0x0800a1f4   0x0000001a   Code   RO         1464    i.HAL_NVIC_EnableIRQ  stm32f1xx_hal_cortex.o
    0x0800a20e   0x0800a20e   0x00000002   PAD
    0x0800a210   0x0800a210   0x00000040   Code   RO         1470    i.HAL_NVIC_SetPriority  stm32f1xx_hal_cortex.o
    0x0800a250   0x0800a250   0x00000024   Code   RO         1471    i.HAL_NVIC_SetPriorityGrouping  stm32f1xx_hal_cortex.o
    0x0800a274   0x0800a274   0x000000a4   Code   RO         1265    i.HAL_RCCEx_GetPeriphCLKFreq  stm32f1xx_hal_rcc_ex.o
    0x0800a318   0x0800a318   0x000000ec   Code   RO         1266    i.HAL_RCCEx_PeriphCLKConfig  stm32f1xx_hal_rcc_ex.o
    0x0800a404   0x0800a404   0x0000012c   Code   RO         1162    i.HAL_RCC_ClockConfig  stm32f1xx_hal_rcc.o
    0x0800a530   0x0800a530   0x00000040   Code   RO         1166    i.HAL_RCC_GetClockConfig  stm32f1xx_hal_rcc.o
    0x0800a570   0x0800a570   0x00000020   Code   RO         1169    i.HAL_RCC_GetPCLK1Freq  stm32f1xx_hal_rcc.o
    0x0800a590   0x0800a590   0x00000020   Code   RO         1170    i.HAL_RCC_GetPCLK2Freq  stm32f1xx_hal_rcc.o
    0x0800a5b0   0x0800a5b0   0x0000004c   Code   RO         1171    i.HAL_RCC_GetSysClockFreq  stm32f1xx_hal_rcc.o
    0x0800a5fc   0x0800a5fc   0x00000320   Code   RO         1174    i.HAL_RCC_OscConfig  stm32f1xx_hal_rcc.o
    0x0800a91c   0x0800a91c   0x000000b2   Code   RO         1975    i.HAL_SPI_Init      stm32f1xx_hal_spi.o
    0x0800a9ce   0x0800a9ce   0x00000002   PAD
    0x0800a9d0   0x0800a9d0   0x00000074   Code   RO          561    i.HAL_SPI_MspInit   stm32f1xx_hal_msp.o
    0x0800aa44   0x0800aa44   0x00000156   Code   RO         1978    i.HAL_SPI_Receive   stm32f1xx_hal_spi.o
    0x0800ab9a   0x0800ab9a   0x0000016e   Code   RO         1983    i.HAL_SPI_Transmit  stm32f1xx_hal_spi.o
    0x0800ad08   0x0800ad08   0x000001ee   Code   RO         1984    i.HAL_SPI_TransmitReceive  stm32f1xx_hal_spi.o
    0x0800aef6   0x0800aef6   0x00000002   Code   RO         2992    i.HAL_TIMEx_BreakCallback  stm32f1xx_hal_tim_ex.o
    0x0800aef8   0x0800aef8   0x00000002   Code   RO         2993    i.HAL_TIMEx_CommutCallback  stm32f1xx_hal_tim_ex.o
    0x0800aefa   0x0800aefa   0x00000002   PAD
    0x0800aefc   0x0800aefc   0x00000068   Code   RO         3011    i.HAL_TIMEx_MasterConfigSynchronization  stm32f1xx_hal_tim_ex.o
    0x0800af64   0x0800af64   0x0000005a   Code   RO         2288    i.HAL_TIM_Base_Init  stm32f1xx_hal_tim.o
    0x0800afbe   0x0800afbe   0x00000002   PAD
    0x0800afc0   0x0800afc0   0x00000058   Code   RO          563    i.HAL_TIM_Base_MspInit  stm32f1xx_hal_msp.o
    0x0800b018   0x0800b018   0x00000050   Code   RO         2291    i.HAL_TIM_Base_Start  stm32f1xx_hal_tim.o
    0x0800b068   0x0800b068   0x00000058   Code   RO         2293    i.HAL_TIM_Base_Start_IT  stm32f1xx_hal_tim.o
    0x0800b0c0   0x0800b0c0   0x000000dc   Code   RO         2297    i.HAL_TIM_ConfigClockSource  stm32f1xx_hal_tim.o
    0x0800b19c   0x0800b19c   0x00000002   Code   RO         2322    i.HAL_TIM_IC_CaptureCallback  stm32f1xx_hal_tim.o
    0x0800b19e   0x0800b19e   0x00000166   Code   RO         2336    i.HAL_TIM_IRQHandler  stm32f1xx_hal_tim.o
    0x0800b304   0x0800b304   0x00000090   Code   RO          564    i.HAL_TIM_MspPostInit  stm32f1xx_hal_msp.o
    0x0800b394   0x0800b394   0x00000002   Code   RO         2339    i.HAL_TIM_OC_DelayElapsedCallback  stm32f1xx_hal_tim.o
    0x0800b396   0x0800b396   0x000000cc   Code   RO         2360    i.HAL_TIM_PWM_ConfigChannel  stm32f1xx_hal_tim.o
    0x0800b462   0x0800b462   0x0000005a   Code   RO         2363    i.HAL_TIM_PWM_Init  stm32f1xx_hal_tim.o
    0x0800b4bc   0x0800b4bc   0x00000002   Code   RO         2365    i.HAL_TIM_PWM_MspInit  stm32f1xx_hal_tim.o
    0x0800b4be   0x0800b4be   0x00000002   Code   RO         2366    i.HAL_TIM_PWM_PulseFinishedCallback  stm32f1xx_hal_tim.o
    0x0800b4c0   0x0800b4c0   0x0000009c   Code   RO         2368    i.HAL_TIM_PWM_Start  stm32f1xx_hal_tim.o
    0x0800b55c   0x0800b55c   0x00000014   Code   RO           14    i.HAL_TIM_PeriodElapsedCallback  main.o
    0x0800b570   0x0800b570   0x00000002   Code   RO         2379    i.HAL_TIM_TriggerCallback  stm32f1xx_hal_tim.o
    0x0800b572   0x0800b572   0x0000004e   Code   RO         3269    i.HAL_UARTEx_ReceiveToIdle_DMA  stm32f1xx_hal_uart.o
    0x0800b5c0   0x0800b5c0   0x00000090   Code   RO         6221    i.HAL_UARTEx_RxEventCallback  esp01s.o
    0x0800b650   0x0800b650   0x00000002   Code   RO         3285    i.HAL_UART_ErrorCallback  stm32f1xx_hal_uart.o
    0x0800b652   0x0800b652   0x00000002   PAD
    0x0800b654   0x0800b654   0x0000026c   Code   RO         3288    i.HAL_UART_IRQHandler  stm32f1xx_hal_uart.o
    0x0800b8c0   0x0800b8c0   0x00000064   Code   RO         3289    i.HAL_UART_Init     stm32f1xx_hal_uart.o
    0x0800b924   0x0800b924   0x000000fc   Code   RO          566    i.HAL_UART_MspInit  stm32f1xx_hal_msp.o
    0x0800ba20   0x0800ba20   0x00000002   Code   RO         3295    i.HAL_UART_RxCpltCallback  stm32f1xx_hal_uart.o
    0x0800ba22   0x0800ba22   0x00000002   Code   RO         3296    i.HAL_UART_RxHalfCpltCallback  stm32f1xx_hal_uart.o
    0x0800ba24   0x0800ba24   0x0000009a   Code   RO         3297    i.HAL_UART_Transmit  stm32f1xx_hal_uart.o
    0x0800babe   0x0800babe   0x00000002   Code   RO         3300    i.HAL_UART_TxCpltCallback  stm32f1xx_hal_uart.o
    0x0800bac0   0x0800bac0   0x00000002   Code   RO          480    i.HardFault_Handler  stm32f1xx_it.o
    0x0800bac2   0x0800bac2   0x00000002   PAD
    0x0800bac4   0x0800bac4   0x00000150   Code   RO         5604    i.IR_EXTI_Callback  ir.o
    0x0800bc14   0x0800bc14   0x00000018   Code   RO         5605    i.IR_GetData        ir.o
    0x0800bc2c   0x0800bc2c   0x0000000c   Code   RO         5606    i.IR_GetRepeatFlag  ir.o
    0x0800bc38   0x0800bc38   0x0000000c   Code   RO         5607    i.IR_Init           ir.o
    0x0800bc44   0x0800bc44   0x0000001c   Code   RO         5649    i.LightSensor_GetLight  lightsensor.o
    0x0800bc60   0x0800bc60   0x0000023c   Code   RO         6110    i.MQTT_CONNECT      mqtt.o
    0x0800be9c   0x0800be9c   0x0000000c   Code   RO         6111    i.MQTT_Clear_RecBuff  mqtt.o
    0x0800bea8   0x0800bea8   0x0000000c   Code   RO         6112    i.MQTT_GET_CONNECT_STATE  mqtt.o
    0x0800beb4   0x0800beb4   0x00000040   Code   RO         6113    i.MQTT_GET_DATA     mqtt.o
    0x0800bef4   0x0800bef4   0x00000060   Code   RO         6114    i.MQTT_GET_TemData  mqtt.o
    0x0800bf54   0x0800bf54   0x00000068   Code   RO         6115    i.MQTT_GET_VolumeData  mqtt.o
    0x0800bfbc   0x0800bfbc   0x00000088   Code   RO         6116    i.MQTT_Init         mqtt.o
    0x0800c044   0x0800c044   0x00000048   Code   RO         6117    i.MQTT_SEND_DATA    mqtt.o
    0x0800c08c   0x0800c08c   0x00000084   Code   RO         6118    i.MQTT_SEND_NORMAL_MODE_DATA  mqtt.o
    0x0800c110   0x0800c110   0x00000068   Code   RO         6119    i.MQTT_SEND_SetMode_TemData  mqtt.o
    0x0800c178   0x0800c178   0x00000068   Code   RO         6120    i.MQTT_SEND_SetMode_VolumeData  mqtt.o
    0x0800c1e0   0x0800c1e0   0x00000064   Code   RO           15    i.MX_ADC1_Init      main.o
    0x0800c244   0x0800c244   0x000000e4   Code   RO           16    i.MX_GPIO_Init      main.o
    0x0800c328   0x0800c328   0x00000040   Code   RO           17    i.MX_SPI2_Init      main.o
    0x0800c368   0x0800c368   0x0000006c   Code   RO           18    i.MX_TIM1_Init      main.o
    0x0800c3d4   0x0800c3d4   0x00000098   Code   RO           19    i.MX_TIM2_Init      main.o
    0x0800c46c   0x0800c46c   0x000000cc   Code   RO           20    i.MX_TIM3_Init      main.o
    0x0800c538   0x0800c538   0x00000002   Code   RO          481    i.MemManage_Handler  stm32f1xx_it.o
    0x0800c53a   0x0800c53a   0x00000002   PAD
    0x0800c53c   0x0800c53c   0x0000000c   Code   RO         5676    i.Motor_Init        motor.o
    0x0800c548   0x0800c548   0x00000050   Code   RO         5677    i.Motor_SetSpeed    motor.o
    0x0800c598   0x0800c598   0x00000002   Code   RO          482    i.NMI_Handler       stm32f1xx_it.o
    0x0800c59a   0x0800c59a   0x00000002   PAD
    0x0800c59c   0x0800c59c   0x00000028   Code   RO         5739    i.OLED_Clear        oled.o
    0x0800c5c4   0x0800c5c4   0x0000005c   Code   RO         5740    i.OLED_ClearArea    oled.o
    0x0800c620   0x0800c620   0x0000013e   Code   RO         5742    i.OLED_DrawCircle   oled.o
    0x0800c75e   0x0800c75e   0x00000002   PAD
    0x0800c760   0x0800c760   0x00000034   Code   RO         5745    i.OLED_DrawPoint    oled.o
    0x0800c794   0x0800c794   0x0000003a   Code   RO         5749    i.OLED_I2C_SendByte  oled.o
    0x0800c7ce   0x0800c7ce   0x0000001e   Code   RO         5750    i.OLED_I2C_Start    oled.o
    0x0800c7ec   0x0800c7ec   0x00000018   Code   RO         5751    i.OLED_I2C_Stop     oled.o
    0x0800c804   0x0800c804   0x00000098   Code   RO         5752    i.OLED_Init         oled.o
    0x0800c89c   0x0800c89c   0x0000002a   Code   RO         5755    i.OLED_Printf       oled.o
    0x0800c8c6   0x0800c8c6   0x00000002   PAD
    0x0800c8c8   0x0800c8c8   0x00000058   Code   RO         5757    i.OLED_ReverseArea  oled.o
    0x0800c920   0x0800c920   0x00000022   Code   RO         5758    i.OLED_SetCursor    oled.o
    0x0800c942   0x0800c942   0x00000002   PAD
    0x0800c944   0x0800c944   0x0000003c   Code   RO         5760    i.OLED_ShowChar     oled.o
    0x0800c980   0x0800c980   0x000000bc   Code   RO         5763    i.OLED_ShowImage    oled.o
    0x0800ca3c   0x0800ca3c   0x000000dc   Code   RO         5766    i.OLED_ShowString   oled.o
    0x0800cb18   0x0800cb18   0x00000028   Code   RO         5767    i.OLED_Update       oled.o
    0x0800cb40   0x0800cb40   0x00000010   Code   RO         5769    i.OLED_W_SCL        oled.o
    0x0800cb50   0x0800cb50   0x00000010   Code   RO         5770    i.OLED_W_SDA        oled.o
    0x0800cb60   0x0800cb60   0x00000022   Code   RO         5771    i.OLED_WriteCommand  oled.o
    0x0800cb82   0x0800cb82   0x00000030   Code   RO         5772    i.OLED_WriteData    oled.o
    0x0800cbb2   0x0800cbb2   0x00000002   PAD
    0x0800cbb4   0x0800cbb4   0x000000b4   Code   RO         6310    i.OTA_CHECK_NEW_APP  ota.o
    0x0800cc68   0x0800cc68   0x0000001c   Code   RO         6311    i.OTA_CLOSE_TOUC    ota.o
    0x0800cc84   0x0800cc84   0x00000048   Code   RO         6312    i.OTA_CheckUpdate   ota.o
    0x0800cccc   0x0800cccc   0x00000318   Code   RO         6313    i.OTA_DOWNLOAD_NEW_APP  ota.o
    0x0800cfe4   0x0800cfe4   0x00000030   Code   RO         6314    i.OTA_EraseAppBlock  ota.o
    0x0800d014   0x0800d014   0x0000020c   Code   RO         6315    i.OTA_GetNeedData   ota.o
    0x0800d220   0x0800d220   0x00000068   Code   RO         6316    i.OTA_Init          ota.o
    0x0800d288   0x0800d288   0x00000048   Code   RO         6317    i.OTA_ReportVersion  ota.o
    0x0800d2d0   0x0800d2d0   0x000000f4   Code   RO         6318    i.OTA_Reset         ota.o
    0x0800d3c4   0x0800d3c4   0x00000218   Code   RO         6319    i.OTA_Run           ota.o
    0x0800d5dc   0x0800d5dc   0x0000017c   Code   RO         6320    i.OTA_TCP_CONNECT   ota.o
    0x0800d758   0x0800d758   0x00000080   Code   RO         6321    i.OTA_TCP_DISCONNECT  ota.o
    0x0800d7d8   0x0800d7d8   0x000000d4   Code   RO         6322    i.Report_Version    ota.o
    0x0800d8ac   0x0800d8ac   0x0000005c   Code   RO         2012    i.SPI_EndRxTransaction  stm32f1xx_hal_spi.o
    0x0800d908   0x0800d908   0x00000020   Code   RO         2013    i.SPI_EndRxTxTransaction  stm32f1xx_hal_spi.o
    0x0800d928   0x0800d928   0x000000b8   Code   RO         2018    i.SPI_WaitFlagStateUntilTimeout  stm32f1xx_hal_spi.o
    0x0800d9e0   0x0800d9e0   0x00000008   Code   RO           21    i.StartDefaultTask  main.o
    0x0800d9e8   0x0800d9e8   0x0000002c   Code   RO         5227    i.SysTick_Handler   port.o
    0x0800da14   0x0800da14   0x00000068   Code   RO           22    i.SystemClock_Config  main.o
    0x0800da7c   0x0800da7c   0x00000002   Code   RO         3623    i.SystemInit        system_stm32f1xx.o
    0x0800da7e   0x0800da7e   0x00000002   PAD
    0x0800da80   0x0800da80   0x0000000c   Code   RO          483    i.TIM4_IRQHandler   stm32f1xx_it.o
    0x0800da8c   0x0800da8c   0x0000006c   Code   RO         2381    i.TIM_Base_SetConfig  stm32f1xx_hal_tim.o
    0x0800daf8   0x0800daf8   0x0000001a   Code   RO         2382    i.TIM_CCxChannelCmd  stm32f1xx_hal_tim.o
    0x0800db12   0x0800db12   0x00000014   Code   RO         2392    i.TIM_ETR_SetConfig  stm32f1xx_hal_tim.o
    0x0800db26   0x0800db26   0x00000010   Code   RO         2393    i.TIM_ITRx_SetConfig  stm32f1xx_hal_tim.o
    0x0800db36   0x0800db36   0x00000002   PAD
    0x0800db38   0x0800db38   0x00000050   Code   RO         2394    i.TIM_OC1_SetConfig  stm32f1xx_hal_tim.o
    0x0800db88   0x0800db88   0x00000058   Code   RO         2395    i.TIM_OC2_SetConfig  stm32f1xx_hal_tim.o
    0x0800dbe0   0x0800dbe0   0x00000058   Code   RO         2396    i.TIM_OC3_SetConfig  stm32f1xx_hal_tim.o
    0x0800dc38   0x0800dc38   0x00000044   Code   RO         2397    i.TIM_OC4_SetConfig  stm32f1xx_hal_tim.o
    0x0800dc7c   0x0800dc7c   0x00000022   Code   RO         2399    i.TIM_TI1_ConfigInputStage  stm32f1xx_hal_tim.o
    0x0800dc9e   0x0800dc9e   0x00000024   Code   RO         2401    i.TIM_TI2_ConfigInputStage  stm32f1xx_hal_tim.o
    0x0800dcc2   0x0800dcc2   0x00000010   Code   RO         3302    i.UART_DMAAbortOnError  stm32f1xx_hal_uart.o
    0x0800dcd2   0x0800dcd2   0x0000004a   Code   RO         3303    i.UART_DMAError     stm32f1xx_hal_uart.o
    0x0800dd1c   0x0800dd1c   0x00000086   Code   RO         3304    i.UART_DMAReceiveCplt  stm32f1xx_hal_uart.o
    0x0800dda2   0x0800dda2   0x0000001e   Code   RO         3306    i.UART_DMARxHalfCplt  stm32f1xx_hal_uart.o
    0x0800ddc0   0x0800ddc0   0x0000004e   Code   RO         3312    i.UART_EndRxTransfer  stm32f1xx_hal_uart.o
    0x0800de0e   0x0800de0e   0x0000001c   Code   RO         3313    i.UART_EndTxTransfer  stm32f1xx_hal_uart.o
    0x0800de2a   0x0800de2a   0x000000c2   Code   RO         3314    i.UART_Receive_IT   stm32f1xx_hal_uart.o
    0x0800deec   0x0800deec   0x000000b8   Code   RO         3315    i.UART_SetConfig    stm32f1xx_hal_uart.o
    0x0800dfa4   0x0800dfa4   0x00000090   Code   RO         3316    i.UART_Start_Receive_DMA  stm32f1xx_hal_uart.o
    0x0800e034   0x0800e034   0x00000078   Code   RO         3318    i.UART_WaitOnFlagUntilTimeout  stm32f1xx_hal_uart.o
    0x0800e0ac   0x0800e0ac   0x0000000c   Code   RO          484    i.USART2_IRQHandler  stm32f1xx_it.o
    0x0800e0b8   0x0800e0b8   0x00000002   Code   RO          485    i.UsageFault_Handler  stm32f1xx_it.o
    0x0800e0ba   0x0800e0ba   0x00000038   Code   RO         6000    i.W25Q64_EraseSector  w25q64.o
    0x0800e0f2   0x0800e0f2   0x00000002   PAD
    0x0800e0f4   0x0800e0f4   0x0000001c   Code   RO         6001    i.W25Q64_GetData    w25q64.o
    0x0800e110   0x0800e110   0x00000010   Code   RO         6002    i.W25Q64_Init       w25q64.o
    0x0800e120   0x0800e120   0x0000004a   Code   RO         6004    i.W25Q64_ReadPage   w25q64.o
    0x0800e16a   0x0800e16a   0x00000002   PAD
    0x0800e16c   0x0800e16c   0x00000018   Code   RO         6005    i.W25Q64_SendData   w25q64.o
    0x0800e184   0x0800e184   0x00000010   Code   RO         6006    i.W25Q64_Start      w25q64.o
    0x0800e194   0x0800e194   0x00000010   Code   RO         6007    i.W25Q64_Stop       w25q64.o
    0x0800e1a4   0x0800e1a4   0x0000001c   Code   RO         6008    i.W25Q64_WaitBusy   w25q64.o
    0x0800e1c0   0x0800e1c0   0x00000014   Code   RO         6009    i.W25Q64_WriteEnable  w25q64.o
    0x0800e1d4   0x0800e1d4   0x00000060   Code   RO         6010    i.W25Q64_WritePage  w25q64.o
    0x0800e234   0x0800e234   0x00000020   Code   RO         6971    i.__0printf         mc_w.l(printfa.o)
    0x0800e254   0x0800e254   0x0000002c   Code   RO         6976    i.__0vsnprintf      mc_w.l(printfa.o)
    0x0800e280   0x0800e280   0x00000024   Code   RO         6977    i.__0vsprintf       mc_w.l(printfa.o)
    0x0800e2a4   0x0800e2a4   0x00000020   Code   RO         1477    i.__NVIC_SetPriority  stm32f1xx_hal_cortex.o
    0x0800e2c4   0x0800e2c4   0x00000008   Code   RO         7077    i.__aeabi_errno_addr  mc_w.l(errno.o)
    0x0800e2cc   0x0800e2cc   0x0000000e   Code   RO         7146    i.__scatterload_copy  mc_w.l(handlers.o)
    0x0800e2da   0x0800e2da   0x00000002   Code   RO         7147    i.__scatterload_null  mc_w.l(handlers.o)
    0x0800e2dc   0x0800e2dc   0x0000000e   Code   RO         7148    i.__scatterload_zeroinit  mc_w.l(handlers.o)
    0x0800e2ea   0x0800e2ea   0x00000002   PAD
    0x0800e2ec   0x0800e2ec   0x00000184   Code   RO         6978    i._fp_digits        mc_w.l(printfa.o)
    0x0800e470   0x0800e470   0x000006dc   Code   RO         6979    i._printf_core      mc_w.l(printfa.o)
    0x0800eb4c   0x0800eb4c   0x00000024   Code   RO         6980    i._printf_post_padding  mc_w.l(printfa.o)
    0x0800eb70   0x0800eb70   0x0000002e   Code   RO         6981    i._printf_pre_padding  mc_w.l(printfa.o)
    0x0800eb9e   0x0800eb9e   0x00000016   Code   RO         6982    i._snputc           mc_w.l(printfa.o)
    0x0800ebb4   0x0800ebb4   0x0000000a   Code   RO         6983    i._sputc            mc_w.l(printfa.o)
    0x0800ebbe   0x0800ebbe   0x00000002   PAD
    0x0800ebc0   0x0800ebc0   0x00000274   Code   RO         6431    i.app_init          task_appinit.o
    0x0800ee34   0x0800ee34   0x00000002   Code   RO          316    i.configureTimerForRunTimeStats  freertos.o
    0x0800ee36   0x0800ee36   0x00000002   PAD
    0x0800ee38   0x0800ee38   0x00000018   Code   RO           23    i.fputc             main.o
    0x0800ee50   0x0800ee50   0x00000004   Code   RO          317    i.getRunTimeCounterValue  freertos.o
    0x0800ee54   0x0800ee54   0x0000002a   Code   RO         6323    i.get_length_lookup  ota.o
    0x0800ee7e   0x0800ee7e   0x00000002   PAD
    0x0800ee80   0x0800ee80   0x000000e4   Code   RO           24    i.main              main.o
    0x0800ef64   0x0800ef64   0x0000001a   Code   RO         5536    i.mdelay            driver_timer.o
    0x0800ef7e   0x0800ef7e   0x00000002   PAD
    0x0800ef80   0x0800ef80   0x00000034   Code   RO         4750    i.osDelay           cmsis_os2.o
    0x0800efb4   0x0800efb4   0x00000038   Code   RO         4764    i.osKernelInitialize  cmsis_os2.o
    0x0800efec   0x0800efec   0x00000040   Code   RO         4767    i.osKernelStart     cmsis_os2.o
    0x0800f02c   0x0800f02c   0x000000a4   Code   RO         4801    i.osThreadNew       cmsis_os2.o
    0x0800f0d0   0x0800f0d0   0x0000005c   Code   RO         4225    i.prvAddCurrentTaskToDelayedList  tasks.o
    0x0800f12c   0x0800f12c   0x000000d0   Code   RO         4226    i.prvAddNewTaskToReadyList  tasks.o
    0x0800f1fc   0x0800f1fc   0x00000058   Code   RO         4596    i.prvCheckForValidListAndQueue  timers.o
    0x0800f254   0x0800f254   0x00000026   Code   RO         3828    i.prvCopyDataFromQueue  queue.o
    0x0800f27a   0x0800f27a   0x0000006c   Code   RO         3829    i.prvCopyDataToQueue  queue.o
    0x0800f2e6   0x0800f2e6   0x00000034   Code   RO         4227    i.prvDeleteTCB      tasks.o
    0x0800f31a   0x0800f31a   0x00000002   PAD
    0x0800f31c   0x0800f31c   0x0000004c   Code   RO         5177    i.prvHeapInit       heap_4.o
    0x0800f368   0x0800f368   0x00000064   Code   RO         4228    i.prvIdleTask       tasks.o
    0x0800f3cc   0x0800f3cc   0x00000016   Code   RO         3830    i.prvInitialiseMutex  queue.o
    0x0800f3e2   0x0800f3e2   0x00000002   PAD
    0x0800f3e4   0x0800f3e4   0x00000022   Code   RO         3831    i.prvInitialiseNewQueue  queue.o
    0x0800f406   0x0800f406   0x0000009e   Code   RO         4229    i.prvInitialiseNewTask  tasks.o
    0x0800f4a4   0x0800f4a4   0x0000004c   Code   RO         5178    i.prvInsertBlockIntoFreeList  heap_4.o
    0x0800f4f0   0x0800f4f0   0x00000038   Code   RO         4598    i.prvInsertTimerInActiveList  timers.o
    0x0800f528   0x0800f528   0x0000001c   Code   RO         3832    i.prvIsQueueEmpty   queue.o
    0x0800f544   0x0800f544   0x000000cc   Code   RO         4599    i.prvProcessReceivedCommands  timers.o
    0x0800f610   0x0800f610   0x000000b4   Code   RO         4600    i.prvProcessTimerOrBlockTask  timers.o
    0x0800f6c4   0x0800f6c4   0x00000020   Code   RO         4231    i.prvResetNextTaskUnblockTime  tasks.o
    0x0800f6e4   0x0800f6e4   0x00000028   Code   RO         4601    i.prvSampleTimeNow  timers.o
    0x0800f70c   0x0800f70c   0x0000006c   Code   RO         4602    i.prvSwitchTimerLists  timers.o
    0x0800f778   0x0800f778   0x00000028   Code   RO         5228    i.prvTaskExitError  port.o
    0x0800f7a0   0x0800f7a0   0x00000014   Code   RO         3666    i.prvTestWaitCondition  event_groups.o
    0x0800f7b4   0x0800f7b4   0x00000024   Code   RO         4603    i.prvTimerTask      timers.o
    0x0800f7d8   0x0800f7d8   0x0000006a   Code   RO         3833    i.prvUnlockQueue    queue.o
    0x0800f842   0x0800f842   0x00000002   PAD
    0x0800f844   0x0800f844   0x000000d8   Code   RO         5179    i.pvPortMalloc      heap_4.o
    0x0800f91c   0x0800f91c   0x00000018   Code   RO         4235    i.pvTaskIncrementMutexHeldCount  tasks.o
    0x0800f934   0x0800f934   0x00000024   Code   RO         5229    i.pxPortInitialiseStack  port.o
    0x0800f958   0x0800f958   0x00000090   Code   RO         6488    i.task_buzzer       task_buzzer.o
    0x0800f9e8   0x0800f9e8   0x00000090   Code   RO         6516    i.task_colorled     task_colorled.o
    0x0800fa78   0x0800fa78   0x00000044   Code   RO         6540    i.task_dht11        task_dht11.o
    0x0800fabc   0x0800fabc   0x00000244   Code   RO         6564    i.task_esp01s       task_esp01s.o
    0x0800fd00   0x0800fd00   0x000000e8   Code   RO         6588    i.task_ir_rec       task_ir_rec.o
    0x0800fde8   0x0800fde8   0x00000038   Code   RO         6612    i.task_lightsensor  task_lightsensor.o
    0x0800fe20   0x0800fe20   0x00000164   Code   RO         6636    i.task_motor        task_motor.o
    0x0800ff84   0x0800ff84   0x00000688   Code   RO         6660    i.task_oled         task_oled.o
    0x0801060c   0x0801060c   0x00000198   Code   RO         6684    i.task_w25q64       task_w25q64.o
    0x080107a4   0x080107a4   0x00000038   Code   RO         5538    i.udelay            driver_timer.o
    0x080107dc   0x080107dc   0x00000026   Code   RO         3788    i.uxListRemove      list.o
    0x08010802   0x08010802   0x00000002   PAD
    0x08010804   0x08010804   0x00000018   Code   RO         4243    i.uxTaskResetEventItemValue  tasks.o
    0x0801081c   0x0801081c   0x00000014   Code   RO         4813    i.vApplicationGetIdleTaskMemory  cmsis_os2.o
    0x08010830   0x08010830   0x00000018   Code   RO         4814    i.vApplicationGetTimerTaskMemory  cmsis_os2.o
    0x08010848   0x08010848   0x00000002   Code   RO          318    i.vApplicationIdleHook  freertos.o
    0x0801084a   0x0801084a   0x00000016   Code   RO         3789    i.vListInitialise   list.o
    0x08010860   0x08010860   0x00000006   Code   RO         3790    i.vListInitialiseItem  list.o
    0x08010866   0x08010866   0x00000030   Code   RO         3791    i.vListInsert       list.o
    0x08010896   0x08010896   0x00000018   Code   RO         3792    i.vListInsertEnd    list.o
    0x080108ae   0x080108ae   0x00000002   PAD
    0x080108b0   0x080108b0   0x00000040   Code   RO         5231    i.vPortEnterCritical  port.o
    0x080108f0   0x080108f0   0x00000028   Code   RO         5232    i.vPortExitCritical  port.o
    0x08010918   0x08010918   0x0000005c   Code   RO         5180    i.vPortFree         heap_4.o
    0x08010974   0x08010974   0x00000024   Code   RO         5233    i.vPortSetupTimerInterrupt  port.o
    0x08010998   0x08010998   0x00000054   Code   RO         5234    i.vPortValidateInterruptPriority  port.o
    0x080109ec   0x080109ec   0x00000028   Code   RO         3839    i.vQueueAddToRegistry  queue.o
    0x08010a14   0x08010a14   0x00000044   Code   RO         3843    i.vQueueWaitForMessageRestricted  queue.o
    0x08010a58   0x08010a58   0x0000004c   Code   RO         4244    i.vTaskDelay        tasks.o
    0x08010aa4   0x08010aa4   0x00000010   Code   RO         4250    i.vTaskInternalSetTimeOutState  tasks.o
    0x08010ab4   0x08010ab4   0x0000000c   Code   RO         4252    i.vTaskMissedYield  tasks.o
    0x08010ac0   0x08010ac0   0x00000030   Code   RO         4254    i.vTaskPlaceOnEventList  tasks.o
    0x08010af0   0x08010af0   0x00000038   Code   RO         4255    i.vTaskPlaceOnEventListRestricted  tasks.o
    0x08010b28   0x08010b28   0x00000050   Code   RO         4256    i.vTaskPlaceOnUnorderedEventList  tasks.o
    0x08010b78   0x08010b78   0x00000090   Code   RO         4257    i.vTaskPriorityDisinheritAfterTimeout  tasks.o
    0x08010c08   0x08010c08   0x00000070   Code   RO         4259    i.vTaskRemoveFromUnorderedEventList  tasks.o
    0x08010c78   0x08010c78   0x0000008c   Code   RO         4263    i.vTaskStartScheduler  tasks.o
    0x08010d04   0x08010d04   0x00000010   Code   RO         4265    i.vTaskSuspendAll   tasks.o
    0x08010d14   0x08010d14   0x0000007c   Code   RO         4266    i.vTaskSwitchContext  tasks.o
    0x08010d90   0x08010d90   0x0000001c   Code   RO         3674    i.xEventGroupCreate  event_groups.o
    0x08010dac   0x08010dac   0x0000008c   Code   RO         3677    i.xEventGroupSetBits  event_groups.o
    0x08010e38   0x08010e38   0x00000108   Code   RO         3680    i.xEventGroupWaitBits  event_groups.o
    0x08010f40   0x08010f40   0x000000a8   Code   RO         5235    i.xPortStartScheduler  port.o
    0x08010fe8   0x08010fe8   0x00000016   Code   RO         3846    i.xQueueCreateMutex  queue.o
    0x08010ffe   0x08010ffe   0x00000048   Code   RO         3848    i.xQueueGenericCreate  queue.o
    0x08011046   0x08011046   0x00000066   Code   RO         3849    i.xQueueGenericCreateStatic  queue.o
    0x080110ac   0x080110ac   0x00000088   Code   RO         3850    i.xQueueGenericReset  queue.o
    0x08011134   0x08011134   0x00000160   Code   RO         3851    i.xQueueGenericSend  queue.o
    0x08011294   0x08011294   0x000000bc   Code   RO         3852    i.xQueueGenericSendFromISR  queue.o
    0x08011350   0x08011350   0x00000138   Code   RO         3861    i.xQueueReceive     queue.o
    0x08011488   0x08011488   0x00000178   Code   RO         3863    i.xQueueSemaphoreTake  queue.o
    0x08011600   0x08011600   0x00000074   Code   RO         4267    i.xTaskCheckForTimeOut  tasks.o
    0x08011674   0x08011674   0x0000005a   Code   RO         4268    i.xTaskCreate       tasks.o
    0x080116ce   0x080116ce   0x00000056   Code   RO         4269    i.xTaskCreateStatic  tasks.o
    0x08011724   0x08011724   0x000000c8   Code   RO         4270    i.xTaskGenericNotify  tasks.o
    0x080117ec   0x080117ec   0x0000001c   Code   RO         4273    i.xTaskGetSchedulerState  tasks.o
    0x08011808   0x08011808   0x0000000c   Code   RO         4274    i.xTaskGetTickCount  tasks.o
    0x08011814   0x08011814   0x000000c8   Code   RO         4276    i.xTaskIncrementTick  tasks.o
    0x080118dc   0x080118dc   0x0000008c   Code   RO         4278    i.xTaskNotifyWait   tasks.o
    0x08011968   0x08011968   0x00000080   Code   RO         4279    i.xTaskPriorityDisinherit  tasks.o
    0x080119e8   0x080119e8   0x00000078   Code   RO         4280    i.xTaskPriorityInherit  tasks.o
    0x08011a60   0x08011a60   0x00000070   Code   RO         4281    i.xTaskRemoveFromEventList  tasks.o
    0x08011ad0   0x08011ad0   0x000000c4   Code   RO         4282    i.xTaskResumeAll    tasks.o
    0x08011b94   0x08011b94   0x00000060   Code   RO         4610    i.xTimerCreateTimerTask  timers.o
    0x08011bf4   0x08011bf4   0x00000068   Code   RO         4611    i.xTimerGenericCommand  timers.o
    0x08011c5c   0x08011c5c   0x00000024   Data   RO           28    .constdata          main.o
    0x08011c80   0x08011c80   0x00000012   Data   RO         1175    .constdata          stm32f1xx_hal_rcc.o
    0x08011c92   0x08011c92   0x00000012   Data   RO         1267    .constdata          stm32f1xx_hal_rcc_ex.o
    0x08011ca4   0x08011ca4   0x00000010   Data   RO         3624    .constdata          system_stm32f1xx.o
    0x08011cb4   0x08011cb4   0x00000008   Data   RO         3625    .constdata          system_stm32f1xx.o
    0x08011cbc   0x08011cbc   0x000005f0   Data   RO         5977    .constdata          oled_data.o
    0x080122ac   0x080122ac   0x0000023a   Data   RO         5978    .constdata          oled_data.o
    0x080124e6   0x080124e6   0x000007a8   Data   RO         5979    .constdata          oled_data.o
    0x08012c8e   0x08012c8e   0x00000020   Data   RO         5981    .constdata          oled_data.o
    0x08012cae   0x08012cae   0x00000020   Data   RO         5982    .constdata          oled_data.o
    0x08012cce   0x08012cce   0x00000020   Data   RO         5983    .constdata          oled_data.o
    0x08012cee   0x08012cee   0x00000020   Data   RO         5984    .constdata          oled_data.o
    0x08012d0e   0x08012d0e   0x00000020   Data   RO         5985    .constdata          oled_data.o
    0x08012d2e   0x08012d2e   0x00000081   Data   RO         7110    .constdata          mc_w.l(ctype_o.o)
    0x08012daf   0x08012daf   0x00000001   PAD
    0x08012db0   0x08012db0   0x00000004   Data   RO         7111    .constdata          mc_w.l(ctype_o.o)
    0x08012db4   0x08012db4   0x0000000c   Data   RO           29    .conststring        main.o
    0x08012dc0   0x08012dc0   0x000001b3   Data   RO         6121    .conststring        mqtt.o
    0x08012f73   0x08012f73   0x00000001   PAD
    0x08012f74   0x08012f74   0x00000235   Data   RO         6325    .conststring        ota.o
    0x080131a9   0x080131a9   0x00000003   PAD
    0x080131ac   0x080131ac   0x00000020   Data   RO         7144    Region$$Table       anon$$obj.o


    Execution Region RW_IRAM1 (Exec base: 0x20000000, Load base: 0x080131cc, Size: 0x00004e48, Max: 0x00005000, ABSOLUTE, COMPRESSED[0x00000018])

    Exec Addr    Load Addr    Size         Type   Attr      Idx    E Section Name        Object

    0x20000000   COMPRESSED   0x00000004   Data   RW           30    .data               main.o
    0x20000004   COMPRESSED   0x0000000c   Data   RW         1012    .data               stm32f1xx_hal.o
    0x20000010   COMPRESSED   0x00000004   Data   RW         3626    .data               system_stm32f1xx.o
    0x20000014   COMPRESSED   0x00000044   Data   RW         4285    .data               tasks.o
    0x20000058   COMPRESSED   0x00000014   Data   RW         4619    .data               timers.o
    0x2000006c   COMPRESSED   0x00000004   Data   RW         4817    .data               cmsis_os2.o
    0x20000070   COMPRESSED   0x00000018   Data   RW         5185    .data               heap_4.o
    0x20000088   COMPRESSED   0x0000000c   Data   RW         5236    .data               port.o
    0x20000094   COMPRESSED   0x00000004   Data   RW         5308    .data               ad.o
    0x20000098   COMPRESSED   0x0000000b   Data   RW         5467    .data               dht11.o
    0x200000a3   COMPRESSED   0x00000008   Data   RW         5608    .data               ir.o
    0x200000ab   COMPRESSED   0x00000001   Data   RW         6122    .data               mqtt.o
    0x200000ac   COMPRESSED   0x00000008   Data   RW         6223    .data               esp01s.o
    0x200000b4   COMPRESSED   0x00000001   Data   RW         6224    .data               esp01s.o
    0x200000b5   COMPRESSED   0x00000003   PAD
    0x200000b8   COMPRESSED   0x00000020   Data   RW         6326    .data               ota.o
    0x200000d8   COMPRESSED   0x00000001   Data   RW         6432    .data               task_appinit.o
    0x200000d9   COMPRESSED   0x00000001   Data   RW         6433    .data               task_appinit.o
    0x200000da   COMPRESSED   0x00000002   PAD
    0x200000dc   COMPRESSED   0x00000044   Data   RW         6434    .data               task_appinit.o
    0x20000120   COMPRESSED   0x00000003   Data   RW         6435    .data               task_appinit.o
    0x20000123   COMPRESSED   0x00000001   PAD
    0x20000124   COMPRESSED   0x00000004   Data   RW         7070    .data               mc_w.l(stdout.o)
    0x20000128   COMPRESSED   0x00000004   Data   RW         7080    .data               mc_w.l(errno.o)
    0x2000012c        -       0x000001f0   Zero   RW           25    .bss                main.o
    0x2000031c        -       0x00000044   Zero   RW           26    .bss                main.o
    0x20000360        -       0x00000044   Zero   RW           27    .bss                main.o
    0x200003a4        -       0x00000048   Zero   RW          639    .bss                stm32f1xx_hal_timebase_tim.o
    0x200003ec        -       0x00000040   Zero   RW         3865    .bss                queue.o
    0x2000042c        -       0x000004c4   Zero   RW         4284    .bss                tasks.o
    0x200008f0        -       0x00000118   Zero   RW         4618    .bss                timers.o
    0x20000a08        -       0x000006c0   Zero   RW         4816    .bss                cmsis_os2.o
    0x200010c8        -       0x00002000   Zero   RW         5184    .bss                heap_4.o
    0x200030c8        -       0x00000400   Zero   RW         5774    .bss                oled.o
    0x200034c8        -       0x00001080   Zero   RW         6222    .bss                esp01s.o
    0x20004548        -       0x00000500   Zero   RW         6324    .bss                ota.o
    0x20004a48        -       0x00000400   Zero   RW            1    STACK               startup_stm32f103xb.o


==============================================================================

Image component sizes


      Code (inc. data)   RO Data    RW Data    ZI Data      Debug   Object Name

        44         14          0          4          0       1510   ad.o
        44          6          0          0          0        565   battery.o
       180         16          0          0          0       3101   buzzer.o
       380         32          0          4       1728      14694   cmsis_os2.o
       106         10          0          0          0       1929   colorled.o
       442         22          0         11          0       5970   dht11.o
        82          4          0          0          0       1710   driver_timer.o
      1194        488          0          9       4224       8149   esp01s.o
       452          4          0          0          0      26235   event_groups.o
         8          0          0          0          0     458036   freertos.o
        12          0          0          0          0        517   gpio_irq.o
       460         24          0         24       8192       4895   heap_4.o
       384         26          0          8          0       2882   ir.o
        28          0          0          0          0        563   lightsensor.o
       138          0          0          0          0       3618   list.o
      1244        106         48          4        632     474643   main.o
        92         12          0          0          0        982   motor.o
      1408        836        435          1          0       7303   mqtt.o
      1552         58          0          0       1024      13697   oled.o
         0          0       4210          0          0       1451   oled_data.o
      3362       1368        565         32       1280      37485   ota.o
       662         70          0         12          0      11269   port.o
      2004         24          0          0         64      21532   queue.o
        36          8        236          0       1024        836   startup_stm32f103xb.o
       100         18          0         12          0       5514   stm32f1xx_hal.o
      1134         56          0          0          0       8986   stm32f1xx_hal_adc.o
       216          6          0          0          0       1510   stm32f1xx_hal_adc_ex.o
       158         14          0          0          0      28370   stm32f1xx_hal_cortex.o
       468         12          0          0          0       4257   stm32f1xx_hal_dma.o
       524         40          0          0          0       4294   stm32f1xx_hal_gpio.o
       816        100          0          0          0       4997   stm32f1xx_hal_msp.o
      1304         94         18          0          0       6005   stm32f1xx_hal_rcc.o
       400         28         18          0          0       2585   stm32f1xx_hal_rcc_ex.o
      1688          4          0          0          0       8482   stm32f1xx_hal_spi.o
      1860         72          0          0          0      17595   stm32f1xx_hal_tim.o
       108         12          0          0          0       2553   stm32f1xx_hal_tim_ex.o
       152         20          0          0         72       1591   stm32f1xx_hal_timebase_tim.o
      1962         24          0          0          0      14897   stm32f1xx_hal_uart.o
        44         12          0          0          0       4238   stm32f1xx_it.o
         0          0          0          0          0       8824   stream_buffer.o
         2          0         24          4          0       1227   system_stm32f1xx.o
       628        184          0         73          0       4208   task_appinit.o
       144         16          0          0          0       3566   task_buzzer.o
       144         14          0          0          0        760   task_colorled.o
        68         14          0          0          0        529   task_dht11.o
       580         72          0          0          0       1222   task_esp01s.o
       232         16          0          0          0        778   task_ir_rec.o
        56         12          0          0          0        547   task_lightsensor.o
       356         42          0          0          0        953   task_motor.o
      1672        280          0          0          0       3792   task_oled.o
       408         36          0          0          0        774   task_w25q64.o
      2942        240          0         68       1220      31809   tasks.o
       912         82          0         20        280      26459   timers.o
       374         28          0          0          0       5669   w25q64.o

    ----------------------------------------------------------------------
     33828       4676       5590        292      19740    1310563   Object Totals
         0          0         32          0          0          0   (incl. Generated)
        62          0          4          6          0          0   (incl. Padding)

    ----------------------------------------------------------------------

      Code (inc. data)   RO Data    RW Data    ZI Data      Debug   Library Member Name

        56          8          0          0          0         84   __0sscanf.o
        58          0          0          0          0          0   __dczerorl.o
        28          0          0          0          0         68   _chval.o
       812          4          0          0          0        112   _scanf.o
       332          0          0          0          0         96   _scanf_int.o
        64          0          0          0          0         84   _sgetc.o
       158          0          0          0          0         92   _strtoul.o
        26          0          0          0          0         80   atoi.o
         8          4        133          0          0         68   ctype_o.o
         0          0          0          0          0          0   entry.o
         0          0          0          0          0          0   entry10a.o
         0          0          0          0          0          0   entry11a.o
         8          4          0          0          0          0   entry2.o
         4          0          0          0          0          0   entry5.o
         0          0          0          0          0          0   entry7b.o
         0          0          0          0          0          0   entry8b.o
         8          4          0          0          0          0   entry9a.o
         8          4          0          4          0         68   errno.o
        30          0          0          0          0          0   handlers.o
        36          8          0          0          0         68   init.o
        18          0          0          0          0         76   isspace_o.o
         0          0          0          0          0          0   iusefp.o
        30          0          0          0          0         68   llshl.o
        36          0          0          0          0         68   llsshr.o
        32          0          0          0          0         68   llushr.o
        36          0          0          0          0         68   memcpya.o
        36          0          0          0          0        108   memseta.o
      2370        100          0          0          0        748   printfa.o
        40          8          0          0          0         84   scanf_char.o
         0          0          0          4          0          0   stdout.o
        28          0          0          0          0         76   strcmp.o
        14          0          0          0          0         68   strlen.o
        36          0          0          0          0         80   strstr.o
       112          0          0          0          0         88   strtol.o
        44          0          0          0          0         80   uidiv.o
        98          0          0          0          0         92   uldiv.o
        48          0          0          0          0         68   cdrcmple.o
        56          0          0          0          0         88   d2f.o
       334          0          0          0          0        148   dadd.o
       222          0          0          0          0        100   ddiv.o
       186          0          0          0          0        176   depilogue.o
        50          0          0          0          0         76   dfixui.o
        48          0          0          0          0         68   dfixul.o
        34          0          0          0          0         76   dflti.o
        26          0          0          0          0         76   dfltui.o
       228          0          0          0          0         96   dmul.o
        46          0          0          0          0         80   dscalb.o
       110          0          0          0          0        168   fepilogue.o

    ----------------------------------------------------------------------
      5964        144        134          8          0       3812   Library Totals
        10          0          1          0          0          0   (incl. Padding)

    ----------------------------------------------------------------------

      Code (inc. data)   RO Data    RW Data    ZI Data      Debug   Library Name

      4566        144        133          8          0       2592   mc_w.l
      1388          0          0          0          0       1220   mf_w.l

    ----------------------------------------------------------------------
      5964        144        134          8          0       3812   Library Totals

    ----------------------------------------------------------------------

==============================================================================


      Code (inc. data)   RO Data    RW Data    ZI Data      Debug   

     39792       4820       5724        300      19740    1296459   Grand Totals
     39792       4820       5724         24      19740    1296459   ELF Image Totals (compressed)
     39792       4820       5724         24          0          0   ROM Totals

==============================================================================

    Total RO  Size (Code + RO Data)                45516 (  44.45kB)
    Total RW  Size (RW Data + ZI Data)             20040 (  19.57kB)
    Total ROM Size (Code + RO Data + RW Data)      45540 (  44.47kB)

==============================================================================

