Component: ARM Compiler 5.06 update 5 (build 528) Tool: armlink [4d35e2]

==============================================================================

Section Cross References

    startup_stm32f103xb.o(RESET) refers to startup_stm32f103xb.o(STACK) for __initial_sp
    startup_stm32f103xb.o(RESET) refers to startup_stm32f103xb.o(.text) for Reset_Handler
    startup_stm32f103xb.o(RESET) refers to stm32f1xx_it.o(i.NMI_Handler) for NMI_Handler
    startup_stm32f103xb.o(RESET) refers to stm32f1xx_it.o(i.HardFault_Handler) for HardFault_Handler
    startup_stm32f103xb.o(RESET) refers to stm32f1xx_it.o(i.MemManage_Handler) for MemManage_Handler
    startup_stm32f103xb.o(RESET) refers to stm32f1xx_it.o(i.BusFault_Handler) for BusFault_Handler
    startup_stm32f103xb.o(RESET) refers to stm32f1xx_it.o(i.UsageFault_Handler) for UsageFault_Handler
    startup_stm32f103xb.o(RESET) refers to port.o(.emb_text) for SVC_Handler
    startup_stm32f103xb.o(RESET) refers to stm32f1xx_it.o(i.DebugMon_Handler) for DebugMon_Handler
    startup_stm32f103xb.o(RESET) refers to port.o(i.SysTick_Handler) for SysTick_Handler
    startup_stm32f103xb.o(RESET) refers to stm32f1xx_it.o(i.TIM4_IRQHandler) for TIM4_IRQHandler
    startup_stm32f103xb.o(RESET) refers to stm32f1xx_it.o(i.USART2_IRQHandler) for USART2_IRQHandler
    startup_stm32f103xb.o(RESET) refers to stm32f1xx_it.o(i.EXTI15_10_IRQHandler) for EXTI15_10_IRQHandler
    startup_stm32f103xb.o(.text) refers to system_stm32f1xx.o(i.SystemInit) for SystemInit
    startup_stm32f103xb.o(.text) refers to entry.o(.ARM.Collect$$$$00000000) for __main
    main.o(i.HAL_TIM_PeriodElapsedCallback) refers to stm32f1xx_hal.o(i.HAL_IncTick) for HAL_IncTick
    main.o(i.MX_ADC1_Init) refers to stm32f1xx_hal_adc.o(i.HAL_ADC_Init) for HAL_ADC_Init
    main.o(i.MX_ADC1_Init) refers to main.o(i.Error_Handler) for Error_Handler
    main.o(i.MX_ADC1_Init) refers to stm32f1xx_hal_adc.o(i.HAL_ADC_ConfigChannel) for HAL_ADC_ConfigChannel
    main.o(i.MX_ADC1_Init) refers to main.o(.bss) for hadc1
    main.o(i.MX_GPIO_Init) refers to stm32f1xx_hal_gpio.o(i.HAL_GPIO_WritePin) for HAL_GPIO_WritePin
    main.o(i.MX_GPIO_Init) refers to stm32f1xx_hal_gpio.o(i.HAL_GPIO_Init) for HAL_GPIO_Init
    main.o(i.MX_GPIO_Init) refers to stm32f1xx_hal_cortex.o(i.HAL_NVIC_SetPriority) for HAL_NVIC_SetPriority
    main.o(i.MX_GPIO_Init) refers to stm32f1xx_hal_cortex.o(i.HAL_NVIC_EnableIRQ) for HAL_NVIC_EnableIRQ
    main.o(i.MX_SPI2_Init) refers to stm32f1xx_hal_spi.o(i.HAL_SPI_Init) for HAL_SPI_Init
    main.o(i.MX_SPI2_Init) refers to main.o(i.Error_Handler) for Error_Handler
    main.o(i.MX_SPI2_Init) refers to main.o(.bss) for hspi2
    main.o(i.MX_TIM1_Init) refers to stm32f1xx_hal_tim.o(i.HAL_TIM_Base_Init) for HAL_TIM_Base_Init
    main.o(i.MX_TIM1_Init) refers to main.o(i.Error_Handler) for Error_Handler
    main.o(i.MX_TIM1_Init) refers to stm32f1xx_hal_tim.o(i.HAL_TIM_ConfigClockSource) for HAL_TIM_ConfigClockSource
    main.o(i.MX_TIM1_Init) refers to stm32f1xx_hal_tim_ex.o(i.HAL_TIMEx_MasterConfigSynchronization) for HAL_TIMEx_MasterConfigSynchronization
    main.o(i.MX_TIM1_Init) refers to main.o(.bss) for htim1
    main.o(i.MX_TIM2_Init) refers to memseta.o(.text) for __aeabi_memclr4
    main.o(i.MX_TIM2_Init) refers to stm32f1xx_hal_tim.o(i.HAL_TIM_Base_Init) for HAL_TIM_Base_Init
    main.o(i.MX_TIM2_Init) refers to main.o(i.Error_Handler) for Error_Handler
    main.o(i.MX_TIM2_Init) refers to stm32f1xx_hal_tim.o(i.HAL_TIM_ConfigClockSource) for HAL_TIM_ConfigClockSource
    main.o(i.MX_TIM2_Init) refers to stm32f1xx_hal_tim.o(i.HAL_TIM_PWM_Init) for HAL_TIM_PWM_Init
    main.o(i.MX_TIM2_Init) refers to stm32f1xx_hal_tim_ex.o(i.HAL_TIMEx_MasterConfigSynchronization) for HAL_TIMEx_MasterConfigSynchronization
    main.o(i.MX_TIM2_Init) refers to stm32f1xx_hal_tim.o(i.HAL_TIM_PWM_ConfigChannel) for HAL_TIM_PWM_ConfigChannel
    main.o(i.MX_TIM2_Init) refers to stm32f1xx_hal_msp.o(i.HAL_TIM_MspPostInit) for HAL_TIM_MspPostInit
    main.o(i.MX_TIM2_Init) refers to main.o(.bss) for htim2
    main.o(i.MX_TIM3_Init) refers to memseta.o(.text) for __aeabi_memclr4
    main.o(i.MX_TIM3_Init) refers to stm32f1xx_hal_tim.o(i.HAL_TIM_Base_Init) for HAL_TIM_Base_Init
    main.o(i.MX_TIM3_Init) refers to main.o(i.Error_Handler) for Error_Handler
    main.o(i.MX_TIM3_Init) refers to stm32f1xx_hal_tim.o(i.HAL_TIM_ConfigClockSource) for HAL_TIM_ConfigClockSource
    main.o(i.MX_TIM3_Init) refers to stm32f1xx_hal_tim.o(i.HAL_TIM_PWM_Init) for HAL_TIM_PWM_Init
    main.o(i.MX_TIM3_Init) refers to stm32f1xx_hal_tim_ex.o(i.HAL_TIMEx_MasterConfigSynchronization) for HAL_TIMEx_MasterConfigSynchronization
    main.o(i.MX_TIM3_Init) refers to stm32f1xx_hal_tim.o(i.HAL_TIM_PWM_ConfigChannel) for HAL_TIM_PWM_ConfigChannel
    main.o(i.MX_TIM3_Init) refers to stm32f1xx_hal_msp.o(i.HAL_TIM_MspPostInit) for HAL_TIM_MspPostInit
    main.o(i.MX_TIM3_Init) refers to main.o(.bss) for htim3
[...]
    TAMPER_IRQHandler                        0x080001b3   Thumb Code     0  startup_stm32f103xb.o(.text)
    TIM1_BRK_IRQHandler                      0x080001b3   Thumb Code     0  startup_stm32f103xb.o(.text)
    TIM1_CC_IRQHandler                       0x080001b3   Thumb Code     0  startup_stm32f103xb.o(.text)
    TIM1_TRG_COM_IRQHandler                  0x080001b3   Thumb Code     0  startup_stm32f103xb.o(.text)
    TIM1_UP_IRQHandler                       0x080001b3   Thumb Code     0  startup_stm32f103xb.o(.text)
    TIM2_IRQHandler                          0x080001b3   Thumb Code     0  startup_stm32f103xb.o(.text)
    TIM3_IRQHandler                          0x080001b3   Thumb Code     0  startup_stm32f103xb.o(.text)
    USART1_IRQHandler                        0x080001b3   Thumb Code     0  startup_stm32f103xb.o(.text)
    USART3_IRQHandler                        0x080001b3   Thumb Code     0  startup_stm32f103xb.o(.text)
    USBWakeUp_IRQHandler                     0x080001b3   Thumb Code     0  startup_stm32f103xb.o(.text)
    USB_HP_CAN1_TX_IRQHandler                0x080001b3   Thumb Code     0  startup_stm32f103xb.o(.text)
    USB_LP_CAN1_RX0_IRQHandler               0x080001b3   Thumb Code     0  startup_stm32f103xb.o(.text)
    WWDG_IRQHandler                          0x080001b3   Thumb Code     0  startup_stm32f103xb.o(.text)
    __aeabi_uldivmod                         0x080001bd   Thumb Code    98  uldiv.o(.text)
    __aeabi_llsr                             0x0800021f   Thumb Code    32  llushr.o(.text)
    _ll_ushift_r                             0x0800021f   Thumb Code     0  llushr.o(.text)
    __aeabi_memcpy                           0x0800023f   Thumb Code    36  memcpya.o(.text)
    __aeabi_memcpy4                          0x0800023f   Thumb Code     0  memcpya.o(.text)
    __aeabi_memcpy8                          0x0800023f   Thumb Code     0  memcpya.o(.text)
    __aeabi_memset                           0x08000263   Thumb Code    14  memseta.o(.text)
    __aeabi_memset4                          0x08000263   Thumb Code     0  memseta.o(.text)
    __aeabi_memset8                          0x08000263   Thumb Code     0  memseta.o(.text)
    __aeabi_memclr                           0x08000271   Thumb Code     4  memseta.o(.text)
    __aeabi_memclr4                          0x08000271   Thumb Code     0  memseta.o(.text)
    __aeabi_memclr8                          0x08000271   Thumb Code     0  memseta.o(.text)
    memset                                   0x08000275   Thumb Code    18  memseta.o(.text)
    strstr                                   0x08000287   Thumb Code    36  strstr.o(.text)
    strlen                                   0x080002ab   Thumb Code    14  strlen.o(.text)
    strcmp                                   0x080002b9   Thumb Code    28  strcmp.o(.text)
    __0sscanf                                0x080002d5   Thumb Code    48  __0sscanf.o(.text)
    _scanf_int                               0x0800030d   Thumb Code   332  _scanf_int.o(.text)
    __aeabi_dadd                             0x08000459   Thumb Code   322  dadd.o(.text)
    __aeabi_dsub                             0x0800059b   Thumb Code     6  dadd.o(.text)
    __aeabi_drsub                            0x080005a1   Thumb Code     6  dadd.o(.text)
    __aeabi_dmul                             0x080005a7   Thumb Code   228  dmul.o(.text)
    __aeabi_ddiv                             0x0800068b   Thumb Code   222  ddiv.o(.text)
    __aeabi_i2d                              0x08000769   Thumb Code    34  dflti.o(.text)
    __aeabi_ui2d                             0x0800078b   Thumb Code    26  dfltui.o(.text)
    __aeabi_d2uiz                            0x080007a5   Thumb Code    50  dfixui.o(.text)
    __aeabi_f2d                              0x080007d7   Thumb Code    38  f2d.o(.text)
    __aeabi_cdcmpeq                          0x080007fd   Thumb Code     0  cdcmple.o(.text)
    __aeabi_cdcmple                          0x080007fd   Thumb Code    48  cdcmple.o(.text)
    __aeabi_cdrcmple                         0x0800082d   Thumb Code    48  cdrcmple.o(.text)
    __aeabi_d2f                              0x0800085d   Thumb Code    56  d2f.o(.text)
    __aeabi_uidiv                            0x08000895   Thumb Code     0  uidiv.o(.text)
    __aeabi_uidivmod                         0x08000895   Thumb Code    44  uidiv.o(.text)
    __aeabi_llsl                             0x080008c1   Thumb Code    30  llshl.o(.text)
    _ll_shift_l                              0x080008c1   Thumb Code     0  llshl.o(.text)
    __aeabi_lasr                             0x080008df   Thumb Code    36  llsshr.o(.text)
    _ll_sshift_r                             0x080008df   Thumb Code     0  llsshr.o(.text)
    _chval                                   0x08000903   Thumb Code    28  _chval.o(.text)
    __vfscanf_char                           0x0800092d   Thumb Code    20  scanf_char.o(.text)
    _sgetc                                   0x08000949   Thumb Code    30  _sgetc.o(.text)
    _sbackspace                              0x08000967   Thumb Code    34  _sgetc.o(.text)
    __I$use$fp                               0x08000989   Thumb Code     0  iusefp.o(.text)
    _float_round                             0x08000989   Thumb Code    18  fepilogue.o(.text)
    _float_epilogue                          0x0800099b   Thumb Code    92  fepilogue.o(.text)
    _double_round                            0x080009f7   Thumb Code    30  depilogue.o(.text)
    _double_epilogue                         0x08000a15   Thumb Code   156  depilogue.o(.text)
    __aeabi_d2ulz                            0x08000ab1   Thumb Code    48  dfixul.o(.text)
    __scatterload                            0x08000ae1   Thumb Code    28  init.o(.text)
    __scatterload_rt2                        0x08000ae1   Thumb Code     0  init.o(.text)
    isspace                                  0x08000b05   Thumb Code    10  isspace_c.o(.text)
    __vfscanf                                0x08000b11   Thumb Code   808  _scanf.o(.text)
    __ctype_lookup                           0x08000e3d   Thumb Code    34  ctype_c.o(.text)
    ADC_ConversionStop_Disable               0x08000e65   Thumb Code    92  stm32f1xx_hal_adc.o(i.ADC_ConversionStop_Disable)
    ADC_DMAConvCplt                          0x08000ec1   Thumb Code    82  stm32f1xx_hal_adc.o(i.ADC_DMAConvCplt)
    ADC_DMAError                             0x08000f13   Thumb Code    30  stm32f1xx_hal_adc.o(i.ADC_DMAError)
    ADC_DMAHalfConvCplt                      0x08000f31   Thumb Code    14  stm32f1xx_hal_adc.o(i.ADC_DMAHalfConvCplt)
    ADC_Enable                               0x08000f41   Thumb Code   134  stm32f1xx_hal_adc.o(i.ADC_Enable)
    AD_GetNeedValue                          0x08000fd1   Thumb Code    10  ad.o(i.AD_GetNeedValue)
    AD_Init                                  0x08000fe1   Thumb Code    20  ad.o(i.AD_Init)
    BUZZER_Init                              0x08000ffd   Thumb Code    16  buzzer.o(i.BUZZER_Init)
    BUZZER_Music                             0x08001011   Thumb Code    64  buzzer.o(i.BUZZER_Music)
    BUZZER_OFF                               0x08001055   Thumb Code    10  buzzer.o(i.BUZZER_OFF)
    BUZZER_SetVolume                         0x08001061   Thumb Code     8  buzzer.o(i.BUZZER_SetVolume)
    Battery_GetVoltage                       0x0800106d   Thumb Code    54  battery.o(i.Battery_GetVoltage)
    BusFault_Handler                         0x080010ad   Thumb Code     4  stm32f1xx_it.o(i.BusFault_Handler)
    Buzzer_Alarm                             0x080010b1   Thumb Code    46  buzzer.o(i.Buzzer_Alarm)
    Buzzer_HintVoice                         0x080010df   Thumb Code    42  buzzer.o(i.Buzzer_HintVoice)
    ColorLED_Alarm                           0x08001109   Thumb Code    36  colorled.o(i.ColorLED_Alarm)
    ColorLED_Init                            0x0800112d   Thumb Code    38  colorled.o(i.ColorLED_Init)
    ColorLED_SetColor                        0x08001159   Thumb Code    20  colorled.o(i.ColorLED_SetColor)
    DHT11_GetData                            0x08001171   Thumb Code   112  dht11.o(i.DHT11_GetData)
    DHT11_Init                               0x080011e1   Thumb Code    46  dht11.o(i.DHT11_Init)
    DHT11_OFF                                0x08001219   Thumb Code    10  dht11.o(i.DHT11_OFF)
    DHT11_R_Pin                              0x08001225   Thumb Code    24  dht11.o(i.DHT11_R_Pin)
    DHT11_ReadData                           0x08001241   Thumb Code    58  dht11.o(i.DHT11_ReadData)
    DHT11_Run                                0x0800127d   Thumb Code   102  dht11.o(i.DHT11_Run)
    DHT11_Start                              0x080012f1   Thumb Code    34  dht11.o(i.DHT11_Start)
    DHT11_W_Pin                              0x08001315   Thumb Code    30  dht11.o(i.DHT11_W_Pin)
    DHT11_Wait                               0x08001339   Thumb Code    32  dht11.o(i.DHT11_Wait)
    DebugMon_Handler                         0x08001385   Thumb Code     2  stm32f1xx_it.o(i.DebugMon_Handler)
    EXTI15_10_IRQHandler                     0x08001387   Thumb Code    12  stm32f1xx_it.o(i.EXTI15_10_IRQHandler)
    Error_Handler                            0x08001393   Thumb Code     6  main.o(i.Error_Handler)
    Esp01s_GetConnectState                   0x08001399   Thumb Code    38  esp01s.o(i.Esp01s_GetConnectState)
    HAL_ADCEx_Calibration_Start              0x080013ed   Thumb Code   278  stm32f1xx_hal_adc_ex.o(i.HAL_ADCEx_Calibration_Start)
    HAL_ADC_ConfigChannel                    0x08001509   Thumb Code   338  stm32f1xx_hal_adc.o(i.HAL_ADC_ConfigChannel)
    HAL_ADC_ConvCpltCallback                 0x08001669   Thumb Code     2  stm32f1xx_hal_adc.o(i.HAL_ADC_ConvCpltCallback)
    HAL_ADC_ConvHalfCpltCallback             0x0800166b   Thumb Code     2  stm32f1xx_hal_adc.o(i.HAL_ADC_ConvHalfCpltCallback)
    HAL_ADC_ErrorCallback                    0x0800166d   Thumb Code     2  stm32f1xx_hal_adc.o(i.HAL_ADC_ErrorCallback)
    HAL_ADC_Init                             0x08001671   Thumb Code   314  stm32f1xx_hal_adc.o(i.HAL_ADC_Init)
    HAL_ADC_MspInit                          0x080017b5   Thumb Code   154  stm32f1xx_hal_msp.o(i.HAL_ADC_MspInit)
    HAL_ADC_Start_DMA                        0x08001865   Thumb Code   362  stm32f1xx_hal_adc.o(i.HAL_ADC_Start_DMA)
    HAL_DMA_Abort                            0x080019e5   Thumb Code    86  stm32f1xx_hal_dma.o(i.HAL_DMA_Abort)
    HAL_DMA_Abort_IT                         0x08001a3d   Thumb Code   172  stm32f1xx_hal_dma.o(i.HAL_DMA_Abort_IT)
    HAL_DMA_Init                             0x08001aed   Thumb Code   100  stm32f1xx_hal_dma.o(i.HAL_DMA_Init)
    HAL_DMA_Start_IT                         0x08001b55   Thumb Code   156  stm32f1xx_hal_dma.o(i.HAL_DMA_Start_IT)
    HAL_GPIO_EXTI_Callback                   0x08001bf1   Thumb Code    16  gpio_irq.o(i.HAL_GPIO_EXTI_Callback)
    HAL_GPIO_EXTI_IRQHandler                 0x08001c01   Thumb Code    24  stm32f1xx_hal_gpio.o(i.HAL_GPIO_EXTI_IRQHandler)
    HAL_GPIO_Init                            0x08001c1d   Thumb Code   766  stm32f1xx_hal_gpio.o(i.HAL_GPIO_Init)
    HAL_GPIO_ReadPin                         0x08001f3d   Thumb Code    16  stm32f1xx_hal_gpio.o(i.HAL_GPIO_ReadPin)
    HAL_GPIO_WritePin                        0x08001f4d   Thumb Code    12  stm32f1xx_hal_gpio.o(i.HAL_GPIO_WritePin)
    HAL_GetTick                              0x08001f59   Thumb Code     6  stm32f1xx_hal.o(i.HAL_GetTick)
    HAL_IncTick                              0x08001f65   Thumb Code    16  stm32f1xx_hal.o(i.HAL_IncTick)
    HAL_Init                                 0x08001f7d   Thumb Code    34  stm32f1xx_hal.o(i.HAL_Init)
    HAL_InitTick                             0x08001fa5   Thumb Code   158  stm32f1xx_hal_timebase_tim.o(i.HAL_InitTick)
    HAL_MspInit                              0x08002059   Thumb Code    86  stm32f1xx_hal_msp.o(i.HAL_MspInit)
    HAL_NVIC_EnableIRQ                       0x080020b9   Thumb Code    32  stm32f1xx_hal_cortex.o(i.HAL_NVIC_EnableIRQ)
    HAL_NVIC_SetPriority                     0x080020d9   Thumb Code   124  stm32f1xx_hal_cortex.o(i.HAL_NVIC_SetPriority)
    HAL_NVIC_SetPriorityGrouping             0x08002155   Thumb Code    32  stm32f1xx_hal_cortex.o(i.HAL_NVIC_SetPriorityGrouping)
    HAL_RCCEx_GetPeriphCLKFreq               0x0800217d   Thumb Code   232  stm32f1xx_hal_rcc_ex.o(i.HAL_RCCEx_GetPeriphCLKFreq)
    HAL_RCCEx_PeriphCLKConfig                0x08002279   Thumb Code   290  stm32f1xx_hal_rcc_ex.o(i.HAL_RCCEx_PeriphCLKConfig)
    HAL_RCC_ClockConfig                      0x080023a9   Thumb Code   376  stm32f1xx_hal_rcc.o(i.HAL_RCC_ClockConfig)
    HAL_RCC_GetClockConfig                   0x08002535   Thumb Code    58  stm32f1xx_hal_rcc.o(i.HAL_RCC_GetClockConfig)
    HAL_RCC_GetHCLKFreq                      0x08002579   Thumb Code     6  stm32f1xx_hal_rcc.o(i.HAL_RCC_GetHCLKFreq)
    HAL_RCC_GetPCLK1Freq                     0x08002585   Thumb Code    22  stm32f1xx_hal_rcc.o(i.HAL_RCC_GetPCLK1Freq)
    HAL_RCC_GetPCLK2Freq                     0x080025a5   Thumb Code    22  stm32f1xx_hal_rcc.o(i.HAL_RCC_GetPCLK2Freq)
    HAL_RCC_GetSysClockFreq                  0x080025c5   Thumb Code    92  stm32f1xx_hal_rcc.o(i.HAL_RCC_GetSysClockFreq)
    HAL_RCC_OscConfig                        0x08002635   Thumb Code  1114  stm32f1xx_hal_rcc.o(i.HAL_RCC_OscConfig)
    HAL_SPI_Init                             0x08002a99   Thumb Code   190  stm32f1xx_hal_spi.o(i.HAL_SPI_Init)
    HAL_SPI_MspInit                          0x08002b59   Thumb Code   124  stm32f1xx_hal_msp.o(i.HAL_SPI_MspInit)
    HAL_SPI_Receive                          0x08002be1   Thumb Code   382  stm32f1xx_hal_spi.o(i.HAL_SPI_Receive)
    HAL_SPI_Transmit                         0x08002d5f   Thumb Code   444  stm32f1xx_hal_spi.o(i.HAL_SPI_Transmit)
    HAL_SPI_TransmitReceive                  0x08002f1b   Thumb Code   576  stm32f1xx_hal_spi.o(i.HAL_SPI_TransmitReceive)
    HAL_TIMEx_BreakCallback                  0x0800315b   Thumb Code     2  stm32f1xx_hal_tim_ex.o(i.HAL_TIMEx_BreakCallback)
    HAL_TIMEx_CommutCallback                 0x0800315d   Thumb Code     2  stm32f1xx_hal_tim_ex.o(i.HAL_TIMEx_CommutCallback)
    HAL_TIMEx_MasterConfigSynchronization    0x08003161   Thumb Code   118  stm32f1xx_hal_tim_ex.o(i.HAL_TIMEx_MasterConfigSynchronization)
    HAL_TIM_Base_Init                        0x080031e5   Thumb Code   102  stm32f1xx_hal_tim.o(i.HAL_TIM_Base_Init)
    HAL_TIM_Base_MspInit                     0x0800324d   Thumb Code   112  stm32f1xx_hal_msp.o(i.HAL_TIM_Base_MspInit)
    HAL_TIM_Base_Start                       0x080032c9   Thumb Code    94  stm32f1xx_hal_tim.o(i.HAL_TIM_Base_Start)
    HAL_TIM_Base_Start_IT                    0x08003335   Thumb Code   106  stm32f1xx_hal_tim.o(i.HAL_TIM_Base_Start_IT)
    HAL_TIM_ConfigClockSource                0x080033ad   Thumb Code   268  stm32f1xx_hal_tim.o(i.HAL_TIM_ConfigClockSource)
    HAL_TIM_IC_CaptureCallback               0x080034b9   Thumb Code     2  stm32f1xx_hal_tim.o(i.HAL_TIM_IC_CaptureCallback)
    HAL_TIM_IRQHandler                       0x080034bb   Thumb Code   406  stm32f1xx_hal_tim.o(i.HAL_TIM_IRQHandler)
    HAL_TIM_MspPostInit                      0x08003651   Thumb Code   172  stm32f1xx_hal_msp.o(i.HAL_TIM_MspPostInit)
    HAL_TIM_OC_DelayElapsedCallback          0x0800370d   Thumb Code     2  stm32f1xx_hal_tim.o(i.HAL_TIM_OC_DelayElapsedCallback)
    HAL_TIM_PWM_ConfigChannel                0x0800370f   Thumb Code   260  stm32f1xx_hal_tim.o(i.HAL_TIM_PWM_ConfigChannel)
    HAL_TIM_PWM_Init                         0x08003813   Thumb Code   102  stm32f1xx_hal_tim.o(i.HAL_TIM_PWM_Init)
    HAL_TIM_PWM_MspInit                      0x08003879   Thumb Code     2  stm32f1xx_hal_tim.o(i.HAL_TIM_PWM_MspInit)
    HAL_TIM_PWM_PulseFinishedCallback        0x0800387b   Thumb Code     2  stm32f1xx_hal_tim.o(i.HAL_TIM_PWM_PulseFinishedCallback)
    HAL_TIM_PWM_Start                        0x0800387d   Thumb Code   198  stm32f1xx_hal_tim.o(i.HAL_TIM_PWM_Start)
    HAL_TIM_PeriodElapsedCallback            0x08003951   Thumb Code    18  main.o(i.HAL_TIM_PeriodElapsedCallback)
    HAL_TIM_TriggerCallback                  0x08003969   Thumb Code     2  stm32f1xx_hal_tim.o(i.HAL_TIM_TriggerCallback)
    HAL_UARTEx_RxEventCallback               0x0800396b   Thumb Code     2  stm32f1xx_hal_uart.o(i.HAL_UARTEx_RxEventCallback)
    HAL_UART_ErrorCallback                   0x0800396d   Thumb Code     2  stm32f1xx_hal_uart.o(i.HAL_UART_ErrorCallback)
    HAL_UART_IRQHandler                      0x08003971   Thumb Code   736  stm32f1xx_hal_uart.o(i.HAL_UART_IRQHandler)
    HAL_UART_Init                            0x08003c55   Thumb Code   118  stm32f1xx_hal_uart.o(i.HAL_UART_Init)
    HAL_UART_MspInit                         0x08003ccd   Thumb Code   240  stm32f1xx_hal_msp.o(i.HAL_UART_MspInit)
    HAL_UART_Receive_IT                      0x08003dcd   Thumb Code    44  stm32f1xx_hal_uart.o(i.HAL_UART_Receive_IT)
    HAL_UART_RxCpltCallback                  0x08003df9   Thumb Code   130  esp01s.o(i.HAL_UART_RxCpltCallback)
    HAL_UART_Transmit                        0x08003e99   Thumb Code   178  stm32f1xx_hal_uart.o(i.HAL_UART_Transmit)
    HAL_UART_TxCpltCallback                  0x08003f4b   Thumb Code     2  stm32f1xx_hal_uart.o(i.HAL_UART_TxCpltCallback)
    HardFault_Handler                        0x08003f4d   Thumb Code     4  stm32f1xx_it.o(i.HardFault_Handler)
    IR_EXTI_Callback                         0x08003f51   Thumb Code   466  ir.o(i.IR_EXTI_Callback)
    IR_GetData                               0x0800413d   Thumb Code    22  ir.o(i.IR_GetData)
    IR_GetRepeatFlag                         0x0800415d   Thumb Code     6  ir.o(i.IR_GetRepeatFlag)
    IR_Init                                  0x08004169   Thumb Code    10  ir.o(i.IR_Init)
    LightSensor_GetLight                     0x08004179   Thumb Code    34  lightsensor.o(i.LightSensor_GetLight)
    MemManage_Handler                        0x080045e1   Thumb Code     4  stm32f1xx_it.o(i.MemManage_Handler)
    Motor_Init                               0x080045e5   Thumb Code    12  motor.o(i.Motor_Init)
    Motor_SetSpeed                           0x080045f5   Thumb Code    80  motor.o(i.Motor_SetSpeed)
    NMI_Handler                              0x0800464d   Thumb Code     4  stm32f1xx_it.o(i.NMI_Handler)
    OLED_Clear                               0x08004651   Thumb Code    36  oled.o(i.OLED_Clear)
    OLED_ClearArea                           0x08004679   Thumb Code   140  oled.o(i.OLED_ClearArea)
    OLED_DrawCircle                          0x08004709   Thumb Code   352  oled.o(i.OLED_DrawCircle)
    OLED_DrawPoint                           0x08004869   Thumb Code    76  oled.o(i.OLED_DrawPoint)
    OLED_I2C_SendByte                        0x080048b9   Thumb Code    62  oled.o(i.OLED_I2C_SendByte)
    OLED_I2C_Start                           0x080048f7   Thumb Code    28  oled.o(i.OLED_I2C_Start)
    OLED_I2C_Stop                            0x08004913   Thumb Code    22  oled.o(i.OLED_I2C_Stop)
    OLED_Init                                0x08004929   Thumb Code   150  oled.o(i.OLED_Init)
    OLED_Printf                              0x080049bf   Thumb Code    50  oled.o(i.OLED_Printf)
    OLED_ReverseArea                         0x080049f1   Thumb Code   140  oled.o(i.OLED_ReverseArea)
    OLED_SetCursor                           0x08004a81   Thumb Code    34  oled.o(i.OLED_SetCursor)
    OLED_ShowChar                            0x08004aa5   Thumb Code    74  oled.o(i.OLED_ShowChar)
    OLED_ShowImage                           0x08004af9   Thumb Code   248  oled.o(i.OLED_ShowImage)
    OLED_ShowString                          0x08004bf5   Thumb Code   262  oled.o(i.OLED_ShowString)
    OLED_Update                              0x08004d05   Thumb Code    36  oled.o(i.OLED_Update)
    OLED_W_SCL                               0x08004d2d   Thumb Code    18  oled.o(i.OLED_W_SCL)
    OLED_W_SDA                               0x08004d45   Thumb Code    18  oled.o(i.OLED_W_SDA)
    OLED_WriteCommand                        0x08004d5d   Thumb Code    32  oled.o(i.OLED_WriteCommand)
    OLED_WriteData                           0x08004d7d   Thumb Code    46  oled.o(i.OLED_WriteData)
    StartDefaultTask                         0x08004f4d   Thumb Code    10  main.o(i.StartDefaultTask)
    SysTick_Handler                          0x08004f59   Thumb Code    46  port.o(i.SysTick_Handler)
    SystemClock_Config                       0x08004f8d   Thumb Code   110  main.o(i.SystemClock_Config)
    SystemInit                               0x08004ffb   Thumb Code     2  system_stm32f1xx.o(i.SystemInit)
    TIM4_IRQHandler                          0x08004ffd   Thumb Code    10  stm32f1xx_it.o(i.TIM4_IRQHandler)
    TIM_Base_SetConfig                       0x0800500d   Thumb Code   104  stm32f1xx_hal_tim.o(i.TIM_Base_SetConfig)
    TIM_CCxChannelCmd                        0x08005081   Thumb Code    34  stm32f1xx_hal_tim.o(i.TIM_CCxChannelCmd)
    TIM_ETR_SetConfig                        0x080050a3   Thumb Code    22  stm32f1xx_hal_tim.o(i.TIM_ETR_SetConfig)
    TIM_OC2_SetConfig                        0x0800512d   Thumb Code   100  stm32f1xx_hal_tim.o(i.TIM_OC2_SetConfig)
    UART_Start_Receive_IT                    0x0800552d   Thumb Code    64  stm32f1xx_hal_uart.o(i.UART_Start_Receive_IT)
    USART2_IRQHandler                        0x08005661   Thumb Code    10  stm32f1xx_it.o(i.USART2_IRQHandler)
    UsageFault_Handler                       0x08005671   Thumb Code     4  stm32f1xx_it.o(i.UsageFault_Handler)
    W25Q64_EraseSector                       0x08005675   Thumb Code    56  w25q64.o(i.W25Q64_EraseSector)
    W25Q64_GetData                           0x080056ad   Thumb Code    22  w25q64.o(i.W25Q64_GetData)
    W25Q64_Init                              0x080056c9   Thumb Code    14  w25q64.o(i.W25Q64_Init)
    W25Q64_ReadPage                          0x080056dd   Thumb Code    74  w25q64.o(i.W25Q64_ReadPage)
    W25Q64_SendData                          0x08005729   Thumb Code    18  w25q64.o(i.W25Q64_SendData)
    W25Q64_Start                             0x08005741   Thumb Code    16  w25q64.o(i.W25Q64_Start)
    W25Q64_Stop                              0x08005755   Thumb Code    14  w25q64.o(i.W25Q64_Stop)
    W25Q64_WaitBusy                          0x08005769   Thumb Code    32  w25q64.o(i.W25Q64_WaitBusy)
    W25Q64_WriteEnable                       0x08005789   Thumb Code    18  w25q64.o(i.W25Q64_WriteEnable)
    W25Q64_WritePage                         0x0800579b   Thumb Code    92  w25q64.o(i.W25Q64_WritePage)
    __0printf                                0x080057f9   Thumb Code    22  printfa.o(i.__0printf)
    __1printf                                0x080057f9   Thumb Code     0  printfa.o(i.__0printf)
    __2printf                                0x080057f9   Thumb Code     0  printfa.o(i.__0printf)
    __c89printf                              0x080057f9   Thumb Code     0  printfa.o(i.__0printf)
    printf                                   0x080057f9   Thumb Code     0  printfa.o(i.__0printf)
    __0sprintf                               0x08005819   Thumb Code    34  printfa.o(i.__0sprintf)
    __1sprintf                               0x08005819   Thumb Code     0  printfa.o(i.__0sprintf)
    __2sprintf                               0x08005819   Thumb Code     0  printfa.o(i.__0sprintf)
    __c89sprintf                             0x08005819   Thumb Code     0  printfa.o(i.__0sprintf)
    sprintf                                  0x08005819   Thumb Code     0  printfa.o(i.__0sprintf)
    __0vsprintf                              0x08005841   Thumb Code    30  printfa.o(i.__0vsprintf)
    __1vsprintf                              0x08005841   Thumb Code     0  printfa.o(i.__0vsprintf)
    __2vsprintf                              0x08005841   Thumb Code     0  printfa.o(i.__0vsprintf)
    __c89vsprintf                            0x08005841   Thumb Code     0  printfa.o(i.__0vsprintf)
    vsprintf                                 0x08005841   Thumb Code     0  printfa.o(i.__0vsprintf)
    __scatterload_copy                       0x080058af   Thumb Code    14  handlers.o(i.__scatterload_copy)
    __scatterload_null                       0x080058bd   Thumb Code     2  handlers.o(i.__scatterload_null)
    __scatterload_zeroinit                   0x080058bf   Thumb Code    14  handlers.o(i.__scatterload_zeroinit)
    app_init                                 0x08006189   Thumb Code   576  task_appinit.o(i.app_init)
    configureTimerForRunTimeStats            0x080064e9   Thumb Code     2  freertos.o(i.configureTimerForRunTimeStats)
    esp01s_ClearRxData                       0x080064ed   Thumb Code    18  esp01s.o(i.esp01s_ClearRxData)
    esp01s_CloseEcho                         0x08006509   Thumb Code    48  esp01s.o(i.esp01s_CloseEcho)
    esp01s_ConnectOnenet                     0x08006541   Thumb Code   148  esp01s.o(i.esp01s_ConnectOnenet)
    esp01s_ConnectWifi                       0x080066b5   Thumb Code    60  esp01s.o(i.esp01s_ConnectWifi)
    esp01s_Init                              0x08006725   Thumb Code   192  esp01s.o(i.esp01s_Init)
    esp01s_Onenet_PostandSet                 0x080068dd   Thumb Code   138  esp01s.o(i.esp01s_Onenet_PostandSet)
    esp01s_RX_IT_Start                       0x08006a25   Thumb Code    14  esp01s.o(i.esp01s_RX_IT_Start)
    esp01s_Reset                             0x08006a3d   Thumb Code    48  esp01s.o(i.esp01s_Reset)
    esp01s_SetWifiMode                       0x08006a79   Thumb Code    60  esp01s.o(i.esp01s_SetWifiMode)
    esp01s_Test                              0x08006ac9   Thumb Code    48  esp01s.o(i.esp01s_Test)
    esp01s_getdata                           0x08006b01   Thumb Code    70  esp01s.o(i.esp01s_getdata)
    esp01s_gettemdata                        0x08006b55   Thumb Code    88  esp01s.o(i.esp01s_gettemdata)
    esp01s_getvolumedata                     0x08006bc9   Thumb Code    92  esp01s.o(i.esp01s_getvolumedata)
    esp01s_process                           0x08006c49   Thumb Code    34  esp01s.o(i.esp01s_process)
    esp01s_send_normalmode_data              0x08006c7d   Thumb Code    76  esp01s.o(i.esp01s_send_normalmode_data)
    esp01s_send_setmode_temdata              0x08006d21   Thumb Code    56  esp01s.o(i.esp01s_send_setmode_temdata)
    esp01s_send_setmode_volumedata           0x08006da5   Thumb Code    56  esp01s.o(i.esp01s_send_setmode_volumedata)
    esp01s_senddata                          0x08006e29   Thumb Code    50  esp01s.o(i.esp01s_senddata)
    esp01s_sendstring                        0x08006e91   Thumb Code    28  esp01s.o(i.esp01s_sendstring)
    fputc                                    0x08006eb1   Thumb Code    22  main.o(i.fputc)
    getRunTimeCounterValue                   0x08006ecd   Thumb Code     4  freertos.o(i.getRunTimeCounterValue)
    main                                     0x08006ed1   Thumb Code    74  main.o(i.main)
    mdelay                                   0x08006f29   Thumb Code    24  driver_timer.o(i.mdelay)
    osDelay                                  0x08006f41   Thumb Code    50  cmsis_os2.o(i.osDelay)
    osKernelInitialize                       0x08006f79   Thumb Code    58  cmsis_os2.o(i.osKernelInitialize)
    osKernelStart                            0x08006fb9   Thumb Code    64  cmsis_os2.o(i.osKernelStart)
    osThreadNew                              0x08006ffd   Thumb Code   216  cmsis_os2.o(i.osThreadNew)
    pvPortMalloc                             0x08007af9   Thumb Code   296  heap_4.o(i.pvPortMalloc)
    pvTaskIncrementMutexHeldCount            0x08007c35   Thumb Code    26  tasks.o(i.pvTaskIncrementMutexHeldCount)
    pxPortInitialiseStack                    0x08007c55   Thumb Code    30  port.o(i.pxPortInitialiseStack)
    task_buzzer                              0x08007c79   Thumb Code   154  task_buzzer.o(i.task_buzzer)
    task_colorled                            0x08007d25   Thumb Code   166  task_colorled.o(i.task_colorled)
    task_dht11                               0x08007dd9   Thumb Code    52  task_dht11.o(i.task_dht11)
    task_esp01s                              0x08007e19   Thumb Code   482  task_esp01s.o(i.task_esp01s)
    task_ir_rec                              0x08008041   Thumb Code   258  task_ir_rec.o(i.task_ir_rec)
    task_lightsensor                         0x08008155   Thumb Code    50  task_lightsensor.o(i.task_lightsensor)
    task_motor                               0x08008195   Thumb Code   390  task_motor.o(i.task_motor)
    task_oled                                0x08008345   Thumb Code  1764  task_oled.o(i.task_oled)
    task_w25q64                              0x08008a99   Thumb Code   380  task_w25q64.o(i.task_w25q64)
    udelay                                   0x08008c39   Thumb Code    68  driver_timer.o(i.udelay)
    uxListRemove                             0x08008c81   Thumb Code    40  list.o(i.uxListRemove)
    uxTaskResetEventItemValue                0x08008ca9   Thumb Code    24  tasks.o(i.uxTaskResetEventItemValue)
    vApplicationGetIdleTaskMemory            0x08008cc5   Thumb Code    14  cmsis_os2.o(i.vApplicationGetIdleTaskMemory)
    vApplicationGetTimerTaskMemory           0x08008cdd   Thumb Code    16  cmsis_os2.o(i.vApplicationGetTimerTaskMemory)
    vApplicationIdleHook                     0x08008cf5   Thumb Code     2  freertos.o(i.vApplicationIdleHook)
    vListInitialise                          0x08008cf7   Thumb Code    26  list.o(i.vListInitialise)
    vListInitialiseItem                      0x08008d11   Thumb Code     6  list.o(i.vListInitialiseItem)
    vListInsert                              0x08008d17   Thumb Code    52  list.o(i.vListInsert)
    vListInsertEnd                           0x08008d4b   Thumb Code    24  list.o(i.vListInsertEnd)
    vPortEnterCritical                       0x08008d65   Thumb Code    76  port.o(i.vPortEnterCritical)
    vPortExitCritical                        0x08008db9   Thumb Code    56  port.o(i.vPortExitCritical)
    vPortFree                                0x08008df5   Thumb Code   140  heap_4.o(i.vPortFree)
    vPortSetupTimerInterrupt                 0x08008e89   Thumb Code    36  port.o(i.vPortSetupTimerInterrupt)
    vPortValidateInterruptPriority           0x08008eb1   Thumb Code   106  port.o(i.vPortValidateInterruptPriority)
    vQueueAddToRegistry                      0x08008f29   Thumb Code    38  queue.o(i.vQueueAddToRegistry)
    vQueueWaitForMessageRestricted           0x08008f55   Thumb Code    74  queue.o(i.vQueueWaitForMessageRestricted)
    vTaskDelay                               0x08008fa1   Thumb Code    82  tasks.o(i.vTaskDelay)
    vTaskInternalSetTimeOutState             0x08008ffd   Thumb Code    14  tasks.o(i.vTaskInternalSetTimeOutState)
    vTaskMissedYield                         0x08009015   Thumb Code     8  tasks.o(i.vTaskMissedYield)
    vTaskPlaceOnEventList                    0x08009021   Thumb Code    52  tasks.o(i.vTaskPlaceOnEventList)
    vTaskPlaceOnEventListRestricted          0x08009059   Thumb Code    60  tasks.o(i.vTaskPlaceOnEventListRestricted)
    vTaskPlaceOnUnorderedEventList           0x08009099   Thumb Code   100  tasks.o(i.vTaskPlaceOnUnorderedEventList)
    vTaskPriorityDisinheritAfterTimeout      0x08009105   Thumb Code   194  tasks.o(i.vTaskPriorityDisinheritAfterTimeout)
    vTaskRemoveFromUnorderedEventList        0x080091d5   Thumb Code   140  tasks.o(i.vTaskRemoveFromUnorderedEventList)
    vTaskStartScheduler                      0x08009275   Thumb Code   160  tasks.o(i.vTaskStartScheduler)
    vTaskSuspendAll                          0x08009331   Thumb Code    12  tasks.o(i.vTaskSuspendAll)
    vTaskSwitchContext                       0x08009341   Thumb Code   176  tasks.o(i.vTaskSwitchContext)
    xEventGroupCreate                        0x0800940d   Thumb Code    30  event_groups.o(i.xEventGroupCreate)
    xEventGroupSetBits                       0x0800942b   Thumb Code   206  event_groups.o(i.xEventGroupSetBits)
    xEventGroupWaitBits                      0x080094f9   Thumb Code   338  event_groups.o(i.xEventGroupWaitBits)
    xPortStartScheduler                      0x08009651   Thumb Code   228  port.o(i.xPortStartScheduler)
    xQueueCreateMutex                        0x08009749   Thumb Code    34  queue.o(i.xQueueCreateMutex)
    xQueueGenericCreate                      0x0800976b   Thumb Code    94  queue.o(i.xQueueGenericCreate)
    xQueueGenericCreateStatic                0x080097c9   Thumb Code   222  queue.o(i.xQueueGenericCreateStatic)
    xQueueGenericReset                       0x080098a9   Thumb Code   146  queue.o(i.xQueueGenericReset)
    xQueueGenericSend                        0x08009941   Thumb Code   420  queue.o(i.xQueueGenericSend)
    xQueueGenericSendFromISR                 0x08009ae9   Thumb Code   248  queue.o(i.xQueueGenericSendFromISR)
    xQueueReceive                            0x08009be1   Thumb Code   356  queue.o(i.xQueueReceive)
    xQueueSemaphoreTake                      0x08009d49   Thumb Code   434  queue.o(i.xQueueSemaphoreTake)
    xTaskCheckForTimeOut                     0x08009f01   Thumb Code   132  tasks.o(i.xTaskCheckForTimeOut)
    xTaskCreate                              0x08009f8d   Thumb Code   100  tasks.o(i.xTaskCreate)
    xTaskCreateStatic                        0x08009ff1   Thumb Code   184  tasks.o(i.xTaskCreateStatic)
    xTaskGenericNotify                       0x0800a0a9   Thumb Code   240  tasks.o(i.xTaskGenericNotify)
    xTaskGetSchedulerState                   0x0800a1a9   Thumb Code    24  tasks.o(i.xTaskGetSchedulerState)
    xTaskGetTickCount                        0x0800a1c9   Thumb Code     6  tasks.o(i.xTaskGetTickCount)
    xTaskIncrementTick                       0x0800a1d5   Thumb Code   280  tasks.o(i.xTaskIncrementTick)
    xTaskNotifyWait                          0x0800a319   Thumb Code   150  tasks.o(i.xTaskNotifyWait)
    xTaskPriorityDisinherit                  0x0800a3b9   Thumb Code   152  tasks.o(i.xTaskPriorityDisinherit)
    xTaskPriorityInherit                     0x0800a45d   Thumb Code   150  tasks.o(i.xTaskPriorityInherit)
    xTaskRemoveFromEventList                 0x0800a501   Thumb Code   126  tasks.o(i.xTaskRemoveFromEventList)
    xTaskResumeAll                           0x0800a599   Thumb Code   222  tasks.o(i.xTaskResumeAll)
    xTimerCreateTimerTask                    0x0800a69d   Thumb Code   100  timers.o(i.xTimerCreateTimerTask)
    xTimerGenericCommand                     0x0800a715   Thumb Code   128  timers.o(i.xTimerGenericCommand)
    defaultTask_attributes                   0x0800a798   Data          36  main.o(.constdata)
    AHBPrescTable                            0x0800a7e0   Data          16  system_stm32f1xx.o(.constdata)
    APBPrescTable                            0x0800a7f0   Data           8  system_stm32f1xx.o(.constdata)
    OLED_F8x16                               0x0800a7f8   Data        1520  oled_data.o(.constdata)
    OLED_F6x8                                0x0800ade8   Data         570  oled_data.o(.constdata)
    OLED_CF16x16                             0x0800b022   Data        1960  oled_data.o(.constdata)
    Diode                                    0x0800b7ca   Data          32  oled_data.o(.constdata)
    WIFI                                     0x0800b7ea   Data          32  oled_data.o(.constdata)
    Battery_75to100                          0x0800b80a   Data          32  oled_data.o(.constdata)
    Battery_50to75                           0x0800b82a   Data          32  oled_data.o(.constdata)
    Battery_25to50                           0x0800b84a   Data          32  oled_data.o(.constdata)
    Battery_0to25                            0x0800b86a   Data          32  oled_data.o(.constdata)
    __ctype_categories                       0x0800b88a   Data          64  ctype_c.o(.constdata)
    Region$$Table$$Base                      0x0800ba8c   Number         0  anon$$obj.o(Region$$Table)
    Region$$Table$$Limit                     0x0800baac   Number         0  anon$$obj.o(Region$$Table)
    defaultTaskHandle                        0x20000000   Data           4  main.o(.data)
    uwTick                                   0x20000004   Data           4  stm32f1xx_hal.o(.data)
    uwTickPrio                               0x20000008   Data           4  stm32f1xx_hal.o(.data)
    uwTickFreq                               0x2000000c   Data           1  stm32f1xx_hal.o(.data)
    SystemCoreClock                          0x20000010   Data           4  system_stm32f1xx.o(.data)
    pxCurrentTCB                             0x20000014   Data           4  tasks.o(.data)
    AD_Data                                  0x20000094   Data           4  ad.o(.data)
    DHT11_TEMP_DATA                          0x20000098   Data           5  dht11.o(.data)
    DHT11_HUM_DATA                           0x2000009d   Data           5  dht11.o(.data)
    DHT11_NUM                                0x200000a2   Data           1  dht11.o(.data)
    data_flag                                0x200000a3   Data           1  esp01s.o(.data)
    esp01s_datapointer                       0x200000a4   Data           1  esp01s.o(.data)
    esp01s_rxpointer                         0x200000a5   Data           1  esp01s.o(.data)
    rxdata                                   0x200000a6   Data           1  esp01s.o(.data)
    esp01s_connectstate                      0x200000a7   Data           1  esp01s.o(.data)
    IR_State                                 0x200000a8   Data           1  ir.o(.data)
    IR_Data                                  0x200000a9   Data           4  ir.o(.data)
    IR_RepeatFlag                            0x200000ad   Data           1  ir.o(.data)
    g_TaskHandleBuzzer                       0x200000b0   Data           4  task_appinit.o(.data)
    g_TaskHandleOLED                         0x200000b4   Data           4  task_appinit.o(.data)
    g_TaskHandleColorLED                     0x200000b8   Data           4  task_appinit.o(.data)
    g_TaskHandleESP01S                       0x200000bc   Data           4  task_appinit.o(.data)
    g_xEventIR_Rec                           0x200000c0   Data           4  task_appinit.o(.data)
    g_xEventESP01S                           0x200000c4   Data           4  task_appinit.o(.data)
    g_xEventDHT11                            0x200000c8   Data           4  task_appinit.o(.data)
    g_xEventLightSensor                      0x200000cc   Data           4  task_appinit.o(.data)
    g_xQueue_W25Q64_to_Motor                 0x200000d0   Data           4  task_appinit.o(.data)
    g_xQueue_W25Q64_to_Buzzer                0x200000d4   Data           4  task_appinit.o(.data)
    g_xQueue_W25Q64_to_OLED                  0x200000d8   Data           4  task_appinit.o(.data)
    g_xQueue_W25Q64_to_ESP01S                0x200000dc   Data           4  task_appinit.o(.data)
    g_xQueue_OLED_to_W25Q64                  0x200000e0   Data           4  task_appinit.o(.data)
    g_xQueue_ESP01S_to_W25Q64                0x200000e4   Data           4  task_appinit.o(.data)
    g_xMutex_SystemMode                      0x200000e8   Data           4  task_appinit.o(.data)
    g_xMutex_Set                             0x200000ec   Data           4  task_appinit.o(.data)
    System_Mode                              0x200000f0   Data           1  task_appinit.o(.data)
    System_Data                              0x200000f1   Data           3  task_appinit.o(.data)
    esp01s_flag                              0x200000f4   Data           1  task_appinit.o(.data)
    temp                                     0x200000f5   Data           3  task_appinit.o(.data)
    __stdout                                 0x200000f8   Data           4  stdout.o(.data)
    hadc1                                    0x200000fc   Data          48  main.o(.bss)
    hdma_adc1                                0x2000012c   Data          68  main.o(.bss)
    hspi2                                    0x20000170   Data          88  main.o(.bss)
    htim1                                    0x200001c8   Data          72  main.o(.bss)
    htim2                                    0x20000210   Data          72  main.o(.bss)
    htim3                                    0x20000258   Data          72  main.o(.bss)
    huart1                                   0x200002a0   Data          72  main.o(.bss)
    huart2                                   0x200002e8   Data          72  main.o(.bss)
    htim4                                    0x20000330   Data          72  stm32f1xx_hal_timebase_tim.o(.bss)
    xQueueRegistry                           0x20000378   Data          64  queue.o(.bss)
    esp01s_txtext                            0x20003854   Data         256  esp01s.o(.bss)
    esp01s_rxtext                            0x20003954   Data         128  esp01s.o(.bss)
    esp01s_datatext                          0x200039d4   Data         128  esp01s.o(.bss)
    OLED_DisplayBuf                          0x20003a54   Data        1024  oled.o(.bss)
    __initial_sp                             0x20004258   Data           0  startup_stm32f103xb.o(STACK)



==============================================================================

Memory Map of the image

  Image Entry point : 0x080000ed

  Load Region LR_IROM1 (Base: 0x08000000, Size: 0x0000bba8, Max: 0x00010000, ABSOLUTE)

    Execution Region ER_IROM1 (Exec base: 0x08000000, Load base: 0x08000000, Size: 0x0000baac, Max: 0x00010000, ABSOLUTE)

    Exec Addr    Load Addr    Size         Type   Attr      Idx    E Section Name        Object

    0x08000000   0x08000000   0x000000ec   Data   RO            3    RESET               startup_stm32f103xb.o
    0x080000ec   0x080000ec   0x00000000   Code   RO         6451  * .ARM.Collect$$$$00000000  mc_w.l(entry.o)
    0x080000ec   0x080000ec   0x00000004   Code   RO         6792    .ARM.Collect$$$$00000001  mc_w.l(entry2.o)
    0x080000f0   0x080000f0   0x00000004   Code   RO         6795    .ARM.Collect$$$$00000004  mc_w.l(entry5.o)
    0x080000f4   0x080000f4   0x00000000   Code   RO         6797    .ARM.Collect$$$$00000008  mc_w.l(entry7b.o)
    0x080000f4   0x080000f4   0x00000000   Code   RO         6799    .ARM.Collect$$$$0000000A  mc_w.l(entry8b.o)
    0x080000f4   0x080000f4   0x00000008   Code   RO         6800    .ARM.Collect$$$$0000000B  mc_w.l(entry9a.o)
    0x080000fc   0x080000fc   0x00000000   Code   RO         6802    .ARM.Collect$$$$0000000D  mc_w.l(entry10a.o)
    0x080000fc   0x080000fc   0x00000000   Code   RO         6804    .ARM.Collect$$$$0000000F  mc_w.l(entry11a.o)
    0x080000fc   0x080000fc   0x00000004   Code   RO         6793    .ARM.Collect$$$$00002712  mc_w.l(entry2.o)
    0x08000100   0x08000100   0x00000096   Code   RO         5209    .emb_text           port.o
    0x08000196   0x08000196   0x00000002   PAD
    0x08000198   0x08000198   0x00000024   Code   RO            4    .text               startup_stm32f103xb.o
    0x080001bc   0x080001bc   0x00000062   Code   RO         6454    .text               mc_w.l(uldiv.o)
    0x0800021e   0x0800021e   0x00000020   Code   RO         6456    .text               mc_w.l(llushr.o)
    0x0800023e   0x0800023e   0x00000024   Code   RO         6458    .text               mc_w.l(memcpya.o)
    0x08000262   0x08000262   0x00000024   Code   RO         6462    .text               mc_w.l(memseta.o)
    0x08000286   0x08000286   0x00000024   Code   RO         6464    .text               mc_w.l(strstr.o)
    0x080002aa   0x080002aa   0x0000000e   Code   RO         6466    .text               mc_w.l(strlen.o)
    0x080002b8   0x080002b8   0x0000001c   Code   RO         6468    .text               mc_w.l(strcmp.o)
    0x080002d4   0x080002d4   0x00000038   Code   RO         6735    .text               mc_w.l(__0sscanf.o)
    0x0800030c   0x0800030c   0x0000014c   Code   RO         6737    .text               mc_w.l(_scanf_int.o)
    0x08000458   0x08000458   0x0000014e   Code   RO         6741    .text               mf_w.l(dadd.o)
    0x080005a6   0x080005a6   0x000000e4   Code   RO         6743    .text               mf_w.l(dmul.o)
    0x0800068a   0x0800068a   0x000000de   Code   RO         6745    .text               mf_w.l(ddiv.o)
    0x08000768   0x08000768   0x00000022   Code   RO         6749    .text               mf_w.l(dflti.o)
    0x0800078a   0x0800078a   0x0000001a   Code   RO         6751    .text               mf_w.l(dfltui.o)
    0x080007a4   0x080007a4   0x00000032   Code   RO         6755    .text               mf_w.l(dfixui.o)
    0x080007d6   0x080007d6   0x00000026   Code   RO         6757    .text               mf_w.l(f2d.o)
    0x080007fc   0x080007fc   0x00000030   Code   RO         6759    .text               mf_w.l(cdcmple.o)
    0x0800082c   0x0800082c   0x00000030   Code   RO         6761    .text               mf_w.l(cdrcmple.o)
    0x0800085c   0x0800085c   0x00000038   Code   RO         6763    .text               mf_w.l(d2f.o)
    0x08000894   0x08000894   0x0000002c   Code   RO         6807    .text               mc_w.l(uidiv.o)
    0x080008c0   0x080008c0   0x0000001e   Code   RO         6809    .text               mc_w.l(llshl.o)
    0x080008de   0x080008de   0x00000024   Code   RO         6811    .text               mc_w.l(llsshr.o)
    0x08000902   0x08000902   0x0000001c   Code   RO         6820    .text               mc_w.l(_chval.o)
    0x0800091e   0x0800091e   0x00000002   PAD
    0x08000920   0x08000920   0x00000028   Code   RO         6822    .text               mc_w.l(scanf_char.o)
    0x08000948   0x08000948   0x00000040   Code   RO         6824    .text               mc_w.l(_sgetc.o)
    0x08000988   0x08000988   0x00000000   Code   RO         6826    .text               mc_w.l(iusefp.o)
    0x08000988   0x08000988   0x0000006e   Code   RO         6827    .text               mf_w.l(fepilogue.o)
    0x080009f6   0x080009f6   0x000000ba   Code   RO         6829    .text               mf_w.l(depilogue.o)
    0x08000ab0   0x08000ab0   0x00000030   Code   RO         6833    .text               mf_w.l(dfixul.o)
    0x08000ae0   0x08000ae0   0x00000024   Code   RO         6839    .text               mc_w.l(init.o)
    0x08000b04   0x08000b04   0x0000000a   Code   RO         6841    .text               mc_w.l(isspace_c.o)
    0x08000b0e   0x08000b0e   0x00000002   PAD
    0x08000b10   0x08000b10   0x0000032c   Code   RO         6843    .text               mc_w.l(_scanf.o)
    0x08000e3c   0x08000e3c   0x00000028   Code   RO         6847    .text               mc_w.l(ctype_c.o)
    0x08000e64   0x08000e64   0x0000005c   Code   RO          606    i.ADC_ConversionStop_Disable  stm32f1xx_hal_adc.o
    0x08000ec0   0x08000ec0   0x00000052   Code   RO          607    i.ADC_DMAConvCplt   stm32f1xx_hal_adc.o
    0x08000f12   0x08000f12   0x0000001e   Code   RO          608    i.ADC_DMAError      stm32f1xx_hal_adc.o
    0x08000f30   0x08000f30   0x0000000e   Code   RO          609    i.ADC_DMAHalfConvCplt  stm32f1xx_hal_adc.o
    0x08000f3e   0x08000f3e   0x00000002   PAD
    0x08000f40   0x08000f40   0x00000090   Code   RO          610    i.ADC_Enable        stm32f1xx_hal_adc.o
    0x08000fd0   0x08000fd0   0x00000010   Code   RO         5289    i.AD_GetNeedValue   ad.o
    0x08000fe0   0x08000fe0   0x0000001c   Code   RO         5290    i.AD_Init           ad.o
    0x08000ffc   0x08000ffc   0x00000014   Code   RO         5323    i.BUZZER_Init       buzzer.o
    0x08001010   0x08001010   0x00000044   Code   RO         5324    i.BUZZER_Music      buzzer.o
    0x08001054   0x08001054   0x0000000a   Code   RO         5325    i.BUZZER_OFF        buzzer.o
    0x0800105e   0x0800105e   0x00000002   PAD
    0x08001060   0x08001060   0x0000000c   Code   RO         5326    i.BUZZER_SetVolume  buzzer.o
    0x0800106c   0x0800106c   0x00000040   Code   RO         6174    i.Battery_GetVoltage  battery.o
    0x080010ac   0x080010ac   0x00000004   Code   RO          376    i.BusFault_Handler  stm32f1xx_it.o
    0x080010b0   0x080010b0   0x0000002e   Code   RO         5327    i.Buzzer_Alarm      buzzer.o
    0x080010de   0x080010de   0x0000002a   Code   RO         5328    i.Buzzer_HintVoice  buzzer.o
    0x08001108   0x08001108   0x00000024   Code   RO         5382    i.ColorLED_Alarm    colorled.o
    0x0800112c   0x0800112c   0x0000002c   Code   RO         5383    i.ColorLED_Init     colorled.o
    0x08001158   0x08001158   0x00000018   Code   RO         5385    i.ColorLED_SetColor  colorled.o
    0x08001170   0x08001170   0x00000070   Code   RO         5424    i.DHT11_GetData     dht11.o
    0x080011e0   0x080011e0   0x00000038   Code   RO         5425    i.DHT11_Init        dht11.o
    0x08001218   0x08001218   0x0000000a   Code   RO         5426    i.DHT11_OFF         dht11.o
    0x08001222   0x08001222   0x00000002   PAD
    0x08001224   0x08001224   0x0000001c   Code   RO         5427    i.DHT11_R_Pin       dht11.o
    0x08001240   0x08001240   0x0000003a   Code   RO         5428    i.DHT11_ReadData    dht11.o
    0x0800127a   0x0800127a   0x00000002   PAD
    0x0800127c   0x0800127c   0x00000074   Code   RO         5429    i.DHT11_Run         dht11.o
    0x080012f0   0x080012f0   0x00000022   Code   RO         5430    i.DHT11_Start       dht11.o
    0x08001312   0x08001312   0x00000002   PAD
    0x08001314   0x08001314   0x00000024   Code   RO         5431    i.DHT11_W_Pin       dht11.o
    0x08001338   0x08001338   0x00000020   Code   RO         5432    i.DHT11_Wait        dht11.o
    0x08001358   0x08001358   0x0000002c   Code   RO         1267    i.DMA_SetConfig     stm32f1xx_hal_dma.o
    0x08001384   0x08001384   0x00000002   Code   RO          377    i.DebugMon_Handler  stm32f1xx_it.o
    0x08001386   0x08001386   0x0000000c   Code   RO          378    i.EXTI15_10_IRQHandler  stm32f1xx_it.o
    0x08001392   0x08001392   0x00000006   Code   RO           13    i.Error_Handler     main.o
    0x08001398   0x08001398   0x00000054   Code   RO         5536    i.Esp01s_GetConnectState  esp01s.o
    0x080013ec   0x080013ec   0x0000011c   Code   RO          786    i.HAL_ADCEx_Calibration_Start  stm32f1xx_hal_adc_ex.o
    0x08001508   0x08001508   0x00000160   Code   RO          612    i.HAL_ADC_ConfigChannel  stm32f1xx_hal_adc.o
    0x08001668   0x08001668   0x00000002   Code   RO          613    i.HAL_ADC_ConvCpltCallback  stm32f1xx_hal_adc.o
    0x0800166a   0x0800166a   0x00000002   Code   RO          614    i.HAL_ADC_ConvHalfCpltCallback  stm32f1xx_hal_adc.o
    0x0800166c   0x0800166c   0x00000002   Code   RO          616    i.HAL_ADC_ErrorCallback  stm32f1xx_hal_adc.o
    0x0800166e   0x0800166e   0x00000002   PAD
    0x08001670   0x08001670   0x00000144   Code   RO          621    i.HAL_ADC_Init      stm32f1xx_hal_adc.o
    0x080017b4   0x080017b4   0x000000b0   Code   RO          453    i.HAL_ADC_MspInit   stm32f1xx_hal_msp.o
    0x08001864   0x08001864   0x00000180   Code   RO          628    i.HAL_ADC_Start_DMA  stm32f1xx_hal_adc.o
    0x080019e4   0x080019e4   0x00000056   Code   RO         1268    i.HAL_DMA_Abort     stm32f1xx_hal_dma.o
    0x08001a3a   0x08001a3a   0x00000002   PAD
    0x08001a3c   0x08001a3c   0x000000b0   Code   RO         1269    i.HAL_DMA_Abort_IT  stm32f1xx_hal_dma.o
    0x08001aec   0x08001aec   0x00000068   Code   RO         1274    i.HAL_DMA_Init      stm32f1xx_hal_dma.o
    0x08001b54   0x08001b54   0x0000009c   Code   RO         1278    i.HAL_DMA_Start_IT  stm32f1xx_hal_dma.o
    0x08001bf0   0x08001bf0   0x00000010   Code   RO         5685    i.HAL_GPIO_EXTI_Callback  gpio_irq.o
    0x08001c00   0x08001c00   0x0000001c   Code   RO         1203    i.HAL_GPIO_EXTI_IRQHandler  stm32f1xx_hal_gpio.o
    0x08001c1c   0x08001c1c   0x00000320   Code   RO         1204    i.HAL_GPIO_Init     stm32f1xx_hal_gpio.o
    0x08001f3c   0x08001f3c   0x00000010   Code   RO         1206    i.HAL_GPIO_ReadPin  stm32f1xx_hal_gpio.o
    0x08001f4c   0x08001f4c   0x0000000c   Code   RO         1208    i.HAL_GPIO_WritePin  stm32f1xx_hal_gpio.o
    0x08001f58   0x08001f58   0x0000000c   Code   RO          893    i.HAL_GetTick       stm32f1xx_hal.o
    0x08001f64   0x08001f64   0x00000018   Code   RO          899    i.HAL_IncTick       stm32f1xx_hal.o
    0x08001f7c   0x08001f7c   0x00000028   Code   RO          900    i.HAL_Init          stm32f1xx_hal.o
    0x08001fa4   0x08001fa4   0x000000b4   Code   RO          531    i.HAL_InitTick      stm32f1xx_hal_timebase_tim.o
    0x08002058   0x08002058   0x00000060   Code   RO          454    i.HAL_MspInit       stm32f1xx_hal_msp.o
    0x080020b8   0x080020b8   0x00000020   Code   RO         1364    i.HAL_NVIC_EnableIRQ  stm32f1xx_hal_cortex.o
    0x080020d8   0x080020d8   0x0000007c   Code   RO         1370    i.HAL_NVIC_SetPriority  stm32f1xx_hal_cortex.o
    0x08002154   0x08002154   0x00000028   Code   RO         1371    i.HAL_NVIC_SetPriorityGrouping  stm32f1xx_hal_cortex.o
    0x0800217c   0x0800217c   0x000000fc   Code   RO         1165    i.HAL_RCCEx_GetPeriphCLKFreq  stm32f1xx_hal_rcc_ex.o
    0x08002278   0x08002278   0x00000130   Code   RO         1166    i.HAL_RCCEx_PeriphCLKConfig  stm32f1xx_hal_rcc_ex.o
    0x080023a8   0x080023a8   0x0000018c   Code   RO         1057    i.HAL_RCC_ClockConfig  stm32f1xx_hal_rcc.o
    0x08002534   0x08002534   0x00000044   Code   RO         1061    i.HAL_RCC_GetClockConfig  stm32f1xx_hal_rcc.o
    0x08002578   0x08002578   0x0000000c   Code   RO         1062    i.HAL_RCC_GetHCLKFreq  stm32f1xx_hal_rcc.o
    0x08002584   0x08002584   0x00000020   Code   RO         1064    i.HAL_RCC_GetPCLK1Freq  stm32f1xx_hal_rcc.o
    0x080025a4   0x080025a4   0x00000020   Code   RO         1065    i.HAL_RCC_GetPCLK2Freq  stm32f1xx_hal_rcc.o
    0x080025c4   0x080025c4   0x00000070   Code   RO         1066    i.HAL_RCC_GetSysClockFreq  stm32f1xx_hal_rcc.o
    0x08002634   0x08002634   0x00000464   Code   RO         1069    i.HAL_RCC_OscConfig  stm32f1xx_hal_rcc.o
    0x08002a98   0x08002a98   0x000000be   Code   RO         1901    i.HAL_SPI_Init      stm32f1xx_hal_spi.o
    0x08002b56   0x08002b56   0x00000002   PAD
    0x08002b58   0x08002b58   0x00000088   Code   RO          456    i.HAL_SPI_MspInit   stm32f1xx_hal_msp.o
    0x08002be0   0x08002be0   0x0000017e   Code   RO         1904    i.HAL_SPI_Receive   stm32f1xx_hal_spi.o
    0x08002d5e   0x08002d5e   0x000001bc   Code   RO         1909    i.HAL_SPI_Transmit  stm32f1xx_hal_spi.o
    0x08002f1a   0x08002f1a   0x00000240   Code   RO         1910    i.HAL_SPI_TransmitReceive  stm32f1xx_hal_spi.o
    0x0800315a   0x0800315a   0x00000002   Code   RO         2929    i.HAL_TIMEx_BreakCallback  stm32f1xx_hal_tim_ex.o
    0x0800315c   0x0800315c   0x00000002   Code   RO         2930    i.HAL_TIMEx_CommutCallback  stm32f1xx_hal_tim_ex.o
    0x0800315e   0x0800315e   0x00000002   PAD
    0x08003160   0x08003160   0x00000084   Code   RO         2948    i.HAL_TIMEx_MasterConfigSynchronization  stm32f1xx_hal_tim_ex.o
    0x080031e4   0x080031e4   0x00000066   Code   RO         2214    i.HAL_TIM_Base_Init  stm32f1xx_hal_tim.o
    0x0800324a   0x0800324a   0x00000002   PAD
    0x0800324c   0x0800324c   0x0000007c   Code   RO          458    i.HAL_TIM_Base_MspInit  stm32f1xx_hal_msp.o
    0x080032c8   0x080032c8   0x0000006c   Code   RO         2217    i.HAL_TIM_Base_Start  stm32f1xx_hal_tim.o
    0x08003334   0x08003334   0x00000078   Code   RO         2219    i.HAL_TIM_Base_Start_IT  stm32f1xx_hal_tim.o
    0x080033ac   0x080033ac   0x0000010c   Code   RO         2223    i.HAL_TIM_ConfigClockSource  stm32f1xx_hal_tim.o
    0x080034b8   0x080034b8   0x00000002   Code   RO         2248    i.HAL_TIM_IC_CaptureCallback  stm32f1xx_hal_tim.o
    0x080034ba   0x080034ba   0x00000196   Code   RO         2262    i.HAL_TIM_IRQHandler  stm32f1xx_hal_tim.o
    0x08003650   0x08003650   0x000000bc   Code   RO          459    i.HAL_TIM_MspPostInit  stm32f1xx_hal_msp.o
    0x0800370c   0x0800370c   0x00000002   Code   RO         2265    i.HAL_TIM_OC_DelayElapsedCallback  stm32f1xx_hal_tim.o
    0x0800370e   0x0800370e   0x00000104   Code   RO         2286    i.HAL_TIM_PWM_ConfigChannel  stm32f1xx_hal_tim.o
    0x08003812   0x08003812   0x00000066   Code   RO         2289    i.HAL_TIM_PWM_Init  stm32f1xx_hal_tim.o
    0x08003878   0x08003878   0x00000002   Code   RO         2291    i.HAL_TIM_PWM_MspInit  stm32f1xx_hal_tim.o
    0x0800387a   0x0800387a   0x00000002   Code   RO         2292    i.HAL_TIM_PWM_PulseFinishedCallback  stm32f1xx_hal_tim.o
    0x0800387c   0x0800387c   0x000000d4   Code   RO         2294    i.HAL_TIM_PWM_Start  stm32f1xx_hal_tim.o
    0x08003950   0x08003950   0x00000018   Code   RO           14    i.HAL_TIM_PeriodElapsedCallback  main.o
    0x08003968   0x08003968   0x00000002   Code   RO         2305    i.HAL_TIM_TriggerCallback  stm32f1xx_hal_tim.o
    0x0800396a   0x0800396a   0x00000002   Code   RO         3208    i.HAL_UARTEx_RxEventCallback  stm32f1xx_hal_uart.o
    0x0800396c   0x0800396c   0x00000002   Code   RO         3222    i.HAL_UART_ErrorCallback  stm32f1xx_hal_uart.o
    0x0800396e   0x0800396e   0x00000002   PAD
    0x08003970   0x08003970   0x000002e4   Code   RO         3225    i.HAL_UART_IRQHandler  stm32f1xx_hal_uart.o
    0x08003c54   0x08003c54   0x00000076   Code   RO         3226    i.HAL_UART_Init     stm32f1xx_hal_uart.o
    0x08003cca   0x08003cca   0x00000002   PAD
    0x08003ccc   0x08003ccc   0x00000100   Code   RO          461    i.HAL_UART_MspInit  stm32f1xx_hal_msp.o
    0x08003dcc   0x08003dcc   0x0000002c   Code   RO         3231    i.HAL_UART_Receive_IT  stm32f1xx_hal_uart.o
    0x08003df8   0x08003df8   0x000000a0   Code   RO         5537    i.HAL_UART_RxCpltCallback  esp01s.o
    0x08003e98   0x08003e98   0x000000b2   Code   RO         3234    i.HAL_UART_Transmit  stm32f1xx_hal_uart.o
    0x08003f4a   0x08003f4a   0x00000002   Code   RO         3237    i.HAL_UART_TxCpltCallback  stm32f1xx_hal_uart.o
    0x08003f4c   0x08003f4c   0x00000004   Code   RO          379    i.HardFault_Handler  stm32f1xx_it.o
    0x08003f50   0x08003f50   0x000001ec   Code   RO         5709    i.IR_EXTI_Callback  ir.o
    0x0800413c   0x0800413c   0x00000020   Code   RO         5710    i.IR_GetData        ir.o
    0x0800415c   0x0800415c   0x0000000c   Code   RO         5711    i.IR_GetRepeatFlag  ir.o
    0x08004168   0x08004168   0x00000010   Code   RO         5712    i.IR_Init           ir.o
    0x08004178   0x08004178   0x00000022   Code   RO         5754    i.LightSensor_GetLight  lightsensor.o
    0x0800419a   0x0800419a   0x00000002   PAD
    0x0800419c   0x0800419c   0x00000074   Code   RO           15    i.MX_ADC1_Init      main.o
    0x08004210   0x08004210   0x00000024   Code   RO           16    i.MX_DMA_Init       main.o
    0x08004234   0x08004234   0x00000108   Code   RO           17    i.MX_GPIO_Init      main.o
    0x0800433c   0x0800433c   0x00000044   Code   RO           18    i.MX_SPI2_Init      main.o
    0x08004380   0x08004380   0x00000070   Code   RO           19    i.MX_TIM1_Init      main.o
    0x080043f0   0x080043f0   0x000000a4   Code   RO           20    i.MX_TIM2_Init      main.o
    0x08004494   0x08004494   0x000000dc   Code   RO           21    i.MX_TIM3_Init      main.o
    0x08004570   0x08004570   0x00000038   Code   RO           22    i.MX_USART1_UART_Init  main.o
    0x080045a8   0x080045a8   0x00000038   Code   RO           23    i.MX_USART2_UART_Init  main.o
    0x080045e0   0x080045e0   0x00000004   Code   RO          380    i.MemManage_Handler  stm32f1xx_it.o
    0x080045e4   0x080045e4   0x00000010   Code   RO         5778    i.Motor_Init        motor.o
    0x080045f4   0x080045f4   0x00000058   Code   RO         5779    i.Motor_SetSpeed    motor.o
    0x0800464c   0x0800464c   0x00000004   Code   RO          381    i.NMI_Handler       stm32f1xx_it.o
    0x08004650   0x08004650   0x00000028   Code   RO         5832    i.OLED_Clear        oled.o
    0x08004678   0x08004678   0x00000090   Code   RO         5833    i.OLED_ClearArea    oled.o
    0x08004708   0x08004708   0x00000160   Code   RO         5835    i.OLED_DrawCircle   oled.o
    0x08004868   0x08004868   0x00000050   Code   RO         5838    i.OLED_DrawPoint    oled.o
    0x080048b8   0x080048b8   0x0000003e   Code   RO         5842    i.OLED_I2C_SendByte  oled.o
    0x080048f6   0x080048f6   0x0000001c   Code   RO         5843    i.OLED_I2C_Start    oled.o
    0x08004912   0x08004912   0x00000016   Code   RO         5844    i.OLED_I2C_Stop     oled.o
    0x08004928   0x08004928   0x00000096   Code   RO         5845    i.OLED_Init         oled.o
    0x080049be   0x080049be   0x00000032   Code   RO         5848    i.OLED_Printf       oled.o
    0x080049f0   0x080049f0   0x00000090   Code   RO         5850    i.OLED_ReverseArea  oled.o
    0x08004a80   0x08004a80   0x00000022   Code   RO         5851    i.OLED_SetCursor    oled.o
    0x08004aa2   0x08004aa2   0x00000002   PAD
    0x08004aa4   0x08004aa4   0x00000054   Code   RO         5853    i.OLED_ShowChar     oled.o
    0x08004af8   0x08004af8   0x000000fc   Code   RO         5856    i.OLED_ShowImage    oled.o
    0x08004bf4   0x08004bf4   0x00000110   Code   RO         5859    i.OLED_ShowString   oled.o
    0x08004d04   0x08004d04   0x00000028   Code   RO         5860    i.OLED_Update       oled.o
    0x08004d2c   0x08004d2c   0x00000018   Code   RO         5862    i.OLED_W_SCL        oled.o
    0x08004d44   0x08004d44   0x00000018   Code   RO         5863    i.OLED_W_SDA        oled.o
    0x08004d5c   0x08004d5c   0x00000020   Code   RO         5864    i.OLED_WriteCommand  oled.o
    0x08004d7c   0x08004d7c   0x0000002e   Code   RO         5865    i.OLED_WriteData    oled.o
    0x08004daa   0x08004daa   0x00000002   PAD
    0x08004dac   0x08004dac   0x00000028   Code   RO         1070    i.RCC_Delay         stm32f1xx_hal_rcc.o
    0x08004dd4   0x08004dd4   0x00000078   Code   RO         1938    i.SPI_EndRxTransaction  stm32f1xx_hal_spi.o
    0x08004e4c   0x08004e4c   0x00000028   Code   RO         1939    i.SPI_EndRxTxTransaction  stm32f1xx_hal_spi.o
    0x08004e74   0x08004e74   0x000000d8   Code   RO         1944    i.SPI_WaitFlagStateUntilTimeout  stm32f1xx_hal_spi.o
    0x08004f4c   0x08004f4c   0x0000000a   Code   RO           24    i.StartDefaultTask  main.o
    0x08004f56   0x08004f56   0x00000002   PAD
    0x08004f58   0x08004f58   0x00000034   Code   RO         5210    i.SysTick_Handler   port.o
    0x08004f8c   0x08004f8c   0x0000006e   Code   RO           25    i.SystemClock_Config  main.o
    0x08004ffa   0x08004ffa   0x00000002   Code   RO         3570    i.SystemInit        system_stm32f1xx.o
    0x08004ffc   0x08004ffc   0x00000010   Code   RO          382    i.TIM4_IRQHandler   stm32f1xx_it.o
    0x0800500c   0x0800500c   0x00000074   Code   RO         2307    i.TIM_Base_SetConfig  stm32f1xx_hal_tim.o
    0x08005080   0x08005080   0x00000022   Code   RO         2308    i.TIM_CCxChannelCmd  stm32f1xx_hal_tim.o
    0x080050a2   0x080050a2   0x00000016   Code   RO         2318    i.TIM_ETR_SetConfig  stm32f1xx_hal_tim.o
    0x080050b8   0x080050b8   0x00000012   Code   RO         2319    i.TIM_ITRx_SetConfig  stm32f1xx_hal_tim.o
    0x080050ca   0x080050ca   0x00000002   PAD
    0x080050cc   0x080050cc   0x00000060   Code   RO         2320    i.TIM_OC1_SetConfig  stm32f1xx_hal_tim.o
    0x0800512c   0x0800512c   0x00000068   Code   RO         2321    i.TIM_OC2_SetConfig  stm32f1xx_hal_tim.o
    0x08005194   0x08005194   0x00000068   Code   RO         2322    i.TIM_OC3_SetConfig  stm32f1xx_hal_tim.o
    0x080051fc   0x080051fc   0x00000048   Code   RO         2323    i.TIM_OC4_SetConfig  stm32f1xx_hal_tim.o
    0x08005244   0x08005244   0x00000026   Code   RO         2325    i.TIM_TI1_ConfigInputStage  stm32f1xx_hal_tim.o
    0x0800526a   0x0800526a   0x00000028   Code   RO         2327    i.TIM_TI2_ConfigInputStage  stm32f1xx_hal_tim.o
    0x08005292   0x08005292   0x00000014   Code   RO         3239    i.UART_DMAAbortOnError  stm32f1xx_hal_uart.o
    0x080052a6   0x080052a6   0x0000006c   Code   RO         3249    i.UART_EndRxTransfer  stm32f1xx_hal_uart.o
    0x08005312   0x08005312   0x00000020   Code   RO         3250    i.UART_EndTransmit_IT  stm32f1xx_hal_uart.o
    0x08005332   0x08005332   0x000000fc   Code   RO         3252    i.UART_Receive_IT   stm32f1xx_hal_uart.o
    0x0800542e   0x0800542e   0x00000002   PAD
    0x08005430   0x08005430   0x000000fc   Code   RO         3253    i.UART_SetConfig    stm32f1xx_hal_uart.o
    0x0800552c   0x0800552c   0x00000040   Code   RO         3255    i.UART_Start_Receive_IT  stm32f1xx_hal_uart.o
    0x0800556c   0x0800556c   0x00000060   Code   RO         3256    i.UART_Transmit_IT  stm32f1xx_hal_uart.o
    0x080055cc   0x080055cc   0x00000092   Code   RO         3257    i.UART_WaitOnFlagUntilTimeout  stm32f1xx_hal_uart.o
    0x0800565e   0x0800565e   0x00000002   PAD
    0x08005660   0x08005660   0x00000010   Code   RO          383    i.USART2_IRQHandler  stm32f1xx_it.o
    0x08005670   0x08005670   0x00000004   Code   RO          384    i.UsageFault_Handler  stm32f1xx_it.o
    0x08005674   0x08005674   0x00000038   Code   RO         6086    i.W25Q64_EraseSector  w25q64.o
    0x080056ac   0x080056ac   0x0000001c   Code   RO         6087    i.W25Q64_GetData    w25q64.o
    0x080056c8   0x080056c8   0x00000014   Code   RO         6088    i.W25Q64_Init       w25q64.o
    0x080056dc   0x080056dc   0x0000004a   Code   RO         6090    i.W25Q64_ReadPage   w25q64.o
    0x08005726   0x08005726   0x00000002   PAD
    0x08005728   0x08005728   0x00000018   Code   RO         6091    i.W25Q64_SendData   w25q64.o
    0x08005740   0x08005740   0x00000014   Code   RO         6092    i.W25Q64_Start      w25q64.o
    0x08005754   0x08005754   0x00000014   Code   RO         6093    i.W25Q64_Stop       w25q64.o
    0x08005768   0x08005768   0x00000020   Code   RO         6094    i.W25Q64_WaitBusy   w25q64.o
    0x08005788   0x08005788   0x00000012   Code   RO         6095    i.W25Q64_WriteEnable  w25q64.o
    0x0800579a   0x0800579a   0x0000005c   Code   RO         6096    i.W25Q64_WritePage  w25q64.o
    0x080057f6   0x080057f6   0x00000002   PAD
    0x080057f8   0x080057f8   0x00000020   Code   RO         6707    i.__0printf         mc_w.l(printfa.o)
    0x08005818   0x08005818   0x00000028   Code   RO         6709    i.__0sprintf        mc_w.l(printfa.o)
    0x08005840   0x08005840   0x00000024   Code   RO         6713    i.__0vsprintf       mc_w.l(printfa.o)
    0x08005864   0x08005864   0x00000010   Code   RO         1377    i.__NVIC_GetPriorityGrouping  stm32f1xx_hal_cortex.o
    0x08005874   0x08005874   0x00000028   Code   RO         1378    i.__NVIC_SetPriority  stm32f1xx_hal_cortex.o
    0x0800589c   0x0800589c   0x00000006   Code   RO         4721    i.__get_BASEPRI     cmsis_os2.o
    0x080058a2   0x080058a2   0x00000006   Code   RO         4722    i.__get_IPSR        cmsis_os2.o
    0x080058a8   0x080058a8   0x00000006   Code   RO         4723    i.__get_PRIMASK     cmsis_os2.o
    0x080058ae   0x080058ae   0x0000000e   Code   RO         6852    i.__scatterload_copy  mc_w.l(handlers.o)
    0x080058bc   0x080058bc   0x00000002   Code   RO         6853    i.__scatterload_null  mc_w.l(handlers.o)
    0x080058be   0x080058be   0x0000000e   Code   RO         6854    i.__scatterload_zeroinit  mc_w.l(handlers.o)
    0x080058cc   0x080058cc   0x00000184   Code   RO         6714    i._fp_digits        mc_w.l(printfa.o)
    0x08005a50   0x08005a50   0x000006dc   Code   RO         6715    i._printf_core      mc_w.l(printfa.o)
    0x0800612c   0x0800612c   0x00000024   Code   RO         6716    i._printf_post_padding  mc_w.l(printfa.o)
    0x08006150   0x08006150   0x0000002e   Code   RO         6717    i._printf_pre_padding  mc_w.l(printfa.o)
    0x0800617e   0x0800617e   0x0000000a   Code   RO         6719    i._sputc            mc_w.l(printfa.o)
    0x08006188   0x08006188   0x00000360   Code   RO         6198    i.app_init          task_appinit.o
    0x080064e8   0x080064e8   0x00000002   Code   RO          321    i.configureTimerForRunTimeStats  freertos.o
    0x080064ea   0x080064ea   0x00000002   PAD
    0x080064ec   0x080064ec   0x0000001c   Code   RO         5538    i.esp01s_ClearRxData  esp01s.o
    0x08006508   0x08006508   0x00000038   Code   RO         5539    i.esp01s_CloseEcho  esp01s.o
    0x08006540   0x08006540   0x00000174   Code   RO         5540    i.esp01s_ConnectOnenet  esp01s.o
    0x080066b4   0x080066b4   0x00000070   Code   RO         5541    i.esp01s_ConnectWifi  esp01s.o
    0x08006724   0x08006724   0x000001b8   Code   RO         5542    i.esp01s_Init       esp01s.o
    0x080068dc   0x080068dc   0x00000148   Code   RO         5543    i.esp01s_Onenet_PostandSet  esp01s.o
    0x08006a24   0x08006a24   0x00000018   Code   RO         5544    i.esp01s_RX_IT_Start  esp01s.o
    0x08006a3c   0x08006a3c   0x0000003c   Code   RO         5545    i.esp01s_Reset      esp01s.o
    0x08006a78   0x08006a78   0x00000050   Code   RO         5546    i.esp01s_SetWifiMode  esp01s.o
    0x08006ac8   0x08006ac8   0x00000038   Code   RO         5547    i.esp01s_Test       esp01s.o
    0x08006b00   0x08006b00   0x00000054   Code   RO         5548    i.esp01s_getdata    esp01s.o
    0x08006b54   0x08006b54   0x00000074   Code   RO         5549    i.esp01s_gettemdata  esp01s.o
    0x08006bc8   0x08006bc8   0x00000080   Code   RO         5550    i.esp01s_getvolumedata  esp01s.o
    0x08006c48   0x08006c48   0x00000034   Code   RO         5551    i.esp01s_process    esp01s.o
    0x08006c7c   0x08006c7c   0x000000a4   Code   RO         5552    i.esp01s_send_normalmode_data  esp01s.o
    0x08006d20   0x08006d20   0x00000084   Code   RO         5553    i.esp01s_send_setmode_temdata  esp01s.o
    0x08006da4   0x08006da4   0x00000084   Code   RO         5554    i.esp01s_send_setmode_volumedata  esp01s.o
    0x08006e28   0x08006e28   0x00000068   Code   RO         5555    i.esp01s_senddata   esp01s.o
    0x08006e90   0x08006e90   0x00000020   Code   RO         5556    i.esp01s_sendstring  esp01s.o
    0x08006eb0   0x08006eb0   0x0000001c   Code   RO           26    i.fputc             main.o
    0x08006ecc   0x08006ecc   0x00000004   Code   RO          322    i.getRunTimeCounterValue  freertos.o
    0x08006ed0   0x08006ed0   0x00000058   Code   RO           27    i.main              main.o
    0x08006f28   0x08006f28   0x00000018   Code   RO         5499    i.mdelay            driver_timer.o
    0x08006f40   0x08006f40   0x00000038   Code   RO         4724    i.osDelay           cmsis_os2.o
    0x08006f78   0x08006f78   0x00000040   Code   RO         4738    i.osKernelInitialize  cmsis_os2.o
    0x08006fb8   0x08006fb8   0x00000044   Code   RO         4741    i.osKernelStart     cmsis_os2.o
    0x08006ffc   0x08006ffc   0x000000dc   Code   RO         4775    i.osThreadNew       cmsis_os2.o
    0x080070d8   0x080070d8   0x0000007c   Code   RO         4175    i.prvAddCurrentTaskToDelayedList  tasks.o
    0x08007154   0x08007154   0x000000b8   Code   RO         4176    i.prvAddNewTaskToReadyList  tasks.o
    0x0800720c   0x0800720c   0x00000074   Code   RO         4557    i.prvCheckForValidListAndQueue  timers.o
    0x08007280   0x08007280   0x00000048   Code   RO         4177    i.prvCheckTasksWaitingTermination  tasks.o
    0x080072c8   0x080072c8   0x0000002a   Code   RO         3771    i.prvCopyDataFromQueue  queue.o
    0x080072f2   0x080072f2   0x0000007c   Code   RO         3772    i.prvCopyDataToQueue  queue.o
    0x0800736e   0x0800736e   0x00000050   Code   RO         4178    i.prvDeleteTCB      tasks.o
    0x080073be   0x080073be   0x00000014   Code   RO         3773    i.prvGetDisinheritPriorityAfterTimeout  queue.o
    0x080073d2   0x080073d2   0x00000002   PAD
    0x080073d4   0x080073d4   0x00000028   Code   RO         4558    i.prvGetNextExpireTime  timers.o
    0x080073fc   0x080073fc   0x0000007c   Code   RO         5160    i.prvHeapInit       heap_4.o
    0x08007478   0x08007478   0x0000002c   Code   RO         4179    i.prvIdleTask       tasks.o
    0x080074a4   0x080074a4   0x0000001c   Code   RO         3774    i.prvInitialiseMutex  queue.o
    0x080074c0   0x080074c0   0x0000002a   Code   RO         3775    i.prvInitialiseNewQueue  queue.o
    0x080074ea   0x080074ea   0x000000b6   Code   RO         4180    i.prvInitialiseNewTask  tasks.o
    0x080075a0   0x080075a0   0x00000068   Code   RO         4181    i.prvInitialiseTaskLists  tasks.o
    0x08007608   0x08007608   0x00000068   Code   RO         5161    i.prvInsertBlockIntoFreeList  heap_4.o
    0x08007670   0x08007670   0x00000058   Code   RO         4560    i.prvInsertTimerInActiveList  timers.o
    0x080076c8   0x080076c8   0x0000001a   Code   RO         3776    i.prvIsQueueEmpty   queue.o
    0x080076e2   0x080076e2   0x0000001e   Code   RO         3777    i.prvIsQueueFull    queue.o
    0x08007700   0x08007700   0x00000064   Code   RO         4561    i.prvProcessExpiredTimer  timers.o
    0x08007764   0x08007764   0x00000128   Code   RO         4562    i.prvProcessReceivedCommands  timers.o
    0x0800788c   0x0800788c   0x00000074   Code   RO         4563    i.prvProcessTimerOrBlockTask  timers.o
    0x08007900   0x08007900   0x00000034   Code   RO         4183    i.prvResetNextTaskUnblockTime  tasks.o
    0x08007934   0x08007934   0x0000002c   Code   RO         4564    i.prvSampleTimeNow  timers.o
    0x08007960   0x08007960   0x000000a0   Code   RO         4565    i.prvSwitchTimerLists  timers.o
    0x08007a00   0x08007a00   0x00000040   Code   RO         5211    i.prvTaskExitError  port.o
    0x08007a40   0x08007a40   0x0000001e   Code   RO         3612    i.prvTestWaitCondition  event_groups.o
    0x08007a5e   0x08007a5e   0x0000001a   Code   RO         4566    i.prvTimerTask      timers.o
    0x08007a78   0x08007a78   0x0000007e   Code   RO         3778    i.prvUnlockQueue    queue.o
    0x08007af6   0x08007af6   0x00000002   PAD
    0x08007af8   0x08007af8   0x0000013c   Code   RO         5162    i.pvPortMalloc      heap_4.o
    0x08007c34   0x08007c34   0x00000020   Code   RO         4187    i.pvTaskIncrementMutexHeldCount  tasks.o
    0x08007c54   0x08007c54   0x00000024   Code   RO         5212    i.pxPortInitialiseStack  port.o
    0x08007c78   0x08007c78   0x000000ac   Code   RO         6228    i.task_buzzer       task_buzzer.o
    0x08007d24   0x08007d24   0x000000b4   Code   RO         6252    i.task_colorled     task_colorled.o
    0x08007dd8   0x08007dd8   0x00000040   Code   RO         6276    i.task_dht11        task_dht11.o
    0x08007e18   0x08007e18   0x00000228   Code   RO         6300    i.task_esp01s       task_esp01s.o
    0x08008040   0x08008040   0x00000114   Code   RO         6324    i.task_ir_rec       task_ir_rec.o
    0x08008154   0x08008154   0x00000040   Code   RO         6348    i.task_lightsensor  task_lightsensor.o
    0x08008194   0x08008194   0x000001b0   Code   RO         6372    i.task_motor        task_motor.o
    0x08008344   0x08008344   0x00000754   Code   RO         6396    i.task_oled         task_oled.o
    0x08008a98   0x08008a98   0x000001a0   Code   RO         6420    i.task_w25q64       task_w25q64.o
    0x08008c38   0x08008c38   0x00000048   Code   RO         5501    i.udelay            driver_timer.o
    0x08008c80   0x08008c80   0x00000028   Code   RO         3731    i.uxListRemove      list.o
    0x08008ca8   0x08008ca8   0x0000001c   Code   RO         4195    i.uxTaskResetEventItemValue  tasks.o
    0x08008cc4   0x08008cc4   0x00000018   Code   RO         4787    i.vApplicationGetIdleTaskMemory  cmsis_os2.o
    0x08008cdc   0x08008cdc   0x00000018   Code   RO         4788    i.vApplicationGetTimerTaskMemory  cmsis_os2.o
    0x08008cf4   0x08008cf4   0x00000002   Code   RO          323    i.vApplicationIdleHook  freertos.o
    0x08008cf6   0x08008cf6   0x0000001a   Code   RO         3732    i.vListInitialise   list.o
    0x08008d10   0x08008d10   0x00000006   Code   RO         3733    i.vListInitialiseItem  list.o
    0x08008d16   0x08008d16   0x00000034   Code   RO         3734    i.vListInsert       list.o
    0x08008d4a   0x08008d4a   0x00000018   Code   RO         3735    i.vListInsertEnd    list.o
    0x08008d62   0x08008d62   0x00000002   PAD
    0x08008d64   0x08008d64   0x00000054   Code   RO         5214    i.vPortEnterCritical  port.o
    0x08008db8   0x08008db8   0x0000003c   Code   RO         5215    i.vPortExitCritical  port.o
    0x08008df4   0x08008df4   0x00000094   Code   RO         5163    i.vPortFree         heap_4.o
    0x08008e88   0x08008e88   0x00000028   Code   RO         5216    i.vPortSetupTimerInterrupt  port.o
    0x08008eb0   0x08008eb0   0x00000078   Code   RO         5217    i.vPortValidateInterruptPriority  port.o
    0x08008f28   0x08008f28   0x0000002c   Code   RO         3784    i.vQueueAddToRegistry  queue.o
    0x08008f54   0x08008f54   0x0000004a   Code   RO         3788    i.vQueueWaitForMessageRestricted  queue.o
    0x08008f9e   0x08008f9e   0x00000002   PAD
    0x08008fa0   0x08008fa0   0x0000005c   Code   RO         4196    i.vTaskDelay        tasks.o
    0x08008ffc   0x08008ffc   0x00000018   Code   RO         4202    i.vTaskInternalSetTimeOutState  tasks.o
    0x08009014   0x08009014   0x0000000c   Code   RO         4204    i.vTaskMissedYield  tasks.o
    0x08009020   0x08009020   0x00000038   Code   RO         4206    i.vTaskPlaceOnEventList  tasks.o
    0x08009058   0x08009058   0x00000040   Code   RO         4207    i.vTaskPlaceOnEventListRestricted  tasks.o
    0x08009098   0x08009098   0x0000006c   Code   RO         4208    i.vTaskPlaceOnUnorderedEventList  tasks.o
    0x08009104   0x08009104   0x000000d0   Code   RO         4209    i.vTaskPriorityDisinheritAfterTimeout  tasks.o
    0x080091d4   0x080091d4   0x000000a0   Code   RO         4211    i.vTaskRemoveFromUnorderedEventList  tasks.o
    0x08009274   0x08009274   0x000000bc   Code   RO         4215    i.vTaskStartScheduler  tasks.o
    0x08009330   0x08009330   0x00000010   Code   RO         4217    i.vTaskSuspendAll   tasks.o
    0x08009340   0x08009340   0x000000cc   Code   RO         4218    i.vTaskSwitchContext  tasks.o
    0x0800940c   0x0800940c   0x0000001e   Code   RO         3620    i.xEventGroupCreate  event_groups.o
    0x0800942a   0x0800942a   0x000000ce   Code   RO         3623    i.xEventGroupSetBits  event_groups.o
    0x080094f8   0x080094f8   0x00000158   Code   RO         3626    i.xEventGroupWaitBits  event_groups.o
    0x08009650   0x08009650   0x000000f8   Code   RO         5218    i.xPortStartScheduler  port.o
    0x08009748   0x08009748   0x00000022   Code   RO         3791    i.xQueueCreateMutex  queue.o
    0x0800976a   0x0800976a   0x0000005e   Code   RO         3793    i.xQueueGenericCreate  queue.o
    0x080097c8   0x080097c8   0x000000de   Code   RO         3794    i.xQueueGenericCreateStatic  queue.o
    0x080098a6   0x080098a6   0x00000002   PAD
    0x080098a8   0x080098a8   0x00000098   Code   RO         3795    i.xQueueGenericReset  queue.o
    0x08009940   0x08009940   0x000001a8   Code   RO         3796    i.xQueueGenericSend  queue.o
    0x08009ae8   0x08009ae8   0x000000f8   Code   RO         3797    i.xQueueGenericSendFromISR  queue.o
    0x08009be0   0x08009be0   0x00000168   Code   RO         3806    i.xQueueReceive     queue.o
    0x08009d48   0x08009d48   0x000001b8   Code   RO         3808    i.xQueueSemaphoreTake  queue.o
    0x08009f00   0x08009f00   0x0000008c   Code   RO         4219    i.xTaskCheckForTimeOut  tasks.o
    0x08009f8c   0x08009f8c   0x00000064   Code   RO         4220    i.xTaskCreate       tasks.o
    0x08009ff0   0x08009ff0   0x000000b8   Code   RO         4221    i.xTaskCreateStatic  tasks.o
    0x0800a0a8   0x0800a0a8   0x00000100   Code   RO         4222    i.xTaskGenericNotify  tasks.o
    0x0800a1a8   0x0800a1a8   0x00000020   Code   RO         4225    i.xTaskGetSchedulerState  tasks.o
    0x0800a1c8   0x0800a1c8   0x0000000c   Code   RO         4226    i.xTaskGetTickCount  tasks.o
    0x0800a1d4   0x0800a1d4   0x00000144   Code   RO         4228    i.xTaskIncrementTick  tasks.o
    0x0800a318   0x0800a318   0x000000a0   Code   RO         4230    i.xTaskNotifyWait   tasks.o
    0x0800a3b8   0x0800a3b8   0x000000a4   Code   RO         4231    i.xTaskPriorityDisinherit  tasks.o
    0x0800a45c   0x0800a45c   0x000000a4   Code   RO         4232    i.xTaskPriorityInherit  tasks.o
    0x0800a500   0x0800a500   0x00000098   Code   RO         4233    i.xTaskRemoveFromEventList  tasks.o
    0x0800a598   0x0800a598   0x00000104   Code   RO         4234    i.xTaskResumeAll    tasks.o
    0x0800a69c   0x0800a69c   0x00000078   Code   RO         4573    i.xTimerCreateTimerTask  timers.o
    0x0800a714   0x0800a714   0x00000084   Code   RO         4574    i.xTimerGenericCommand  timers.o
    0x0800a798   0x0800a798   0x00000024   Data   RO           29    .constdata          main.o
    0x0800a7bc   0x0800a7bc   0x00000012   Data   RO         1071    .constdata          stm32f1xx_hal_rcc.o
    0x0800a7ce   0x0800a7ce   0x00000012   Data   RO         1167    .constdata          stm32f1xx_hal_rcc_ex.o
    0x0800a7e0   0x0800a7e0   0x00000018   Data   RO         3571    .constdata          system_stm32f1xx.o
    0x0800a7f8   0x0800a7f8   0x00001092   Data   RO         6071    .constdata          oled_data.o
    0x0800b88a   0x0800b88a   0x00000040   Data   RO         6848    .constdata          mc_w.l(ctype_c.o)
    0x0800b8ca   0x0800b8ca   0x00000002   PAD
    0x0800b8cc   0x0800b8cc   0x0000000c   Data   RO           30    .conststring        main.o
    0x0800b8d8   0x0800b8d8   0x000001b3   Data   RO         5558    .conststring        esp01s.o
    0x0800ba8b   0x0800ba8b   0x00000001   PAD
    0x0800ba8c   0x0800ba8c   0x00000020   Data   RO         6850    Region$$Table       anon$$obj.o


    Execution Region RW_IRAM1 (Exec base: 0x20000000, Load base: 0x0800baac, Size: 0x00004258, Max: 0x00005000, ABSOLUTE)

    Exec Addr    Load Addr    Size         Type   Attr      Idx    E Section Name        Object

    0x20000000   0x0800baac   0x00000004   Data   RW           31    .data               main.o
    0x20000004   0x0800bab0   0x00000009   Data   RW          907    .data               stm32f1xx_hal.o
    0x2000000d   0x0800bab9   0x00000003   PAD
    0x20000010   0x0800babc   0x00000004   Data   RW         3572    .data               system_stm32f1xx.o
    0x20000014   0x0800bac0   0x00000044   Data   RW         4237    .data               tasks.o
    0x20000058   0x0800bb04   0x00000014   Data   RW         4582    .data               timers.o
    0x2000006c   0x0800bb18   0x00000004   Data   RW         4791    .data               cmsis_os2.o
    0x20000070   0x0800bb1c   0x00000018   Data   RW         5168    .data               heap_4.o
    0x20000088   0x0800bb34   0x0000000c   Data   RW         5219    .data               port.o
    0x20000094   0x0800bb40   0x00000004   Data   RW         5291    .data               ad.o
    0x20000098   0x0800bb44   0x0000000b   Data   RW         5433    .data               dht11.o
    0x200000a3   0x0800bb4f   0x00000005   Data   RW         5559    .data               esp01s.o
    0x200000a8   0x0800bb54   0x00000008   Data   RW         5713    .data               ir.o
    0x200000b0   0x0800bb5c   0x00000048   Data   RW         6199    .data               task_appinit.o
    0x200000f8   0x0800bba4   0x00000004   Data   RW         6806    .data               mc_w.l(stdout.o)
    0x200000fc        -       0x00000234   Zero   RW           28    .bss                main.o
    0x20000330        -       0x00000048   Zero   RW          534    .bss                stm32f1xx_hal_timebase_tim.o
    0x20000378        -       0x00000040   Zero   RW         3810    .bss                queue.o
    0x200003b8        -       0x000004c4   Zero   RW         4236    .bss                tasks.o
    0x2000087c        -       0x00000118   Zero   RW         4581    .bss                timers.o
    0x20000994        -       0x000006c0   Zero   RW         4790    .bss                cmsis_os2.o
    0x20001054        -       0x00002800   Zero   RW         5167    .bss                heap_4.o
    0x20003854        -       0x00000200   Zero   RW         5557    .bss                esp01s.o
    0x20003a54        -       0x00000400   Zero   RW         5867    .bss                oled.o
    0x20003e54   0x0800bba8   0x00000004   PAD
    0x20003e58        -       0x00000400   Zero   RW            1    STACK               startup_stm32f103xb.o


==============================================================================

Image component sizes


      Code (inc. data)   RO Data    RW Data    ZI Data      Debug   Object Name

        44         14          0          4          0       1510   ad.o
        64         10          0          0          0        577   battery.o
       198         12          0          0          0       3095   buzzer.o
       474         38          0          4       1728      15454   cmsis_os2.o
       104         10          0          0          0       1537   colorled.o
       482         34          0         11          0       5888   dht11.o
        96          4          0          0          0       1698   driver_timer.o
      2744       1252        435          5        512      14110   esp01s.o
       610          6          0          0          0      23643   event_groups.o
         8          0          0          0          0       1468   freertos.o
        16          0          0          0          0        553   gpio_irq.o
       692         62          0         24      10240       4887   heap_4.o
       552         48          0          8          0       2862   ir.o
        34          0          0          0          0        571   lightsensor.o
       148          0          0          0          0       3634   list.o
      1358        108         48          4        564     489418   main.o
       104         12          0          0          0       1014   motor.o
      1880         56          0          0       1024      13366   oled.o
         0          0       4242          0          0       1451   oled_data.o
       854         78          0         12          0      11349   port.o
      2530         26          0          0         64      19440   queue.o
        36          8        236          0       1024        836   startup_stm32f103xb.o
        76         20          0          9          0       4866   stm32f1xx_hal.o
      1428         56          0          0          0       8790   stm32f1xx_hal_adc.o
       284          6          0          0          0       1538   stm32f1xx_hal_adc_ex.o
       252         22          0          0          0      28894   stm32f1xx_hal_cortex.o
       566          8          0          0          0       4201   stm32f1xx_hal_dma.o
       856         38          0          0          0       4102   stm32f1xx_hal_gpio.o
       976         88          0          0          0       4882   stm32f1xx_hal_msp.o
      1816        108         18          0          0       6921   stm32f1xx_hal_rcc.o
       556         34         18          0          0       2485   stm32f1xx_hal_rcc_ex.o
      1968          6          0          0          0       7926   stm32f1xx_hal_spi.o
      2232         74          0          0          0      17229   stm32f1xx_hal_tim.o
       136         14          0          0          0       2577   stm32f1xx_hal_tim_ex.o
       180         22          0          0         72       1575   stm32f1xx_hal_timebase_tim.o
      2056          8          0          0          0      12640   stm32f1xx_hal_uart.o
        66         12          0          0          0       4342   stm32f1xx_it.o
         0          0          0          0          0       8824   stream_buffer.o
         2          0         24          4          0       1227   system_stm32f1xx.o
       864        288          0         72          0       3978   task_appinit.o
       172         18          0          0          0        766   task_buzzer.o
       180         14          0          0          0        756   task_colorled.o
        64         12          0          0          0        537   task_dht11.o
       552         70          0          0          0       1002   task_esp01s.o
       276         18          0          0          0        782   task_ir_rec.o
        64         14          0          0          0        555   task_lightsensor.o
       432         42          0          0          0        833   task_motor.o
      1876        276          0          0          0       2508   task_oled.o
       416         36          0          0          0        802   task_w25q64.o
      3982        450          0         68       1220      32131   tasks.o
      1238        124          0         20        280      27155   timers.o
       384         28          0          0          0       5703   w25q64.o

    ----------------------------------------------------------------------
     37034       3684       5054        248      16732     818888   Object Totals
         0          0         32          0          0          0   (incl. Generated)
        56          0          1          3          4          0   (incl. Padding)

    ----------------------------------------------------------------------

      Code (inc. data)   RO Data    RW Data    ZI Data      Debug   Library Member Name

        56          8          0          0          0         84   __0sscanf.o
        28          0          0          0          0         68   _chval.o
       812          4          0          0          0        112   _scanf.o
       332          0          0          0          0         96   _scanf_int.o
        64          0          0          0          0         84   _sgetc.o
        40          6         64          0          0         68   ctype_c.o
         0          0          0          0          0          0   entry.o
         0          0          0          0          0          0   entry10a.o
         0          0          0          0          0          0   entry11a.o
         8          4          0          0          0          0   entry2.o
         4          0          0          0          0          0   entry5.o
         0          0          0          0          0          0   entry7b.o
         0          0          0          0          0          0   entry8b.o
         8          4          0          0          0          0   entry9a.o
        30          0          0          0          0          0   handlers.o
        36          8          0          0          0         68   init.o
        10          0          0          0          0         68   isspace_c.o
         0          0          0          0          0          0   iusefp.o
        30          0          0          0          0         68   llshl.o
        36          0          0          0          0         68   llsshr.o
        32          0          0          0          0         68   llushr.o
        36          0          0          0          0         68   memcpya.o
        36          0          0          0          0        108   memseta.o
      2344        102          0          0          0        684   printfa.o
        40          8          0          0          0         84   scanf_char.o
         0          0          0          4          0          0   stdout.o
        28          0          0          0          0         76   strcmp.o
        14          0          0          0          0         68   strlen.o
        36          0          0          0          0         80   strstr.o
        44          0          0          0          0         80   uidiv.o
        98          0          0          0          0         92   uldiv.o
        48          0          0          0          0         68   cdcmple.o
        48          0          0          0          0         68   cdrcmple.o
        56          0          0          0          0         88   d2f.o
       334          0          0          0          0        148   dadd.o
       222          0          0          0          0        100   ddiv.o
       186          0          0          0          0        176   depilogue.o
        50          0          0          0          0         76   dfixui.o
        48          0          0          0          0         68   dfixul.o
        34          0          0          0          0         76   dflti.o
        26          0          0          0          0         76   dfltui.o
       228          0          0          0          0         96   dmul.o
        38          0          0          0          0         68   f2d.o
       110          0          0          0          0        168   fepilogue.o

    ----------------------------------------------------------------------
      5634        144         66          4          0       3468   Library Totals
         4          0          2          0          0          0   (incl. Padding)

    ----------------------------------------------------------------------

      Code (inc. data)   RO Data    RW Data    ZI Data      Debug   Library Name

      4202        144         64          4          0       2192   mc_w.l
      1428          0          0          0          0       1276   mf_w.l

    ----------------------------------------------------------------------
      5634        144         66          4          0       3468   Library Totals

    ----------------------------------------------------------------------

==============================================================================


      Code (inc. data)   RO Data    RW Data    ZI Data      Debug   

     42668       3828       5120        252      16732     804880   Grand Totals
     42668       3828       5120        252      16732     804880   ELF Image Totals
     42668       3828       5120        252          0          0   ROM Totals

==============================================================================

    Total RO  Size (Code + RO Data)                47788 (  46.67kB)
    Total RW  Size (RW Data + ZI Data)             16984 (  16.59kB)
    Total ROM Size (Code + RO Data + RW Data)      48040 (  46.91kB)

==============================================================================

